ds4: Metal device Apple M5 Max, 128.00 GiB RAM
ds4: Metal 4 tensor API enabled for Tensor kernels
ds4: drift-patch flags hc_stable=on norm_unify=on kv_raw_f32=off rope_exp2_log2=off math_safe=off tensor_matmul=on
ds4: Metal model views created in 1.936 ms, residency requested in 8204.073 ms, warmup 6.702 ms (mapped 82185.67 MiB from offset 5.09 MiB)
ds4: Metal mapped mmaped model as 1 overlapping shared buffers
ds4: metal backend initialized for graph diagnostics
ds4: memory: KV 0.37 GiB (raw 0.34 + compressed 0.03) + buffers 0.03 GiB + resident model 80.26 GiB = 80.66 GiB planned
ds4: memory detail: ctx=4096 prefill_cap=4096 raw_kv_rows=4096 compressed_kv_rows=1026 backend=metal
0906 11:58:08 ds4-server: context buffers 410.29 MiB (ctx=4096, backend=metal, prefill_chunk=4096, raw_kv_rows=4096, compressed_kv_rows=1026)
0906 11:58:08 ds4-server: listening on http://127.0.0.1:61144
0906 11:58:08 ds4-server: chat ctx=0..17:17 prompt start
0906 11:58:08 ds4-server: chat ctx=0..17:17 prompt done 0.312s
0906 11:58:08 ds4-server: chat ctx=0..17:17 greedy Metal chain start max=128
0906 11:58:09 ds4-server: chat ctx=17..67:50 gen=50 decoding chunk=49.12 t/s avg=49.12 t/s 1.018s
0906 11:58:10 ds4-server: chat ctx=67..117:50 gen=100 decoding chunk=48.20 t/s avg=48.65 t/s 2.055s
0906 11:58:11 ds4-server: chat ctx=117..145:28 gen=128 decoding chunk=46.45 t/s avg=48.15 t/s 2.658s
0906 11:58:11 ds4-server: chat ctx=0..17:17 gen=128 finish=length 2.971s
0906 11:58:11 ds4-server: live kv cache rewind-hit live=145 prompt=17 common=17 reused=16
0906 11:58:11 ds4-server: chat ctx=16..17:1 prompt start
0906 11:58:11 ds4-server: chat ctx=16..17:1 prompt done 0.021s
0906 11:58:11 ds4-server: chat ctx=16..17:1 greedy Metal chain start max=128
0906 11:58:12 ds4-server: chat ctx=17..67:50 gen=50 decoding chunk=49.34 t/s avg=49.34 t/s 1.013s
0906 11:58:13 ds4-server: chat ctx=67..117:50 gen=100 decoding chunk=47.85 t/s avg=48.59 t/s 2.058s
0906 11:58:14 ds4-server: chat ctx=117..145:28 gen=128 decoding chunk=46.35 t/s avg=48.08 t/s 2.662s
0906 11:58:14 ds4-server: chat ctx=16..17:1 gen=128 finish=length 2.684s
0906 11:58:14 ds4-server: live kv cache miss live=145 prompt=19 common=4 vision=match reason=token-mismatch
0906 11:58:14 ds4-server: chat ctx=0..19:19 prompt start
0906 11:58:14 ds4-server: chat ctx=0..19:19 prompt done 0.255s
0906 11:58:14 ds4-server: chat ctx=0..19:19 greedy Metal chain start max=128
0906 11:58:15 ds4-server: chat ctx=19..69:50 gen=50 decoding chunk=49.24 t/s avg=49.24 t/s 1.015s
0906 11:58:16 ds4-server: chat ctx=69..119:50 gen=100 decoding chunk=48.24 t/s avg=48.74 t/s 2.052s
0906 11:58:17 ds4-server: chat ctx=119..147:28 gen=128 decoding chunk=46.35 t/s avg=48.20 t/s 2.656s
0906 11:58:17 ds4-server: chat ctx=0..19:19 gen=128 finish=length 2.911s
0906 11:58:17 ds4-server: live kv cache miss live=147 prompt=24 common=2 vision=match reason=token-mismatch
0906 11:58:17 ds4-server: chat ctx=0..24:24 prompt start
0906 11:58:17 ds4-server: chat ctx=0..24:24 prompt done 0.270s
0906 11:58:17 ds4-server: chat ctx=0..24:24 greedy Metal chain start max=128
0906 11:58:18 ds4-server: chat ctx=24..74:50 gen=50 decoding chunk=49.12 t/s avg=49.12 t/s 1.018s
0906 11:58:19 ds4-server: chat ctx=74..124:50 gen=100 decoding chunk=48.31 t/s avg=48.71 t/s 2.053s
0906 11:58:20 ds4-server: chat ctx=124..152:28 gen=128 decoding chunk=46.19 t/s avg=48.13 t/s 2.659s
0906 11:58:20 ds4-server: chat ctx=0..24:24 gen=128 finish=length 2.930s
0906 11:58:20 ds4-server: live kv cache miss live=152 prompt=266 common=2 vision=match reason=token-mismatch
0906 11:58:20 ds4-server: chat ctx=0..266:266 prompt start
0906 11:58:20 ds4-server: chat ctx=0..266:266 prompt done 0.608s
0906 11:58:20 ds4-server: chat ctx=0..266:266 greedy Metal chain start max=256
0906 11:58:21 ds4-server: chat ctx=0..266:266 greedy Metal chain switching to prompt lookup after 23 tokens
0906 11:58:21 ds4-server: chat ctx=266..316:50 gen=50 decoding chunk=56.93 t/s avg=56.93 t/s 0.878s
0906 11:58:22 ds4-server: chat ctx=316..366:50 gen=100 decoding chunk=86.78 t/s avg=68.76 t/s 1.454s
0906 11:58:22 ds4-server: chat ctx=366..416:50 gen=150 decoding chunk=93.91 t/s avg=75.50 t/s 1.987s
0906 11:58:23 ds4-server: chat ctx=416..466:50 gen=200 decoding chunk=96.50 t/s avg=79.84 t/s 2.505s
0906 11:58:23 ds4-server: chat ctx=466..516:50 gen=250 decoding chunk=91.46 t/s avg=81.92 t/s 3.052s
0906 11:58:23 ds4-server: chat ctx=516..522:6 gen=256 decoding chunk=75.17 t/s avg=81.75 t/s 3.131s
0906 11:58:23 ds4-server: chat ctx=0..266:266 gen=256 finish=length 3.740s
0906 11:58:23 ds4-server: live kv cache miss live=522 prompt=421 common=2 vision=match reason=token-mismatch
0906 11:58:23 ds4-server: chat ctx=0..421:421 prompt start
0906 11:58:24 ds4-server: chat ctx=0..421:421 prompt done 0.784s
0906 11:58:24 ds4-server: chat ctx=0..421:421 greedy Metal chain start max=256
0906 11:58:25 ds4-server: chat ctx=0..421:421 greedy Metal chain switching to prompt lookup after 32 tokens
0906 11:58:25 ds4-server: chat ctx=421..471:50 gen=50 decoding chunk=42.28 t/s avg=42.28 t/s 1.183s
0906 11:58:26 ds4-server: chat ctx=471..521:50 gen=100 decoding chunk=69.33 t/s avg=52.53 t/s 1.904s
0906 11:58:27 ds4-server: chat ctx=521..571:50 gen=150 decoding chunk=84.46 t/s avg=60.10 t/s 2.496s
0906 11:58:27 ds4-server: chat ctx=571..599:28 gen=178 decoding chunk=109.01 t/s avg=64.67 t/s 2.753s
0906 11:58:27 ds4-server: chat ctx=0..421:421 gen=178 finish=stop 3.536s
0906 11:58:27 ds4-server: live kv cache miss live=599 prompt=17 common=2 vision=match reason=token-mismatch
0906 11:58:27 ds4-server: chat ctx=0..17:17 prompt start
0906 11:58:27 ds4-server: chat ctx=0..17:17 prompt done 0.232s
0906 11:58:28 ds4-server: chat ctx=17..44:27 gen=27 decoding chunk=46.82 t/s avg=46.82 t/s 0.577s
0906 11:58:28 ds4-server: chat ctx=0..17:17 gen=27 finish=stop 0.808s
0906 11:58:28 ds4-server: shutdown requested, draining requests
ds4: prompt-lookup summary: attempts=31 no_match=0 first_miss=0 verify_passes=31 drafted=327 committed=316 accept=96.6% tokens/pass=10.19 scan=0.02 ms total gate_skips=8 gate_partials=1 gate_ambiguous=0 parity_replays=0
