ds4: Metal device Apple M5 Max, 128.00 GiB RAM
ds4: Metal 4 tensor API enabled for Tensor kernels
ds4: drift-patch flags hc_stable=on norm_unify=on kv_raw_f32=off rope_exp2_log2=off math_safe=off tensor_matmul=on
ds4: Metal model views created in 3.183 ms, residency requested in 411.004 ms, warmup 3.819 ms (mapped 82185.67 MiB from offset 5.09 MiB)
ds4: Metal mapped mmaped model as 1 overlapping shared buffers
ds4: metal backend initialized for graph diagnostics
ds4: memory: KV 0.37 GiB (raw 0.34 + compressed 0.03) + buffers 0.03 GiB + resident model 80.26 GiB = 80.66 GiB planned
ds4: memory detail: ctx=4096 prefill_cap=4096 raw_kv_rows=4096 compressed_kv_rows=1026 backend=metal
0906 11:58:49 ds4-server: context buffers 410.29 MiB (ctx=4096, backend=metal, prefill_chunk=4096, raw_kv_rows=4096, compressed_kv_rows=1026)
0906 11:58:49 ds4-server: listening on http://127.0.0.1:61200
0906 11:58:50 ds4-server: chat ctx=0..17:17 prompt start
0906 11:58:50 ds4-server: chat ctx=0..17:17 prompt done 0.309s
0906 11:58:50 ds4-server: chat ctx=0..17:17 greedy Metal chain start max=128
0906 11:58:51 ds4-server: chat ctx=17..67:50 gen=50 decoding chunk=49.01 t/s avg=49.01 t/s 1.020s
0906 11:58:52 ds4-server: chat ctx=67..117:50 gen=100 decoding chunk=48.05 t/s avg=48.52 t/s 2.061s
0906 11:58:52 ds4-server: chat ctx=117..145:28 gen=128 decoding chunk=46.34 t/s avg=48.03 t/s 2.665s
0906 11:58:52 ds4-server: chat ctx=0..17:17 gen=128 finish=length 2.974s
0906 11:58:52 ds4-server: live kv cache rewind-hit live=145 prompt=17 common=17 reused=16
0906 11:58:52 ds4-server: chat ctx=16..17:1 prompt start
0906 11:58:53 ds4-server: chat ctx=16..17:1 prompt done 0.021s
0906 11:58:53 ds4-server: chat ctx=16..17:1 greedy Metal chain start max=128
0906 11:58:54 ds4-server: chat ctx=17..67:50 gen=50 decoding chunk=48.91 t/s avg=48.91 t/s 1.022s
0906 11:58:55 ds4-server: chat ctx=67..117:50 gen=100 decoding chunk=48.14 t/s avg=48.53 t/s 2.061s
0906 11:58:55 ds4-server: chat ctx=117..145:28 gen=128 decoding chunk=46.08 t/s avg=47.97 t/s 2.668s
0906 11:58:55 ds4-server: chat ctx=16..17:1 gen=128 finish=length 2.689s
0906 11:58:55 ds4-server: live kv cache miss live=145 prompt=19 common=4 vision=match reason=token-mismatch
0906 11:58:55 ds4-server: chat ctx=0..19:19 prompt start
0906 11:58:55 ds4-server: chat ctx=0..19:19 prompt done 0.254s
0906 11:58:55 ds4-server: chat ctx=0..19:19 greedy Metal chain start max=128
0906 11:58:56 ds4-server: chat ctx=19..69:50 gen=50 decoding chunk=48.09 t/s avg=48.09 t/s 1.040s
0906 11:58:58 ds4-server: chat ctx=69..119:50 gen=100 decoding chunk=45.68 t/s avg=46.86 t/s 2.134s
0906 11:58:58 ds4-server: chat ctx=119..147:28 gen=128 decoding chunk=44.10 t/s avg=46.22 t/s 2.769s
0906 11:58:58 ds4-server: chat ctx=0..19:19 gen=128 finish=length 3.023s
0906 11:58:58 ds4-server: live kv cache miss live=147 prompt=24 common=2 vision=match reason=token-mismatch
0906 11:58:58 ds4-server: chat ctx=0..24:24 prompt start
0906 11:58:59 ds4-server: chat ctx=0..24:24 prompt done 0.296s
0906 11:58:59 ds4-server: chat ctx=0..24:24 greedy Metal chain start max=128
0906 11:59:00 ds4-server: chat ctx=24..74:50 gen=50 decoding chunk=45.63 t/s avg=45.63 t/s 1.096s
0906 11:59:01 ds4-server: chat ctx=74..124:50 gen=100 decoding chunk=45.35 t/s avg=45.49 t/s 2.198s
0906 11:59:01 ds4-server: chat ctx=124..152:28 gen=128 decoding chunk=44.19 t/s avg=45.20 t/s 2.832s
0906 11:59:01 ds4-server: chat ctx=0..24:24 gen=128 finish=length 3.128s
0906 11:59:01 ds4-server: live kv cache miss live=152 prompt=266 common=2 vision=match reason=token-mismatch
0906 11:59:01 ds4-server: chat ctx=0..266:266 prompt start
0906 11:59:02 ds4-server: chat ctx=0..266:266 prompt done 0.704s
0906 11:59:02 ds4-server: chat ctx=0..266:266 greedy Metal chain start max=256
0906 11:59:03 ds4-server: chat ctx=0..266:266 greedy Metal chain switching to prompt lookup after 23 tokens
0906 11:59:03 ds4-server: chat ctx=266..316:50 gen=50 decoding chunk=53.22 t/s avg=53.22 t/s 0.939s
0906 11:59:04 ds4-server: chat ctx=316..366:50 gen=100 decoding chunk=88.77 t/s avg=66.54 t/s 1.503s
0906 11:59:04 ds4-server: chat ctx=366..416:50 gen=150 decoding chunk=102.52 t/s avg=75.36 t/s 1.990s
0906 11:59:05 ds4-server: chat ctx=416..466:50 gen=200 decoding chunk=101.18 t/s avg=80.50 t/s 2.485s
0906 11:59:05 ds4-server: chat ctx=466..516:50 gen=250 decoding chunk=91.96 t/s avg=82.55 t/s 3.028s
0906 11:59:05 ds4-server: chat ctx=516..522:6 gen=256 decoding chunk=74.37 t/s avg=82.34 t/s 3.109s
0906 11:59:05 ds4-server: chat ctx=0..266:266 gen=256 finish=length 3.814s
0906 11:59:05 ds4-server: live kv cache miss live=522 prompt=421 common=2 vision=match reason=token-mismatch
0906 11:59:05 ds4-server: chat ctx=0..421:421 prompt start
0906 11:59:06 ds4-server: chat ctx=0..421:421 prompt done 0.941s
0906 11:59:06 ds4-server: chat ctx=0..421:421 greedy Metal chain start max=256
0906 11:59:07 ds4-server: chat ctx=0..421:421 greedy Metal chain switching to prompt lookup after 32 tokens
0906 11:59:07 ds4-server: chat ctx=421..471:50 gen=50 decoding chunk=39.82 t/s avg=39.82 t/s 1.256s
0906 11:59:08 ds4-server: chat ctx=471..521:50 gen=100 decoding chunk=67.08 t/s avg=49.97 t/s 2.001s
0906 11:59:09 ds4-server: chat ctx=521..571:50 gen=150 decoding chunk=82.95 t/s avg=57.61 t/s 2.604s
0906 11:59:09 ds4-server: chat ctx=571..599:28 gen=178 decoding chunk=109.39 t/s avg=62.24 t/s 2.860s
0906 11:59:09 ds4-server: chat ctx=0..421:421 gen=178 finish=stop 3.801s
0906 11:59:09 ds4-server: live kv cache miss live=599 prompt=17 common=2 vision=match reason=token-mismatch
0906 11:59:09 ds4-server: chat ctx=0..17:17 prompt start
0906 11:59:09 ds4-server: chat ctx=0..17:17 prompt done 0.228s
0906 11:59:10 ds4-server: chat ctx=17..44:27 gen=27 decoding chunk=46.11 t/s avg=46.11 t/s 0.586s
0906 11:59:10 ds4-server: chat ctx=0..17:17 gen=27 finish=stop 0.813s
0906 11:59:10 ds4-server: shutdown requested, draining requests
ds4: prompt-lookup summary: attempts=31 no_match=0 first_miss=0 verify_passes=31 drafted=327 committed=316 accept=96.6% tokens/pass=10.19 scan=0.02 ms total gate_skips=8 gate_partials=1 gate_ambiguous=0 parity_replays=0
