ds4: Metal device Apple M5 Max, 128.00 GiB RAM
ds4: Metal 4 tensor API enabled for Tensor kernels
ds4: drift-patch flags hc_stable=on norm_unify=on kv_raw_f32=off rope_exp2_log2=off math_safe=off tensor_matmul=on
ds4: Metal model views created in 2.838 ms, residency requested in 400.635 ms, warmup 3.813 ms (mapped 82185.67 MiB from offset 5.09 MiB)
ds4: Metal mapped mmaped model as 1 overlapping shared buffers
ds4: metal backend initialized for graph diagnostics
ds4: memory: KV 0.37 GiB (raw 0.34 + compressed 0.03) + buffers 0.03 GiB + resident model 80.26 GiB = 80.66 GiB planned
ds4: memory detail: ctx=4096 prefill_cap=4096 raw_kv_rows=4096 compressed_kv_rows=1026 backend=metal
0906 11:58:28 ds4-server: context buffers 410.29 MiB (ctx=4096, backend=metal, prefill_chunk=4096, raw_kv_rows=4096, compressed_kv_rows=1026)
0906 11:58:28 ds4-server: listening on http://127.0.0.1:61179
0906 11:58:29 ds4-server: chat ctx=0..17:17 prompt start
0906 11:58:29 ds4-server: chat ctx=0..17:17 prompt done 0.307s
0906 11:58:29 ds4-server: chat ctx=0..17:17 greedy Metal chain start max=128
0906 11:58:30 ds4-server: chat ctx=17..67:50 gen=50 decoding chunk=48.79 t/s avg=48.79 t/s 1.025s
0906 11:58:31 ds4-server: chat ctx=67..117:50 gen=100 decoding chunk=47.60 t/s avg=48.19 t/s 2.075s
0906 11:58:32 ds4-server: chat ctx=117..145:28 gen=128 decoding chunk=46.31 t/s avg=47.76 t/s 2.680s
0906 11:58:32 ds4-server: chat ctx=0..17:17 gen=128 finish=length 2.987s
0906 11:58:32 ds4-server: live kv cache rewind-hit live=145 prompt=17 common=17 reused=16
0906 11:58:32 ds4-server: chat ctx=16..17:1 prompt start
0906 11:58:32 ds4-server: chat ctx=16..17:1 prompt done 0.021s
0906 11:58:32 ds4-server: chat ctx=16..17:1 greedy Metal chain start max=128
0906 11:58:33 ds4-server: chat ctx=17..67:50 gen=50 decoding chunk=49.01 t/s avg=49.01 t/s 1.020s
0906 11:58:34 ds4-server: chat ctx=67..117:50 gen=100 decoding chunk=48.16 t/s avg=48.58 t/s 2.058s
0906 11:58:35 ds4-server: chat ctx=117..145:28 gen=128 decoding chunk=46.12 t/s avg=48.02 t/s 2.665s
0906 11:58:35 ds4-server: chat ctx=16..17:1 gen=128 finish=length 2.686s
0906 11:58:35 ds4-server: live kv cache miss live=145 prompt=19 common=4 vision=match reason=token-mismatch
0906 11:58:35 ds4-server: chat ctx=0..19:19 prompt start
0906 11:58:35 ds4-server: chat ctx=0..19:19 prompt done 0.256s
0906 11:58:35 ds4-server: chat ctx=0..19:19 greedy Metal chain start max=128
0906 11:58:36 ds4-server: chat ctx=19..69:50 gen=50 decoding chunk=48.89 t/s avg=48.89 t/s 1.023s
0906 11:58:37 ds4-server: chat ctx=69..119:50 gen=100 decoding chunk=47.76 t/s avg=48.32 t/s 2.070s
0906 11:58:37 ds4-server: chat ctx=119..147:28 gen=128 decoding chunk=46.39 t/s avg=47.89 t/s 2.673s
0906 11:58:37 ds4-server: chat ctx=0..19:19 gen=128 finish=length 2.930s
0906 11:58:37 ds4-server: live kv cache miss live=147 prompt=24 common=2 vision=match reason=token-mismatch
0906 11:58:37 ds4-server: chat ctx=0..24:24 prompt start
0906 11:58:38 ds4-server: chat ctx=0..24:24 prompt done 0.266s
0906 11:58:38 ds4-server: chat ctx=0..24:24 greedy Metal chain start max=128
0906 11:58:39 ds4-server: chat ctx=24..74:50 gen=50 decoding chunk=49.04 t/s avg=49.04 t/s 1.020s
0906 11:58:40 ds4-server: chat ctx=74..124:50 gen=100 decoding chunk=48.06 t/s avg=48.54 t/s 2.060s
0906 11:58:40 ds4-server: chat ctx=124..152:28 gen=128 decoding chunk=46.31 t/s avg=48.04 t/s 2.665s
0906 11:58:40 ds4-server: chat ctx=0..24:24 gen=128 finish=length 2.931s
0906 11:58:40 ds4-server: live kv cache miss live=152 prompt=266 common=2 vision=match reason=token-mismatch
0906 11:58:40 ds4-server: chat ctx=0..266:266 prompt start
0906 11:58:41 ds4-server: chat ctx=0..266:266 prompt done 0.615s
0906 11:58:41 ds4-server: chat ctx=0..266:266 greedy Metal chain start max=256
0906 11:58:42 ds4-server: chat ctx=0..266:266 greedy Metal chain switching to prompt lookup after 23 tokens
0906 11:58:42 ds4-server: chat ctx=266..316:50 gen=50 decoding chunk=56.76 t/s avg=56.76 t/s 0.881s
0906 11:58:42 ds4-server: chat ctx=316..366:50 gen=100 decoding chunk=91.59 t/s avg=70.09 t/s 1.427s
0906 11:58:43 ds4-server: chat ctx=366..416:50 gen=150 decoding chunk=109.28 t/s avg=79.60 t/s 1.884s
0906 11:58:43 ds4-server: chat ctx=416..466:50 gen=200 decoding chunk=109.34 t/s avg=85.41 t/s 2.342s
0906 11:58:44 ds4-server: chat ctx=466..516:50 gen=250 decoding chunk=99.38 t/s avg=87.88 t/s 2.845s
0906 11:58:44 ds4-server: chat ctx=516..522:6 gen=256 decoding chunk=82.21 t/s avg=87.74 t/s 2.918s
0906 11:58:44 ds4-server: chat ctx=0..266:266 gen=256 finish=length 3.533s
0906 11:58:44 ds4-server: live kv cache miss live=522 prompt=421 common=2 vision=match reason=token-mismatch
0906 11:58:44 ds4-server: chat ctx=0..421:421 prompt start
0906 11:58:45 ds4-server: chat ctx=0..421:421 prompt done 0.809s
0906 11:58:45 ds4-server: chat ctx=0..421:421 greedy Metal chain start max=256
0906 11:58:45 ds4-server: chat ctx=0..421:421 greedy Metal chain switching to prompt lookup after 32 tokens
0906 11:58:46 ds4-server: chat ctx=421..471:50 gen=50 decoding chunk=41.94 t/s avg=41.94 t/s 1.192s
0906 11:58:47 ds4-server: chat ctx=471..521:50 gen=100 decoding chunk=68.81 t/s avg=52.11 t/s 1.919s
0906 11:58:47 ds4-server: chat ctx=521..571:50 gen=150 decoding chunk=83.71 t/s avg=59.61 t/s 2.516s
0906 11:58:48 ds4-server: chat ctx=571..599:28 gen=178 decoding chunk=113.67 t/s avg=64.43 t/s 2.762s
0906 11:58:48 ds4-server: chat ctx=0..421:421 gen=178 finish=stop 3.572s
0906 11:58:48 ds4-server: live kv cache miss live=599 prompt=17 common=2 vision=match reason=token-mismatch
0906 11:58:48 ds4-server: chat ctx=0..17:17 prompt start
0906 11:58:48 ds4-server: chat ctx=0..17:17 prompt done 0.226s
0906 11:58:48 ds4-server: chat ctx=17..44:27 gen=27 decoding chunk=46.02 t/s avg=46.02 t/s 0.587s
0906 11:58:48 ds4-server: chat ctx=0..17:17 gen=27 finish=stop 0.813s
0906 11:58:48 ds4-server: shutdown requested, draining requests
ds4: prompt-lookup summary: attempts=31 no_match=0 first_miss=0 verify_passes=31 drafted=327 committed=316 accept=96.6% tokens/pass=10.19 scan=0.03 ms total gate_skips=8 gate_partials=1 gate_ambiguous=0 parity_replays=0
