ds4: Metal device Apple M5 Max, 128.00 GiB RAM
ds4: Metal 4 tensor API enabled for Tensor kernels
ds4: drift-patch flags hc_stable=on norm_unify=on kv_raw_f32=off rope_exp2_log2=off math_safe=off tensor_matmul=on
ds4: Metal model views created in 3.171 ms, residency requested in 408.069 ms, warmup 3.397 ms (mapped 82185.67 MiB from offset 5.09 MiB)
ds4: Metal mapped mmaped model as 1 overlapping shared buffers
ds4: metal backend initialized for graph diagnostics
ds4: memory: KV 0.37 GiB (raw 0.34 + compressed 0.03) + buffers 0.03 GiB + resident model 80.26 GiB = 80.66 GiB planned
ds4: memory detail: ctx=4096 prefill_cap=4096 raw_kv_rows=4096 compressed_kv_rows=1026 backend=metal
0906 11:59:11 ds4-server: context buffers 410.29 MiB (ctx=4096, backend=metal, prefill_chunk=4096, raw_kv_rows=4096, compressed_kv_rows=1026)
0906 11:59:11 ds4-server: listening on http://127.0.0.1:61220
0906 11:59:11 ds4-server: chat ctx=0..17:17 prompt start
0906 11:59:11 ds4-server: chat ctx=0..17:17 prompt done 0.307s
0906 11:59:11 ds4-server: chat ctx=0..17:17 greedy Metal chain start max=128
0906 11:59:12 ds4-server: chat ctx=17..67:50 gen=50 decoding chunk=49.31 t/s avg=49.31 t/s 1.014s
0906 11:59:13 ds4-server: chat ctx=67..117:50 gen=100 decoding chunk=47.62 t/s avg=48.45 t/s 2.064s
0906 11:59:14 ds4-server: chat ctx=117..145:28 gen=128 decoding chunk=46.50 t/s avg=48.01 t/s 2.666s
0906 11:59:14 ds4-server: chat ctx=0..17:17 gen=128 finish=length 2.973s
0906 11:59:14 ds4-server: live kv cache rewind-hit live=145 prompt=17 common=17 reused=16
0906 11:59:14 ds4-server: chat ctx=16..17:1 prompt start
0906 11:59:14 ds4-server: chat ctx=16..17:1 prompt done 0.021s
0906 11:59:14 ds4-server: chat ctx=16..17:1 greedy Metal chain start max=128
0906 11:59:15 ds4-server: chat ctx=17..67:50 gen=50 decoding chunk=49.25 t/s avg=49.25 t/s 1.015s
0906 11:59:16 ds4-server: chat ctx=67..117:50 gen=100 decoding chunk=48.03 t/s avg=48.63 t/s 2.056s
0906 11:59:17 ds4-server: chat ctx=117..145:28 gen=128 decoding chunk=46.29 t/s avg=48.10 t/s 2.661s
0906 11:59:17 ds4-server: chat ctx=16..17:1 gen=128 finish=length 2.682s
0906 11:59:17 ds4-server: live kv cache miss live=145 prompt=19 common=4 vision=match reason=token-mismatch
0906 11:59:17 ds4-server: chat ctx=0..19:19 prompt start
0906 11:59:17 ds4-server: chat ctx=0..19:19 prompt done 0.257s
0906 11:59:17 ds4-server: chat ctx=0..19:19 greedy Metal chain start max=128
0906 11:59:18 ds4-server: chat ctx=19..69:50 gen=50 decoding chunk=48.94 t/s avg=48.94 t/s 1.022s
0906 11:59:19 ds4-server: chat ctx=69..119:50 gen=100 decoding chunk=47.46 t/s avg=48.19 t/s 2.075s
0906 11:59:20 ds4-server: chat ctx=119..147:28 gen=128 decoding chunk=44.77 t/s avg=47.40 t/s 2.701s
0906 11:59:20 ds4-server: chat ctx=0..19:19 gen=128 finish=length 2.958s
0906 11:59:20 ds4-server: live kv cache miss live=147 prompt=24 common=2 vision=match reason=token-mismatch
0906 11:59:20 ds4-server: chat ctx=0..24:24 prompt start
0906 11:59:20 ds4-server: chat ctx=0..24:24 prompt done 0.276s
0906 11:59:20 ds4-server: chat ctx=0..24:24 greedy Metal chain start max=128
0906 11:59:21 ds4-server: chat ctx=24..74:50 gen=50 decoding chunk=47.41 t/s avg=47.41 t/s 1.055s
0906 11:59:22 ds4-server: chat ctx=74..124:50 gen=100 decoding chunk=46.57 t/s avg=46.99 t/s 2.128s
0906 11:59:23 ds4-server: chat ctx=124..152:28 gen=128 decoding chunk=44.41 t/s avg=46.40 t/s 2.759s
0906 11:59:23 ds4-server: chat ctx=0..24:24 gen=128 finish=length 3.035s
0906 11:59:23 ds4-server: live kv cache miss live=152 prompt=266 common=2 vision=match reason=token-mismatch
0906 11:59:23 ds4-server: chat ctx=0..266:266 prompt start
0906 11:59:23 ds4-server: chat ctx=0..266:266 prompt done 0.683s
0906 11:59:23 ds4-server: chat ctx=0..266:266 greedy Metal chain start max=256
0906 11:59:24 ds4-server: chat ctx=0..266:266 greedy Metal chain switching to prompt lookup after 23 tokens
0906 11:59:24 ds4-server: chat ctx=266..316:50 gen=50 decoding chunk=53.66 t/s avg=53.66 t/s 0.932s
0906 11:59:25 ds4-server: chat ctx=316..366:50 gen=100 decoding chunk=88.91 t/s avg=66.92 t/s 1.494s
0906 11:59:25 ds4-server: chat ctx=366..416:50 gen=150 decoding chunk=103.90 t/s avg=75.93 t/s 1.975s
0906 11:59:26 ds4-server: chat ctx=416..466:50 gen=200 decoding chunk=102.51 t/s avg=81.19 t/s 2.463s
0906 11:59:26 ds4-server: chat ctx=466..516:50 gen=250 decoding chunk=92.53 t/s avg=83.23 t/s 3.004s
0906 11:59:26 ds4-server: chat ctx=516..522:6 gen=256 decoding chunk=78.34 t/s avg=83.11 t/s 3.080s
0906 11:59:26 ds4-server: chat ctx=0..266:266 gen=256 finish=length 3.763s
0906 11:59:26 ds4-server: live kv cache miss live=522 prompt=421 common=2 vision=match reason=token-mismatch
0906 11:59:26 ds4-server: chat ctx=0..421:421 prompt start
0906 11:59:27 ds4-server: chat ctx=0..421:421 prompt done 0.944s
0906 11:59:27 ds4-server: chat ctx=0..421:421 greedy Metal chain start max=256
0906 11:59:28 ds4-server: chat ctx=0..421:421 greedy Metal chain switching to prompt lookup after 32 tokens
0906 11:59:29 ds4-server: chat ctx=421..471:50 gen=50 decoding chunk=40.28 t/s avg=40.28 t/s 1.241s
0906 11:59:29 ds4-server: chat ctx=471..521:50 gen=100 decoding chunk=65.87 t/s avg=49.99 t/s 2.000s
0906 11:59:30 ds4-server: chat ctx=521..571:50 gen=150 decoding chunk=82.95 t/s avg=57.62 t/s 2.603s
0906 11:59:30 ds4-server: chat ctx=571..599:28 gen=178 decoding chunk=111.97 t/s avg=62.38 t/s 2.853s
0906 11:59:30 ds4-server: chat ctx=0..421:421 gen=178 finish=stop 3.798s
0906 11:59:30 ds4-server: live kv cache miss live=599 prompt=17 common=2 vision=match reason=token-mismatch
0906 11:59:30 ds4-server: chat ctx=0..17:17 prompt start
0906 11:59:30 ds4-server: chat ctx=0..17:17 prompt done 0.231s
0906 11:59:31 ds4-server: chat ctx=17..44:27 gen=27 decoding chunk=45.49 t/s avg=45.49 t/s 0.594s
0906 11:59:31 ds4-server: chat ctx=0..17:17 gen=27 finish=stop 0.825s
0906 11:59:31 ds4-server: shutdown requested, draining requests
ds4: prompt-lookup summary: attempts=31 no_match=0 first_miss=0 verify_passes=31 drafted=327 committed=316 accept=96.6% tokens/pass=10.19 scan=0.03 ms total gate_skips=8 gate_partials=1 gate_ambiguous=0 parity_replays=0
