ds4: Metal device Apple M5 Max, 128.00 GiB RAM
ds4: Metal 4 tensor API enabled for Tensor kernels
ds4: drift-patch flags hc_stable=on norm_unify=on kv_raw_f32=off rope_exp2_log2=off math_safe=off tensor_matmul=on
ds4: Metal model views created in 2.445 ms, residency requested in 448.356 ms, warmup 4.032 ms (mapped 82185.67 MiB from offset 5.09 MiB)
ds4: Metal mapped mmaped model as 1 overlapping shared buffers
ds4: metal backend initialized for graph diagnostics
ds4: memory: KV 0.37 GiB (raw 0.34 + compressed 0.03) + buffers 0.03 GiB + resident model 80.26 GiB = 80.66 GiB planned
ds4: memory detail: ctx=4096 prefill_cap=4096 raw_kv_rows=4096 compressed_kv_rows=1026 backend=metal
0906 12:20:57 ds4-server: context buffers 410.29 MiB (ctx=4096, backend=metal, prefill_chunk=4096, raw_kv_rows=4096, compressed_kv_rows=1026)
0906 12:20:57 ds4-server: listening on http://127.0.0.1:61714
0906 12:20:57 ds4-server: chat ctx=0..17:17 prompt start
0906 12:20:58 ds4-server: chat ctx=0..17:17 prompt done 0.308s
0906 12:20:58 ds4-server: chat ctx=0..17:17 greedy Metal chain start max=128
0906 12:20:59 ds4-server: chat ctx=17..67:50 gen=50 decoding chunk=48.60 t/s avg=48.60 t/s 1.029s
0906 12:21:00 ds4-server: chat ctx=67..117:50 gen=100 decoding chunk=46.33 t/s avg=47.44 t/s 2.108s
0906 12:21:00 ds4-server: chat ctx=117..145:28 gen=128 decoding chunk=44.56 t/s avg=46.78 t/s 2.736s
0906 12:21:00 ds4-server: chat ctx=0..17:17 gen=128 finish=length 3.044s
0906 12:21:00 ds4-server: live kv cache rewind-hit live=145 prompt=17 common=17 reused=16
0906 12:21:00 ds4-server: chat ctx=16..17:1 prompt start
0906 12:21:00 ds4-server: chat ctx=16..17:1 prompt done 0.024s
0906 12:21:00 ds4-server: chat ctx=16..17:1 greedy Metal chain start max=128
0906 12:21:02 ds4-server: chat ctx=17..67:50 gen=50 decoding chunk=46.63 t/s avg=46.63 t/s 1.072s
0906 12:21:03 ds4-server: chat ctx=67..117:50 gen=100 decoding chunk=46.28 t/s avg=46.45 t/s 2.153s
0906 12:21:03 ds4-server: chat ctx=117..145:28 gen=128 decoding chunk=44.81 t/s avg=46.08 t/s 2.778s
0906 12:21:03 ds4-server: chat ctx=16..17:1 gen=128 finish=length 2.802s
0906 12:21:03 ds4-server: live kv cache miss live=145 prompt=19 common=4 vision=match reason=token-mismatch
0906 12:21:03 ds4-server: chat ctx=0..19:19 prompt start
0906 12:21:03 ds4-server: chat ctx=0..19:19 prompt done 0.278s
0906 12:21:03 ds4-server: chat ctx=0..19:19 greedy Metal chain start max=128
0906 12:21:05 ds4-server: chat ctx=19..69:50 gen=50 decoding chunk=47.36 t/s avg=47.36 t/s 1.056s
0906 12:21:06 ds4-server: chat ctx=69..119:50 gen=100 decoding chunk=46.24 t/s avg=46.80 t/s 2.137s
0906 12:21:06 ds4-server: chat ctx=119..147:28 gen=128 decoding chunk=44.40 t/s avg=46.25 t/s 2.768s
0906 12:21:06 ds4-server: chat ctx=0..19:19 gen=128 finish=length 3.045s
0906 12:21:06 ds4-server: live kv cache miss live=147 prompt=24 common=2 vision=match reason=token-mismatch
0906 12:21:06 ds4-server: chat ctx=0..24:24 prompt start
0906 12:21:07 ds4-server: chat ctx=0..24:24 prompt done 0.294s
0906 12:21:07 ds4-server: chat ctx=0..24:24 greedy Metal chain start max=128
0906 12:21:08 ds4-server: chat ctx=24..74:50 gen=50 decoding chunk=47.10 t/s avg=47.10 t/s 1.062s
0906 12:21:09 ds4-server: chat ctx=74..124:50 gen=100 decoding chunk=46.17 t/s avg=46.63 t/s 2.144s
0906 12:21:09 ds4-server: chat ctx=124..152:28 gen=128 decoding chunk=44.41 t/s avg=46.13 t/s 2.775s
0906 12:21:09 ds4-server: chat ctx=0..24:24 gen=128 finish=length 3.069s
0906 12:21:09 ds4-server: live kv cache miss live=152 prompt=266 common=2 vision=match reason=token-mismatch
0906 12:21:09 ds4-server: chat ctx=0..266:266 prompt start
0906 12:21:10 ds4-server: chat ctx=0..266:266 prompt done 0.730s
0906 12:21:10 ds4-server: chat ctx=0..266:266 greedy Metal chain start max=256
0906 12:21:11 ds4-server: chat ctx=0..266:266 greedy Metal chain switching to prompt lookup after 23 tokens
0906 12:21:11 ds4-server: chat ctx=266..316:50 gen=50 decoding chunk=52.94 t/s avg=52.94 t/s 0.944s
0906 12:21:12 ds4-server: chat ctx=316..366:50 gen=100 decoding chunk=82.15 t/s avg=64.39 t/s 1.553s
0906 12:21:12 ds4-server: chat ctx=366..416:50 gen=150 decoding chunk=93.20 t/s avg=71.78 t/s 2.090s
0906 12:21:13 ds4-server: chat ctx=416..466:50 gen=200 decoding chunk=92.78 t/s avg=76.09 t/s 2.629s
0906 12:21:13 ds4-server: chat ctx=466..516:50 gen=250 decoding chunk=86.54 t/s avg=77.97 t/s 3.206s
0906 12:21:13 ds4-server: chat ctx=516..522:6 gen=256 decoding chunk=68.24 t/s avg=77.71 t/s 3.294s
0906 12:21:13 ds4-server: chat ctx=0..266:266 gen=256 finish=length 4.025s
0906 12:21:13 ds4-server: live kv cache miss live=522 prompt=421 common=2 vision=match reason=token-mismatch
0906 12:21:13 ds4-server: chat ctx=0..421:421 prompt start
0906 12:21:14 ds4-server: chat ctx=0..421:421 prompt done 0.911s
0906 12:21:14 ds4-server: chat ctx=0..421:421 greedy Metal chain start max=256
0906 12:21:15 ds4-server: chat ctx=0..421:421 greedy Metal chain switching to prompt lookup after 32 tokens
0906 12:21:16 ds4-server: chat ctx=421..471:50 gen=50 decoding chunk=39.96 t/s avg=39.96 t/s 1.251s
0906 12:21:16 ds4-server: chat ctx=471..521:50 gen=100 decoding chunk=65.62 t/s avg=49.67 t/s 2.013s
0906 12:21:17 ds4-server: chat ctx=521..571:50 gen=150 decoding chunk=75.88 t/s avg=56.13 t/s 2.672s
0906 12:21:17 ds4-server: chat ctx=571..599:28 gen=178 decoding chunk=99.85 t/s avg=60.29 t/s 2.953s
0906 12:21:17 ds4-server: chat ctx=0..421:421 gen=178 finish=stop 3.864s
0906 12:21:17 ds4-server: live kv cache miss live=599 prompt=17 common=2 vision=match reason=token-mismatch
0906 12:21:17 ds4-server: chat ctx=0..17:17 prompt start
0906 12:21:17 ds4-server: chat ctx=0..17:17 prompt done 0.246s
0906 12:21:18 ds4-server: chat ctx=17..44:27 gen=27 decoding chunk=45.74 t/s avg=45.74 t/s 0.590s
0906 12:21:18 ds4-server: chat ctx=0..17:17 gen=27 finish=stop 0.836s
0906 12:21:18 ds4-server: shutdown requested, draining requests
ds4: prompt-lookup summary: attempts=31 no_match=0 first_miss=0 verify_passes=31 drafted=327 committed=316 accept=96.6% tokens/pass=10.19 scan=0.02 ms total gate_skips=8 gate_partials=1 gate_ambiguous=0 parity_replays=0
