ds4: Metal device Apple M5 Max, 128.00 GiB RAM
ds4: Metal 4 tensor API enabled for Tensor kernels
ds4: drift-patch flags hc_stable=on norm_unify=on kv_raw_f32=off rope_exp2_log2=off math_safe=off tensor_matmul=on
ds4: Metal model views created in 2.525 ms, residency requested in 477.460 ms, warmup 3.649 ms (mapped 82185.67 MiB from offset 5.09 MiB)
ds4: Metal mapped mmaped model as 1 overlapping shared buffers
ds4: metal backend initialized for graph diagnostics
ds4: memory: KV 0.37 GiB (raw 0.34 + compressed 0.03) + buffers 0.03 GiB + resident model 80.26 GiB = 80.66 GiB planned
ds4: memory detail: ctx=4096 prefill_cap=4096 raw_kv_rows=4096 compressed_kv_rows=1026 backend=metal
0906 12:21:19 ds4-server: context buffers 410.29 MiB (ctx=4096, backend=metal, prefill_chunk=4096, raw_kv_rows=4096, compressed_kv_rows=1026)
0906 12:21:19 ds4-server: listening on http://127.0.0.1:61731
0906 12:21:20 ds4-server: chat ctx=0..17:17 prompt start
0906 12:21:20 ds4-server: chat ctx=0..17:17 prompt done 0.308s
0906 12:21:20 ds4-server: chat ctx=0..17:17 greedy Metal chain start max=128
0906 12:21:21 ds4-server: chat ctx=17..67:50 gen=50 decoding chunk=48.73 t/s avg=48.73 t/s 1.026s
0906 12:21:22 ds4-server: chat ctx=67..117:50 gen=100 decoding chunk=47.35 t/s avg=48.03 t/s 2.082s
0906 12:21:23 ds4-server: chat ctx=117..145:28 gen=128 decoding chunk=45.96 t/s avg=47.56 t/s 2.691s
0906 12:21:23 ds4-server: chat ctx=0..17:17 gen=128 finish=length 2.999s
0906 12:21:23 ds4-server: live kv cache rewind-hit live=145 prompt=17 common=17 reused=17
0906 12:21:23 ds4-server: chat ctx=17..17:0 prompt start
0906 12:21:23 ds4-server: chat ctx=17..17:0 prompt done 0.000s
0906 12:21:23 ds4-server: chat ctx=17..17:0 greedy Metal chain start max=128
0906 12:21:24 ds4-server: chat ctx=17..67:50 gen=50 decoding chunk=48.56 t/s avg=48.56 t/s 1.030s
0906 12:21:25 ds4-server: chat ctx=67..117:50 gen=100 decoding chunk=47.08 t/s avg=47.81 t/s 2.091s
0906 12:21:26 ds4-server: chat ctx=117..145:28 gen=128 decoding chunk=43.48 t/s avg=46.79 t/s 2.735s
0906 12:21:26 ds4-server: chat ctx=17..17:0 gen=128 finish=length 2.736s
0906 12:21:26 ds4-server: live kv cache miss live=145 prompt=19 common=4 vision=match reason=token-mismatch
0906 12:21:26 ds4-server: chat ctx=0..19:19 prompt start
0906 12:21:26 ds4-server: chat ctx=0..19:19 prompt done 0.299s
0906 12:21:26 ds4-server: chat ctx=0..19:19 greedy Metal chain start max=128
0906 12:21:27 ds4-server: chat ctx=19..69:50 gen=50 decoding chunk=44.93 t/s avg=44.93 t/s 1.113s
0906 12:21:28 ds4-server: chat ctx=69..119:50 gen=100 decoding chunk=43.86 t/s avg=44.39 t/s 2.253s
0906 12:21:29 ds4-server: chat ctx=119..147:28 gen=128 decoding chunk=42.45 t/s avg=43.95 t/s 2.912s
0906 12:21:29 ds4-server: chat ctx=0..19:19 gen=128 finish=length 3.212s
0906 12:21:29 ds4-server: live kv cache miss live=147 prompt=24 common=2 vision=match reason=token-mismatch
0906 12:21:29 ds4-server: chat ctx=0..24:24 prompt start
0906 12:21:29 ds4-server: chat ctx=0..24:24 prompt done 0.318s
0906 12:21:29 ds4-server: chat ctx=0..24:24 greedy Metal chain start max=128
0906 12:21:30 ds4-server: chat ctx=24..74:50 gen=50 decoding chunk=45.91 t/s avg=45.91 t/s 1.089s
0906 12:21:31 ds4-server: chat ctx=74..124:50 gen=100 decoding chunk=44.86 t/s avg=45.38 t/s 2.204s
0906 12:21:32 ds4-server: chat ctx=124..152:28 gen=128 decoding chunk=43.58 t/s avg=44.97 t/s 2.846s
0906 12:21:32 ds4-server: chat ctx=0..24:24 gen=128 finish=length 3.165s
0906 12:21:32 ds4-server: live kv cache miss live=152 prompt=266 common=2 vision=match reason=token-mismatch
0906 12:21:32 ds4-server: chat ctx=0..266:266 prompt start
0906 12:21:33 ds4-server: chat ctx=0..266:266 prompt done 0.733s
0906 12:21:33 ds4-server: chat ctx=0..266:266 greedy Metal chain start max=256
0906 12:21:33 ds4-server: chat ctx=0..266:266 greedy Metal chain switching to prompt lookup after 23 tokens
0906 12:21:34 ds4-server: chat ctx=266..316:50 gen=50 decoding chunk=52.06 t/s avg=52.06 t/s 0.960s
0906 12:21:34 ds4-server: chat ctx=316..366:50 gen=100 decoding chunk=80.51 t/s avg=63.23 t/s 1.581s
0906 12:21:35 ds4-server: chat ctx=366..416:50 gen=150 decoding chunk=90.89 t/s avg=70.37 t/s 2.132s
0906 12:21:35 ds4-server: chat ctx=416..466:50 gen=200 decoding chunk=93.10 t/s avg=74.95 t/s 2.669s
0906 12:21:36 ds4-server: chat ctx=466..516:50 gen=250 decoding chunk=88.51 t/s avg=77.31 t/s 3.234s
0906 12:21:36 ds4-server: chat ctx=516..522:6 gen=256 decoding chunk=72.04 t/s avg=77.18 t/s 3.317s
0906 12:21:36 ds4-server: chat ctx=0..266:266 gen=256 finish=length 4.050s
0906 12:21:36 ds4-server: live kv cache miss live=522 prompt=421 common=2 vision=match reason=token-mismatch
0906 12:21:36 ds4-server: chat ctx=0..421:421 prompt start
0906 12:21:37 ds4-server: chat ctx=0..421:421 prompt done 0.867s
0906 12:21:37 ds4-server: chat ctx=0..421:421 greedy Metal chain start max=256
0906 12:21:38 ds4-server: chat ctx=0..421:421 greedy Metal chain switching to prompt lookup after 32 tokens
0906 12:21:38 ds4-server: chat ctx=421..471:50 gen=50 decoding chunk=41.19 t/s avg=41.19 t/s 1.214s
0906 12:21:39 ds4-server: chat ctx=471..521:50 gen=100 decoding chunk=66.10 t/s avg=50.76 t/s 1.970s
0906 12:21:40 ds4-server: chat ctx=521..571:50 gen=150 decoding chunk=76.31 t/s avg=57.13 t/s 2.625s
0906 12:21:40 ds4-server: chat ctx=571..599:28 gen=178 decoding chunk=102.51 t/s avg=61.41 t/s 2.899s
0906 12:21:40 ds4-server: chat ctx=0..421:421 gen=178 finish=stop 3.765s
0906 12:21:40 ds4-server: live kv cache miss live=599 prompt=17 common=2 vision=match reason=token-mismatch
0906 12:21:40 ds4-server: chat ctx=0..17:17 prompt start
0906 12:21:40 ds4-server: chat ctx=0..17:17 prompt done 0.245s
0906 12:21:41 ds4-server: chat ctx=17..44:27 gen=27 decoding chunk=45.31 t/s avg=45.31 t/s 0.596s
0906 12:21:41 ds4-server: chat ctx=0..17:17 gen=27 finish=stop 0.841s
0906 12:21:41 ds4-server: shutdown requested, draining requests
ds4: prompt-lookup summary: attempts=31 no_match=0 first_miss=0 verify_passes=31 drafted=327 committed=316 accept=96.6% tokens/pass=10.19 scan=0.05 ms total gate_skips=8 gate_partials=1 gate_ambiguous=0 parity_replays=0
