ds4: Metal device Apple M5 Max, 128.00 GiB RAM
ds4: Metal 4 tensor API enabled for Tensor kernels
ds4: drift-patch flags hc_stable=on norm_unify=on kv_raw_f32=off rope_exp2_log2=off math_safe=off tensor_matmul=on
ds4: Metal SSD streaming mode enabled; full model residency and warmup are skipped
ds4: metal SSD streaming cache target 8.00 GiB; effective 8.00 GiB = 3.38 GiB prefill headroom + 4.62 GiB dynamic cache (701 experts, 6.75 MiB each)
ds4: SSD streaming initial metal model map restricted to token embedding (1 spans, 0.99 GiB tensor span)
ds4: metal backend initialized for graph diagnostics
ds4: memory: KV 0.37 GiB (raw 0.34 + compressed 0.03) + buffers 0.03 GiB + resident model 2.81 GiB + expert cache 4.62 GiB + prefill expert reserve 3.38 GiB = 11.21 GiB planned
ds4: memory detail: ctx=4096 prefill_cap=4096 raw_kv_rows=4096 compressed_kv_rows=1026 backend=metal
ds4-bench: context buffers 410.29 MiB (ctx=4096, backend=metal, prefill_chunk=4096, raw_kv_rows=4096, compressed_kv_rows=1026)
ds4: Metal memory at cleanup: runtime 0.00 GiB + streaming experts 4.62 GiB = 4.62 GiB tracked live
ds4:   runtime tensors live 0.00 MiB peak 4731.52 MiB
ds4:   macOS task memory footprint 5.18 GiB, resident 4.72 GiB, virtual 425.32 GiB
ds4:   mmap model wrapper spans 223 buffers 88.42 GiB total, 1.69 GiB max (not copied)
ds4:   streaming expert cache budget=701 experts entries=701 expert=6.75 MiB target=4.62 GiB live=4.62 GiB, hits=45455 misses=87342 hit_rate=0.342 wraps=262026 evictions=86641 buffer_allocs=2 buffer_reuses=86641 evict_dontneed=0.00 GiB miss_willneed=0.00 GiB miss_pread=571.12 GiB pread_ms=9546.024
ds4:   streaming expert buffer mlock locked=4.62 GiB failed=0.00 GiB failures=0 time=101.488 ms
ds4:   streaming expert timing total selected_calls=22016 read_avg=0.000 ms sync_avg=0.000 ms copy_avg=0.000 ms bind_avg=0.143 ms read_total=0.000 ms sync_total=0.000 ms copy_total=0.000 ms bind_total=3143.690 ms split_layers=13825 resident_experts_avg=1.94 missing_experts_avg=4.06 resident_submit_avg=0.041 ms missing_bind_avg=0.389 ms resident_submit_total=569.807 ms missing_bind_total=5372.617 ms missing_load_avg=0.337 ms missing_slot_avg=0.000 ms missing_prune_avg=0.000 ms missing_addr_avg=0.000 ms missing_wait_avg=0.051 ms missing_wait_total=703.785 ms load_calls=21696 load_prepare_avg=0.183 ms load_pread_avg=0.440 ms load_modify_avg=0.000 ms load_install_avg=0.004 ms prepare_batch_reuse_calls=20459 prepare_batch_reuse_avg=0.074 ms prepare_batch_reuse_total=1513.625 ms prepare_buffer_calls=1938 prepare_buffer_avg=0.086 ms prepare_buffer_total=166.152 ms prepare_task_experts=87342 prepare_task_avg=0.000 ms prepare_task_total=2.652 ms reuse_scan_calls=21696 reuse_scan_entries_avg=30720.0 reuse_scan_avg=0.070 ms reuse_scan_total=1529.565 ms reuse_clear_total=44.866 ms readahead_calls=259923 readahead_avg=0.009 ms readahead_total=2349.718 ms readahead_gib=571.12 cache_all_resident=320 cache_all_missing=3986 cache_mixed=17710 cache_resident_avg=2.06 cache_missing_avg=3.94
ds4:   streaming expert timing delta selected_calls=22016 read_avg=0.000 ms sync_avg=0.000 ms copy_avg=0.000 ms bind_avg=0.143 ms read_total=0.000 ms sync_total=0.000 ms copy_total=0.000 ms bind_total=3143.690 ms split_layers=13825 resident_experts_avg=1.94 missing_experts_avg=4.06 resident_submit_avg=0.041 ms missing_bind_avg=0.389 ms resident_submit_total=569.807 ms missing_bind_total=5372.617 ms missing_load_avg=0.337 ms missing_slot_avg=0.000 ms missing_prune_avg=0.000 ms missing_addr_avg=0.000 ms missing_wait_avg=0.051 ms missing_wait_total=703.785 ms load_calls=21696 load_prepare_avg=0.183 ms load_pread_avg=0.440 ms load_modify_avg=0.000 ms load_install_avg=0.004 ms prepare_batch_reuse_calls=20459 prepare_batch_reuse_avg=0.074 ms prepare_batch_reuse_total=1513.625 ms prepare_buffer_calls=1938 prepare_buffer_avg=0.086 ms prepare_buffer_total=166.152 ms prepare_task_experts=87342 prepare_task_avg=0.000 ms prepare_task_total=2.652 ms reuse_scan_calls=21696 reuse_scan_entries_avg=30720.0 reuse_scan_avg=0.070 ms reuse_scan_total=1529.565 ms reuse_clear_total=44.866 ms readahead_calls=259923 readahead_avg=0.009 ms readahead_total=2349.718 ms readahead_gib=571.12 cache_all_resident=320 cache_all_missing=3986 cache_mixed=17710 cache_resident_avg=2.06 cache_missing_avg=3.94
ds4:   model residency requests 0 (ssd-streaming)
ds4:   device Apple M5 Max, Metal 4 runtime yes, family yes, MTL4 queue yes, tensor API enabled, M5 neural accelerators likely
ds4:   accelerated Metal path enabled
ds4:   device Apple M5 Max, Metal 4 runtime yes, family yes, MTL4 queue yes, tensor API enabled, M5 neural accelerators likely
ds4:   scratch 81.73 MiB (flash mask 0.02, pad 0.38, tmp 4.02, blk 0.01, ring 0.00, kv 2.50, compressor 64.75, router 2.01, indexer 0.05, moe 2.01, f16 2.00, raw-store 4.00)
