ds4: Metal device Apple M5 Max, 128.00 GiB RAM
ds4: Metal 4 tensor API enabled for Tensor kernels
ds4: drift-patch flags hc_stable=on norm_unify=on kv_raw_f32=off rope_exp2_log2=off math_safe=off tensor_matmul=on
ds4: Metal model views created in 2.141 ms, residency requested in 8568.500 ms, warmup 3.212 ms (mapped 82185.67 MiB from offset 5.09 MiB)
ds4: Metal mapped mmaped model as 1 overlapping shared buffers
ds4: metal backend initialized for graph diagnostics
ds4: memory: KV 0.37 GiB (raw 0.34 + compressed 0.03) + buffers 0.03 GiB + resident model 80.26 GiB = 80.66 GiB planned
ds4: memory detail: ctx=4096 prefill_cap=4096 raw_kv_rows=4096 compressed_kv_rows=1026 backend=metal
0905 21:39:38 ds4-server: context buffers 410.29 MiB (ctx=4096, backend=metal, prefill_chunk=4096, raw_kv_rows=4096, compressed_kv_rows=1026)
0905 21:39:38 ds4-server: listening on http://127.0.0.1:62826
0905 21:39:38 ds4-server: chat ctx=0..22:22 prompt start
0905 21:39:39 ds4-server: chat ctx=0..22:22 prompt done 0.371s
0905 21:39:39 ds4-server: chat ctx=0..22:22 greedy Metal chain start max=128
0905 21:39:40 ds4-server: chat ctx=22..72:50 gen=50 decoding chunk=49.81 t/s avg=49.81 t/s 1.004s
0905 21:39:41 ds4-server: chat ctx=72..122:50 gen=100 decoding chunk=48.32 t/s avg=49.05 t/s 2.039s
0905 21:39:41 ds4-server: chat ctx=122..150:28 gen=128 decoding chunk=47.47 t/s avg=48.70 t/s 2.629s
0905 21:39:41 ds4-server: chat ctx=0..22:22 gen=128 finish=length 3.000s
0905 21:39:41 ds4-server: live kv cache miss live=150 prompt=22 common=22 vision=match reason=token-mismatch
0905 21:39:41 ds4-server: chat ctx=0..22:22 prompt start
0905 21:39:42 ds4-server: chat ctx=0..22:22 prompt done 0.278s
0905 21:39:42 ds4-server: chat ctx=0..22:22 greedy Metal chain start max=128
0905 21:39:43 ds4-server: chat ctx=22..72:50 gen=50 decoding chunk=50.01 t/s avg=50.01 t/s 1.000s
0905 21:39:44 ds4-server: chat ctx=72..122:50 gen=100 decoding chunk=48.05 t/s avg=49.01 t/s 2.040s
0905 21:39:44 ds4-server: chat ctx=122..150:28 gen=128 decoding chunk=45.91 t/s avg=48.30 t/s 2.650s
0905 21:39:44 ds4-server: chat ctx=0..22:22 gen=128 finish=length 2.929s
0905 21:39:44 ds4-server: live kv cache miss live=150 prompt=19 common=4 vision=match reason=token-mismatch
0905 21:39:44 ds4-server: chat ctx=0..19:19 prompt start
0905 21:39:45 ds4-server: chat ctx=0..19:19 prompt done 0.281s
0905 21:39:46 ds4-server: chat ctx=19..69:50 gen=50 decoding chunk=47.13 t/s avg=47.13 t/s 1.061s
0905 21:39:47 ds4-server: chat ctx=69..119:50 gen=100 decoding chunk=46.69 t/s avg=46.91 t/s 2.132s
0905 21:39:47 ds4-server: chat ctx=119..147:28 gen=128 decoding chunk=47.09 t/s avg=46.95 t/s 2.726s
0905 21:39:47 ds4-server: chat ctx=0..19:19 gen=128 finish=length 3.007s
0905 21:39:47 ds4-server: live kv cache miss live=147 prompt=24 common=2 vision=match reason=token-mismatch
0905 21:39:47 ds4-server: chat ctx=0..24:24 prompt start
0905 21:39:48 ds4-server: chat ctx=0..24:24 prompt done 0.290s
0905 21:39:48 ds4-server: chat ctx=0..24:24 greedy Metal chain start max=128
0905 21:39:49 ds4-server: chat ctx=24..74:50 gen=50 decoding chunk=49.69 t/s avg=49.69 t/s 1.006s
0905 21:39:50 ds4-server: chat ctx=74..124:50 gen=100 decoding chunk=49.28 t/s avg=49.49 t/s 2.021s
0905 21:39:50 ds4-server: chat ctx=124..152:28 gen=128 decoding chunk=47.31 t/s avg=48.99 t/s 2.613s
0905 21:39:50 ds4-server: chat ctx=0..24:24 gen=128 finish=length 2.902s
0905 21:39:50 ds4-server: shutdown requested, draining requests
