cc -O3 -ffast-math -g -mcpu=native -Wall -Wextra -std=c99 -c -o ds4_cli.o ds4_cli.c
cc -O3 -ffast-math -g -mcpu=native -Wall -Wextra -std=c99 -c -o ds4_help.o ds4_help.c
cc -O3 -ffast-math -g -mcpu=native -Wall -Wextra -std=c99 -c -o ds4_prompt_prefix.o ds4_prompt_prefix.c
cc -O3 -ffast-math -g -mcpu=native -Wall -Wextra -std=c99 -c -o linenoise.o linenoise.c
cc -O3 -ffast-math -g -mcpu=native -Wall -Wextra -std=c99 -c -o ds4_gpu_args.o ds4_gpu_args.c
cc -O3 -ffast-math -g -mcpu=native -Wall -Wextra -std=c99 -c -o ds4.o ds4.c
cc -O3 -ffast-math -g -mcpu=native -Wall -Wextra -std=c99 -c -o ds4_image.o ds4_image.c
ds4.c:19031:20: warning: unused variable 'n_head' [-Wunused-variable]
 19031 |     const uint32_t n_head = 24;
       |                    ^~~~~~
cc -O3 -ffast-math -g -mcpu=native -Wall -Wextra -std=c99 -c -o ds4_distributed.o ds4_distributed.c
cc -O3 -ffast-math -g -mcpu=native -Wall -Wextra -std=c99 -c -o ds4_tp.o ds4_tp.c
In file included from ds4.c:47064:
./ds4_dflash2.inc:815:11: warning: unused variable 'succ' [-Wunused-variable]
  815 |     float succ[256];
      |           ^~~~
ds4.c:50138:13: warning: variable 'n_generated' set but not used [-Wunused-but-set-variable]
 50138 |         int n_generated = 0;
       |             ^
ds4.c:4447:13: warning: unused function 'deepseek41_engram_inject_reference' [-Wunused-function]
 4447 | static void deepseek41_engram_inject_reference(
      |             ^~~~~~~~~~~~~~~~~~~~~~~~~~~~~~~~~~
ds4.c:4560:13: warning: unused function 'ds4_vec_dot_q4_64a_q8_K' [-Wunused-function]
 4560 | static void ds4_vec_dot_q4_64a_q8_K(int n, float *s, const block_q4_64a *x, const block_q8_K *y) {
      |             ^~~~~~~~~~~~~~~~~~~~~~~
ds4.c:5194:13: warning: unused function 'tensor_type_is_q4_64a' [-Wunused-function]
 5194 | static bool tensor_type_is_q4_64a(uint32_t type) {
      |             ^~~~~~~~~~~~~~~~~~~~~
ds4.c:5198:13: warning: unused function 'tensor_type_is_q2_64a' [-Wunused-function]
 5198 | static bool tensor_type_is_q2_64a(uint32_t type) {
      |             ^~~~~~~~~~~~~~~~~~~~~
ds4.c:18736:24: warning: unused variable 'g_qwen_global_mu' [-Wunused-variable]
 18736 | static pthread_mutex_t g_qwen_global_mu = PTHREAD_MUTEX_INITIALIZER;
       |                        ^~~~~~~~~~~~~~~~
ds4.c:19824:12: warning: unused function 'qwen_hybrid_metal_forward_token' [-Wunused-function]
 19824 | static int qwen_hybrid_metal_forward_token(
       |            ^~~~~~~~~~~~~~~~~~~~~~~~~~~~~~~
ds4.c:19845:12: warning: unused function 'qwen_hybrid_snap_gdn' [-Wunused-function]
 19845 | static int qwen_hybrid_snap_gdn(void) {
       |            ^~~~~~~~~~~~~~~~~~~~
ds4.c:19853:12: warning: unused function 'qwen_hybrid_restore_gdn_snap' [-Wunused-function]
 19853 | static int qwen_hybrid_restore_gdn_snap(void) {
       |            ^~~~~~~~~~~~~~~~~~~~~~~~~~~~
ds4.c:20257:13: warning: unused function 'qwen_metal_prefill' [-Wunused-function]
 20257 | static void qwen_metal_prefill(float *logits, const ds4_model *model, const ds4_weights *weights, const token_vec *prompt) {
       |             ^~~~~~~~~~~~~~~~~~
ds4.c:20619:12: warning: unused function 'qwen_metal_forward_token_with_hidden' [-Wunused-function]
 20619 | static int qwen_metal_forward_token_with_hidden(float *logits_out, float *hidden_out, const ds4_model *model, const ds4_weights *weights, int token, uint32_t pos) {
       |            ^~~~~~~~~~~~~~~~~~~~~~~~~~~~~~~~~~~~
In file included from ds4.c:47064:
./ds4_dflash2.inc:735:13: warning: unused function 'dflash2_topk16' [-Wunused-function]
  735 | static void dflash2_topk16(const float *logits, uint32_t n_vocab, uint32_t k, int *idx, float *val) {
      |             ^~~~~~~~~~~~~~
cc -O3 -ffast-math -g -mcpu=native -Wall -Wextra -std=c99 -c -o ds4_ssd.o ds4_ssd.c
cc -O3 -ffast-math -g -mcpu=native -Wall -Wextra -fobjc-arc -c -o ds4_metal.o ds4_metal.m
cc -O3 -ffast-math -g -mcpu=native -Wall -Wextra -std=c99   -c -o ds4_layer_pack.o ds4_layer_pack.c
ds4_metal.m:19561:44: warning: unused variable 'q4_classic_pipe2' [-Wunused-variable]
 19561 |         static id<MTLComputePipelineState> q4_classic_pipe2;
       |                                            ^~~~~~~~~~~~~~~~
cc -O3 -ffast-math -g -mcpu=native -Wall -Wextra -std=c99 -c -o ds4_server.o ds4_server.c
cc -O3 -ffast-math -g -mcpu=native -Wall -Wextra -std=c99 -c -o ds4_kvstore.o ds4_kvstore.c
cc -O3 -ffast-math -g -mcpu=native -Wall -Wextra -std=c99 -c -o rax.o rax.c
cc -O3 -ffast-math -g -mcpu=native -Wall -Wextra -std=c99 -c -o ds4_bench.o ds4_bench.c
cc -O3 -ffast-math -g -mcpu=native -Wall -Wextra -std=c99 -c -o ds4_eval.o ds4_eval.c
cc -O3 -ffast-math -g -mcpu=native -Wall -Wextra -std=c99 -c -o ds4_agent.o ds4_agent.c
cc -O3 -ffast-math -g -mcpu=native -Wall -Wextra -std=c99 -c -o ds4_web.o ds4_web.c
1 warning generated.
14 warnings generated.
cc -O3 -ffast-math -g -mcpu=native -Wall -Wextra -std=c99 -o ds4 ds4_cli.o ds4_help.o ds4_prompt_prefix.o linenoise.o ds4_gpu_args.o ds4.o ds4_image.o ds4_distributed.o ds4_tp.o ds4_ssd.o ds4_metal.o ds4_layer_pack.o -lm -pthread -framework Foundation -framework Metal
cc -O3 -ffast-math -g -mcpu=native -Wall -Wextra -std=c99 -o ds4-server ds4_server.o ds4_help.o ds4_kvstore.o rax.o ds4_gpu_args.o ds4.o ds4_image.o ds4_distributed.o ds4_tp.o ds4_ssd.o ds4_metal.o ds4_layer_pack.o -lm -pthread -framework Foundation -framework Metal
cc -O3 -ffast-math -g -mcpu=native -Wall -Wextra -std=c99 -o ds4-bench ds4_bench.o ds4_help.o ds4_gpu_args.o ds4.o ds4_image.o ds4_distributed.o ds4_tp.o ds4_ssd.o ds4_metal.o ds4_layer_pack.o -lm -pthread -framework Foundation -framework Metal
cc -O3 -ffast-math -g -mcpu=native -Wall -Wextra -std=c99 -o ds4-eval ds4_eval.o ds4_help.o ds4.o ds4_image.o ds4_distributed.o ds4_tp.o ds4_ssd.o ds4_metal.o ds4_layer_pack.o -lm -pthread -framework Foundation -framework Metal
cc -O3 -ffast-math -g -mcpu=native -Wall -Wextra -std=c99 -o ds4-agent ds4_agent.o ds4_help.o ds4_prompt_prefix.o ds4_web.o ds4_kvstore.o linenoise.o ds4_gpu_args.o ds4.o ds4_image.o ds4_distributed.o ds4_tp.o ds4_ssd.o ds4_metal.o ds4_layer_pack.o -lm -pthread -framework Foundation -framework Metal
cc -O3 -ffast-math -g -mcpu=native -Wall -Wextra -std=c99 -fno-finite-math-only -I. -o tests/test_qwen_mtp_port tests/test_qwen_mtp_port.c ds4_image.o ds4_distributed.o ds4_tp.o ds4_ssd.o ds4_metal.o ds4_layer_pack.o -lm -pthread -framework Foundation -framework Metal
cc -O3 -ffast-math -g -mcpu=native -Wall -Wextra -std=c99 -I. -c -o tests/test_qwen4_kernels.o tests/test_qwen4_kernels.c
In file included from tests/test_qwen_mtp_port.c:2:
In file included from tests/test_ds4_hot_rewind.c:1:
tests/../ds4.c:19031:20: warning: unused variable 'n_head' [-Wunused-variable]
 19031 |     const uint32_t n_head = 24;
       |                    ^~~~~~
In file included from tests/test_qwen_mtp_port.c:2:
In file included from tests/test_ds4_hot_rewind.c:1:
In file included from tests/../ds4.c:47064:
tests/../ds4_dflash2.inc:815:11: warning: unused variable 'succ' [-Wunused-variable]
  815 |     float succ[256];
      |           ^~~~
In file included from tests/test_qwen_mtp_port.c:2:
In file included from tests/test_ds4_hot_rewind.c:1:
tests/../ds4.c:50138:13: warning: variable 'n_generated' set but not used [-Wunused-but-set-variable]
 50138 |         int n_generated = 0;
       |             ^
tests/../ds4.c:4447:13: warning: unused function 'deepseek41_engram_inject_reference' [-Wunused-function]
 4447 | static void deepseek41_engram_inject_reference(
      |             ^~~~~~~~~~~~~~~~~~~~~~~~~~~~~~~~~~
tests/../ds4.c:4560:13: warning: unused function 'ds4_vec_dot_q4_64a_q8_K' [-Wunused-function]
 4560 | static void ds4_vec_dot_q4_64a_q8_K(int n, float *s, const block_q4_64a *x, const block_q8_K *y) {
      |             ^~~~~~~~~~~~~~~~~~~~~~~
tests/../ds4.c:5194:13: warning: unused function 'tensor_type_is_q4_64a' [-Wunused-function]
 5194 | static bool tensor_type_is_q4_64a(uint32_t type) {
      |             ^~~~~~~~~~~~~~~~~~~~~
tests/../ds4.c:5198:13: warning: unused function 'tensor_type_is_q2_64a' [-Wunused-function]
 5198 | static bool tensor_type_is_q2_64a(uint32_t type) {
      |             ^~~~~~~~~~~~~~~~~~~~~
tests/../ds4.c:19824:12: warning: unused function 'qwen_hybrid_metal_forward_token' [-Wunused-function]
 19824 | static int qwen_hybrid_metal_forward_token(
       |            ^~~~~~~~~~~~~~~~~~~~~~~~~~~~~~~
tests/../ds4.c:19845:12: warning: unused function 'qwen_hybrid_snap_gdn' [-Wunused-function]
 19845 | static int qwen_hybrid_snap_gdn(void) {
       |            ^~~~~~~~~~~~~~~~~~~~
tests/../ds4.c:19853:12: warning: unused function 'qwen_hybrid_restore_gdn_snap' [-Wunused-function]
 19853 | static int qwen_hybrid_restore_gdn_snap(void) {
       |            ^~~~~~~~~~~~~~~~~~~~~~~~~~~~
tests/../ds4.c:20257:13: warning: unused function 'qwen_metal_prefill' [-Wunused-function]
 20257 | static void qwen_metal_prefill(float *logits, const ds4_model *model, const ds4_weights *weights, const token_vec *prompt) {
       |             ^~~~~~~~~~~~~~~~~~
tests/../ds4.c:20619:12: warning: unused function 'qwen_metal_forward_token_with_hidden' [-Wunused-function]
 20619 | static int qwen_metal_forward_token_with_hidden(float *logits_out, float *hidden_out, const ds4_model *model, const ds4_weights *weights, int token, uint32_t pos) {
       |            ^~~~~~~~~~~~~~~~~~~~~~~~~~~~~~~~~~~~
In file included from tests/test_qwen_mtp_port.c:2:
In file included from tests/test_ds4_hot_rewind.c:1:
In file included from tests/../ds4.c:47064:
tests/../ds4_dflash2.inc:735:13: warning: unused function 'dflash2_topk16' [-Wunused-function]
  735 | static void dflash2_topk16(const float *logits, uint32_t n_vocab, uint32_t k, int *idx, float *val) {
      |             ^~~~~~~~~~~~~~
cc -O3 -ffast-math -g -mcpu=native -Wall -Wextra -std=c99 -o tests/test_qwen4_kernels tests/test_qwen4_kernels.o ds4_metal.o ds4_image.o -lm -pthread -framework Foundation -framework Metal
13 warnings generated.
