ds4: Metal device Apple M5 Max, 128.00 GiB RAM
ds4: Metal 4 tensor API enabled for Tensor kernels
ds4: drift-patch flags hc_stable=on norm_unify=on kv_raw_f32=off rope_exp2_log2=off math_safe=off tensor_matmul=on
ds4: Metal model views created in 1.813 ms, residency requested in 387.862 ms, warmup 3.728 ms (mapped 82185.67 MiB from offset 5.09 MiB)
ds4: Metal mapped mmaped model as 1 overlapping shared buffers
ds4: metal backend initialized for graph diagnostics
ds4: memory: KV 0.37 GiB (raw 0.34 + compressed 0.03) + buffers 0.03 GiB + resident model 80.26 GiB = 80.66 GiB planned
ds4: memory detail: ctx=4096 prefill_cap=4096 raw_kv_rows=4096 compressed_kv_rows=1026 backend=metal
0906 11:53:02 ds4-server: context buffers 410.29 MiB (ctx=4096, backend=metal, prefill_chunk=4096, raw_kv_rows=4096, compressed_kv_rows=1026)
0906 11:53:02 ds4-server: listening on http://127.0.0.1:60909
0906 11:53:02 ds4-server: chat ctx=0..17:17 prompt start
0906 11:53:03 ds4-server: chat ctx=0..17:17 prompt done 0.308s
0906 11:53:03 ds4-server: chat ctx=0..17:17 greedy Metal chain start max=128
0906 11:53:04 ds4-server: chat ctx=17..67:50 gen=50 decoding chunk=48.11 t/s avg=48.11 t/s 1.039s
0906 11:53:05 ds4-server: chat ctx=67..117:50 gen=100 decoding chunk=47.49 t/s avg=47.80 t/s 2.092s
0906 11:53:05 ds4-server: chat ctx=117..145:28 gen=128 decoding chunk=45.02 t/s avg=47.16 t/s 2.714s
0906 11:53:05 ds4-server: chat ctx=0..17:17 gen=128 finish=length 3.022s
0906 11:53:05 ds4-server: live kv cache rewind-hit live=145 prompt=17 common=17 reused=16
0906 11:53:05 ds4-server: chat ctx=16..17:1 prompt start
0906 11:53:05 ds4-server: chat ctx=16..17:1 prompt done 0.021s
0906 11:53:05 ds4-server: chat ctx=16..17:1 greedy Metal chain start max=128
0906 11:53:07 ds4-server: chat ctx=17..67:50 gen=50 decoding chunk=48.27 t/s avg=48.27 t/s 1.036s
0906 11:53:08 ds4-server: chat ctx=67..117:50 gen=100 decoding chunk=47.49 t/s avg=47.88 t/s 2.089s
0906 11:53:08 ds4-server: chat ctx=117..145:28 gen=128 decoding chunk=45.59 t/s avg=47.36 t/s 2.703s
0906 11:53:08 ds4-server: chat ctx=16..17:1 gen=128 finish=length 2.725s
0906 11:53:08 ds4-server: live kv cache miss live=145 prompt=19 common=4 vision=match reason=token-mismatch
0906 11:53:08 ds4-server: chat ctx=0..19:19 prompt start
0906 11:53:08 ds4-server: chat ctx=0..19:19 prompt done 0.265s
0906 11:53:08 ds4-server: chat ctx=0..19:19 greedy Metal chain start max=128
0906 11:53:09 ds4-server: chat ctx=19..69:50 gen=50 decoding chunk=48.28 t/s avg=48.28 t/s 1.036s
0906 11:53:11 ds4-server: chat ctx=69..119:50 gen=100 decoding chunk=46.61 t/s avg=47.43 t/s 2.108s
0906 11:53:11 ds4-server: chat ctx=119..147:28 gen=128 decoding chunk=44.68 t/s avg=46.80 t/s 2.735s
0906 11:53:11 ds4-server: chat ctx=0..19:19 gen=128 finish=length 3.001s
0906 11:53:11 ds4-server: live kv cache miss live=147 prompt=24 common=2 vision=match reason=token-mismatch
0906 11:53:11 ds4-server: chat ctx=0..24:24 prompt start
0906 11:53:11 ds4-server: chat ctx=0..24:24 prompt done 0.285s
0906 11:53:11 ds4-server: chat ctx=0..24:24 greedy Metal chain start max=128
0906 11:53:13 ds4-server: chat ctx=24..74:50 gen=50 decoding chunk=48.09 t/s avg=48.09 t/s 1.040s
0906 11:53:14 ds4-server: chat ctx=74..124:50 gen=100 decoding chunk=47.59 t/s avg=47.84 t/s 2.090s
0906 11:53:14 ds4-server: chat ctx=124..152:28 gen=128 decoding chunk=44.94 t/s avg=47.17 t/s 2.713s
0906 11:53:14 ds4-server: chat ctx=0..24:24 gen=128 finish=length 2.998s
0906 11:53:14 ds4-server: live kv cache miss live=152 prompt=266 common=2 vision=match reason=token-mismatch
0906 11:53:14 ds4-server: chat ctx=0..266:266 prompt start
0906 11:53:15 ds4-server: chat ctx=0..266:266 prompt done 0.679s
0906 11:53:15 ds4-server: chat ctx=0..266:266 greedy Metal chain start max=256
0906 11:53:15 ds4-server: chat ctx=0..266:266 greedy Metal chain switching to prompt lookup after 23 tokens
0906 11:53:16 ds4-server: chat ctx=266..316:50 gen=50 decoding chunk=54.49 t/s avg=54.49 t/s 0.918s
0906 11:53:16 ds4-server: chat ctx=316..366:50 gen=100 decoding chunk=86.07 t/s avg=66.74 t/s 1.498s
0906 11:53:17 ds4-server: chat ctx=366..416:50 gen=150 decoding chunk=98.46 t/s avg=74.77 t/s 2.006s
0906 11:53:17 ds4-server: chat ctx=416..466:50 gen=200 decoding chunk=97.98 t/s avg=79.47 t/s 2.517s
0906 11:53:18 ds4-server: chat ctx=466..516:50 gen=250 decoding chunk=90.41 t/s avg=81.44 t/s 3.070s
0906 11:53:18 ds4-server: chat ctx=516..522:6 gen=256 decoding chunk=75.81 t/s avg=81.30 t/s 3.149s
0906 11:53:18 ds4-server: chat ctx=0..266:266 gen=256 finish=length 3.828s
0906 11:53:18 ds4-server: live kv cache miss live=522 prompt=421 common=2 vision=match reason=token-mismatch
0906 11:53:18 ds4-server: chat ctx=0..421:421 prompt start
0906 11:53:19 ds4-server: chat ctx=0..421:421 prompt done 0.877s
0906 11:53:19 ds4-server: chat ctx=0..421:421 greedy Metal chain start max=256
0906 11:53:20 ds4-server: chat ctx=0..421:421 greedy Metal chain switching to prompt lookup after 32 tokens
0906 11:53:20 ds4-server: chat ctx=421..471:50 gen=50 decoding chunk=40.60 t/s avg=40.60 t/s 1.232s
0906 11:53:21 ds4-server: chat ctx=471..521:50 gen=100 decoding chunk=66.18 t/s avg=50.32 t/s 1.987s
0906 11:53:22 ds4-server: chat ctx=521..571:50 gen=150 decoding chunk=67.26 t/s avg=54.94 t/s 2.730s
0906 11:53:22 ds4-server: chat ctx=571..599:28 gen=178 decoding chunk=88.85 t/s avg=58.44 t/s 3.046s
0906 11:53:22 ds4-server: chat ctx=0..421:421 gen=178 finish=stop 3.923s
0906 11:53:22 ds4-server: live kv cache miss live=599 prompt=17 common=2 vision=match reason=token-mismatch
0906 11:53:22 ds4-server: chat ctx=0..17:17 prompt start
0906 11:53:22 ds4-server: chat ctx=0..17:17 prompt done 0.270s
0906 11:53:23 ds4-server: chat ctx=17..44:27 gen=27 decoding chunk=39.42 t/s avg=39.42 t/s 0.685s
0906 11:53:23 ds4-server: chat ctx=0..17:17 gen=27 finish=stop 0.955s
0906 11:53:23 ds4-server: shutdown requested, draining requests
ds4: prompt-lookup summary: attempts=31 no_match=0 first_miss=0 verify_passes=31 drafted=327 committed=316 accept=96.6% tokens/pass=10.19 scan=0.02 ms total gate_skips=8 gate_partials=1 gate_ambiguous=0 parity_replays=0
