ds4: warming mapped tensor pages: 88.11 GiB
ds4: warmed tensor pages in 6.233s (checksum=714843033)
ds4: Metal device Apple M5 Max, 128.00 GiB RAM
ds4: Metal 4 tensor API enabled for Tensor kernels
ds4: drift-patch flags hc_stable=on norm_unify=on kv_raw_f32=off rope_exp2_log2=off math_safe=off tensor_matmul=on
ds4: Metal model views created in 2.793 ms, residency requested in 417.422 ms, warmup 4.354 ms (mapped 90220.81 MiB from offset 9.07 MiB)
ds4: Metal mapped mmaped model as 2 overlapping shared buffers
ds4: metal backend initialized for graph diagnostics
ds4: memory: KV 0.09 GiB (raw 0.00 + compressed 0.09) + buffers 5.71 GiB + resident model 88.11 GiB = 93.91 GiB planned
ds4: memory detail: ctx=8192 prefill_cap=4096 raw_kv_rows=0 compressed_kv_rows=8192 backend=metal
ds4: GLM session ctx=8192 (model max=1048576); full-attention prefill/work cap=4096; compact indexed decode is used beyond the cap
ds4: GLM graph using compact DSA KV only; expanded full-attention KV cache is skipped
ds4: GLM graph allocating compact DSA cache: rows=8192 logical_ctx=8192 kv_layers=45 indexer_layers=11 f16 0.09 GiB
ds4: GLM compact indexed prefill chunk=4096 score_rows=4096 score_scratch=32.00 MiB
ds4: GLM session ctx=8192 (model max=1048576); full-attention prefill/work cap=4096; compact indexed decode is used beyond the cap
ds4: GLM graph using compact DSA KV only; expanded full-attention KV cache is skipped
ds4: GLM graph allocating compact DSA cache: rows=8192 logical_ctx=8192 kv_layers=45 indexer_layers=11 f16 0.09 GiB
ds4: GLM compact indexed prefill chunk=4096 score_rows=4096 score_scratch=32.00 MiB
BLOCK file=0 mode=0 offset=0 route=2 returned=1 pass=1
BLOCK file=0 mode=0 offset=1 route=2 returned=1 pass=1
BLOCK file=0 mode=0 offset=2 route=2 returned=2 pass=1
BLOCK file=0 mode=0 offset=4 route=2 returned=1 pass=1
BLOCK file=0 mode=0 offset=5 route=2 returned=2 pass=1
BLOCK file=0 mode=0 offset=7 route=2 returned=2 pass=1
BLOCK file=0 mode=0 offset=9 route=2 returned=1 pass=1
BLOCK file=0 mode=0 offset=10 route=2 returned=2 pass=1
BLOCK file=0 mode=0 offset=12 route=2 returned=2 pass=1
BLOCK file=0 mode=0 offset=14 route=2 returned=2 pass=1
BLOCK file=0 mode=0 offset=16 route=2 returned=2 pass=1
BLOCK file=0 mode=0 offset=18 route=2 returned=2 pass=1
BLOCK file=0 mode=0 offset=20 route=2 returned=2 pass=1
BLOCK file=0 mode=0 offset=22 route=2 returned=2 pass=1
BLOCK file=0 mode=0 offset=24 route=1 returned=4 pass=1
BLOCK file=0 mode=0 offset=28 route=1 returned=4 pass=1
BLOCK file=0 mode=0 offset=32 route=1 returned=4 pass=1
BLOCK file=0 mode=0 offset=36 route=1 returned=4 pass=1
BLOCK file=0 mode=0 offset=40 route=1 returned=4 pass=1
BLOCK file=0 mode=0 offset=44 route=1 returned=4 pass=1
BLOCK file=0 mode=0 offset=48 route=1 returned=4 pass=1
BLOCK file=0 mode=0 offset=52 route=1 returned=4 pass=1
BLOCK file=0 mode=0 offset=56 route=1 returned=13 pass=1
BLOCK file=0 mode=0 offset=69 route=2 returned=1 pass=1
BLOCK file=0 mode=0 offset=70 route=2 returned=2 pass=1
BLOCK file=0 mode=0 offset=72 route=2 returned=2 pass=1
BLOCK file=0 mode=0 offset=74 route=2 returned=2 pass=1
BLOCK file=0 mode=0 offset=76 route=2 returned=2 pass=1
BLOCK file=0 mode=0 offset=78 route=2 returned=2 pass=1
BLOCK file=0 mode=0 offset=80 route=2 returned=2 pass=1
BLOCK file=0 mode=0 offset=82 route=2 returned=2 pass=1
BLOCK file=0 mode=0 offset=84 route=1 returned=4 pass=1
BLOCK file=0 mode=0 offset=88 route=1 returned=4 pass=1
BLOCK file=0 mode=0 offset=92 route=1 returned=4 pass=1
BLOCK file=0 mode=0 offset=96 route=1 returned=4 pass=1
BLOCK file=0 mode=0 offset=100 route=1 returned=4 pass=1
BLOCK file=0 mode=0 offset=104 route=1 returned=4 pass=1
BLOCK file=0 mode=0 offset=108 route=1 returned=4 pass=1
BLOCK file=0 mode=0 offset=112 route=1 returned=4 pass=1
BLOCK file=0 mode=0 offset=116 route=1 returned=16 pass=1
STATE_RANGE first=0 last=44 model_layers=46
BLOCK file=0 mode=0 offset=132 route=1 returned=16 pass=1
BLOCK file=0 mode=0 offset=148 route=1 returned=16 pass=1
BLOCK file=0 mode=0 offset=164 route=1 returned=16 pass=1
BLOCK file=0 mode=0 offset=180 route=1 returned=16 pass=1
BLOCK file=0 mode=0 offset=196 route=1 returned=16 pass=1
BLOCK file=0 mode=0 offset=212 route=1 returned=16 pass=1
BLOCK file=0 mode=0 offset=228 route=1 returned=16 pass=1
BLOCK file=0 mode=0 offset=244 route=1 returned=12 pass=1
STATE_RANGE first=0 last=44 model_layers=46
ROUTER_PARITY file=0 mode=0 length=4080 temp=0.00 tokens=256 calls=48 restores=1 seed_differences=0 pass=1
ds4: prompt-lookup summary: attempts=26 no_match=0 first_miss=0 verify_passes=26 drafted=194 committed=191 accept=98.5% tokens/pass=7.35 scan=0.18 ms total gate_skips=8 gate_partials=1 gate_ambiguous=0 parity_replays=0
ds4: GLM session ctx=8192 (model max=1048576); full-attention prefill/work cap=4096; compact indexed decode is used beyond the cap
ds4: GLM graph using compact DSA KV only; expanded full-attention KV cache is skipped
ds4: GLM graph allocating compact DSA cache: rows=8192 logical_ctx=8192 kv_layers=45 indexer_layers=11 f16 0.09 GiB
ds4: GLM compact indexed prefill chunk=4096 score_rows=4096 score_scratch=32.00 MiB
ds4: GLM session ctx=8192 (model max=1048576); full-attention prefill/work cap=4096; compact indexed decode is used beyond the cap
ds4: GLM graph using compact DSA KV only; expanded full-attention KV cache is skipped
ds4: GLM graph allocating compact DSA cache: rows=8192 logical_ctx=8192 kv_layers=45 indexer_layers=11 f16 0.09 GiB
ds4: GLM compact indexed prefill chunk=4096 score_rows=4096 score_scratch=32.00 MiB
BLOCK file=1 mode=0 offset=0 route=2 returned=1 pass=1
BLOCK file=1 mode=0 offset=1 route=2 returned=1 pass=1
BLOCK file=1 mode=0 offset=2 route=2 returned=1 pass=1
BLOCK file=1 mode=0 offset=3 route=2 returned=2 pass=1
BLOCK file=1 mode=0 offset=5 route=2 returned=2 pass=1
BLOCK file=1 mode=0 offset=7 route=2 returned=1 pass=1
BLOCK file=1 mode=0 offset=8 route=2 returned=1 pass=1
BLOCK file=1 mode=0 offset=9 route=2 returned=2 pass=1
BLOCK file=1 mode=0 offset=11 route=2 returned=1 pass=1
BLOCK file=1 mode=0 offset=12 route=2 returned=2 pass=1
BLOCK file=1 mode=0 offset=14 route=2 returned=2 pass=1
BLOCK file=1 mode=0 offset=16 route=2 returned=2 pass=1
BLOCK file=1 mode=0 offset=18 route=2 returned=1 pass=1
BLOCK file=1 mode=0 offset=19 route=2 returned=2 pass=1
BLOCK file=1 mode=0 offset=21 route=2 returned=2 pass=1
BLOCK file=1 mode=0 offset=23 route=2 returned=2 pass=1
BLOCK file=1 mode=0 offset=25 route=2 returned=2 pass=1
BLOCK file=1 mode=0 offset=27 route=2 returned=2 pass=1
BLOCK file=1 mode=0 offset=29 route=2 returned=1 pass=1
BLOCK file=1 mode=0 offset=30 route=2 returned=2 pass=1
BLOCK file=1 mode=0 offset=32 route=2 returned=2 pass=1
BLOCK file=1 mode=0 offset=34 route=2 returned=1 pass=1
BLOCK file=1 mode=0 offset=35 route=2 returned=2 pass=1
BLOCK file=1 mode=0 offset=37 route=2 returned=2 pass=1
BLOCK file=1 mode=0 offset=39 route=2 returned=2 pass=1
BLOCK file=1 mode=0 offset=41 route=2 returned=2 pass=1
BLOCK file=1 mode=0 offset=43 route=2 returned=2 pass=1
BLOCK file=1 mode=0 offset=45 route=2 returned=1 pass=1
BLOCK file=1 mode=0 offset=46 route=2 returned=1 pass=1
BLOCK file=1 mode=0 offset=47 route=2 returned=2 pass=1
BLOCK file=1 mode=0 offset=49 route=2 returned=2 pass=1
BLOCK file=1 mode=0 offset=51 route=2 returned=1 pass=1
BLOCK file=1 mode=0 offset=52 route=2 returned=2 pass=1
BLOCK file=1 mode=0 offset=54 route=1 returned=4 pass=1
BLOCK file=1 mode=0 offset=58 route=1 returned=4 pass=1
BLOCK file=1 mode=0 offset=62 route=1 returned=4 pass=1
BLOCK file=1 mode=0 offset=66 route=1 returned=4 pass=1
BLOCK file=1 mode=0 offset=70 route=1 returned=4 pass=1
BLOCK file=1 mode=0 offset=74 route=1 returned=4 pass=1
BLOCK file=1 mode=0 offset=78 route=1 returned=4 pass=1
BLOCK file=1 mode=0 offset=82 route=1 returned=4 pass=1
BLOCK file=1 mode=0 offset=86 route=1 returned=16 pass=1
BLOCK file=1 mode=0 offset=102 route=1 returned=16 pass=1
BLOCK file=1 mode=0 offset=118 route=1 returned=16 pass=1
STATE_RANGE first=0 last=44 model_layers=46
BLOCK file=1 mode=0 offset=134 route=1 returned=16 pass=1
BLOCK file=1 mode=0 offset=150 route=1 returned=10 pass=1
BLOCK file=1 mode=0 offset=160 route=2 returned=1 pass=1
STATE_RANGE first=0 last=44 model_layers=46
ROUTER_PARITY file=1 mode=0 length=4080 temp=0.00 tokens=161 calls=47 restores=1 seed_differences=0 pass=1
ds4: prompt-lookup summary: attempts=13 no_match=0 first_miss=0 verify_passes=13 drafted=99 committed=93 accept=93.9% tokens/pass=7.15 scan=0.07 ms total gate_skips=1 gate_partials=1 gate_ambiguous=0 parity_replays=0
ROUTER_PARITY_COMPLETE failures=0
