ds4: warming mapped tensor pages: 88.11 GiB
ds4: warmed tensor pages in 6.388s (checksum=714843033)
ds4: Metal device Apple M5 Max, 128.00 GiB RAM
ds4: Metal 4 tensor API enabled for Tensor kernels
ds4: drift-patch flags hc_stable=on norm_unify=on kv_raw_f32=off rope_exp2_log2=off math_safe=off tensor_matmul=on
ds4: Metal model views created in 2.238 ms, residency requested in 402.647 ms, warmup 4.332 ms (mapped 90220.81 MiB from offset 9.07 MiB)
ds4: Metal mapped mmaped model as 2 overlapping shared buffers
ds4: metal backend initialized for graph diagnostics
ds4: memory: KV 0.09 GiB (raw 0.00 + compressed 0.09) + buffers 5.71 GiB + resident model 88.11 GiB = 93.91 GiB planned
ds4: memory detail: ctx=8192 prefill_cap=4096 raw_kv_rows=0 compressed_kv_rows=8192 backend=metal
ds4: GLM session ctx=8192 (model max=1048576); full-attention prefill/work cap=4096; compact indexed decode is used beyond the cap
ds4: GLM graph using compact DSA KV only; expanded full-attention KV cache is skipped
ds4: GLM graph allocating compact DSA cache: rows=8192 logical_ctx=8192 kv_layers=45 indexer_layers=11 f16 0.09 GiB
ds4: GLM compact indexed prefill chunk=4096 score_rows=4096 score_scratch=32.00 MiB
ds4: GLM session ctx=8192 (model max=1048576); full-attention prefill/work cap=4096; compact indexed decode is used beyond the cap
ds4: GLM graph using compact DSA KV only; expanded full-attention KV cache is skipped
ds4: GLM graph allocating compact DSA cache: rows=8192 logical_ctx=8192 kv_layers=45 indexer_layers=11 f16 0.09 GiB
ds4: GLM compact indexed prefill chunk=4096 score_rows=4096 score_scratch=32.00 MiB
BLOCK file=0 mode=0 offset=0 route=2 returned=1 pass=1
BLOCK file=0 mode=0 offset=1 route=2 returned=2 pass=1
BLOCK file=0 mode=0 offset=3 route=2 returned=1 pass=1
BLOCK file=0 mode=0 offset=4 route=2 returned=2 pass=1
BLOCK file=0 mode=0 offset=6 route=2 returned=1 pass=1
BLOCK file=0 mode=0 offset=7 route=2 returned=2 pass=1
BLOCK file=0 mode=0 offset=9 route=2 returned=1 pass=1
BLOCK file=0 mode=0 offset=10 route=2 returned=2 pass=1
BLOCK file=0 mode=0 offset=12 route=2 returned=1 pass=1
BLOCK file=0 mode=0 offset=13 route=2 returned=2 pass=1
BLOCK file=0 mode=0 offset=15 route=2 returned=1 pass=1
BLOCK file=0 mode=0 offset=16 route=2 returned=2 pass=1
BLOCK file=0 mode=0 offset=18 route=2 returned=2 pass=1
BLOCK file=0 mode=0 offset=20 route=2 returned=2 pass=1
BLOCK file=0 mode=0 offset=22 route=2 returned=2 pass=1
BLOCK file=0 mode=0 offset=24 route=2 returned=2 pass=1
BLOCK file=0 mode=0 offset=26 route=2 returned=2 pass=1
BLOCK file=0 mode=0 offset=28 route=2 returned=2 pass=1
BLOCK file=0 mode=0 offset=30 route=2 returned=2 pass=1
BLOCK file=0 mode=0 offset=32 route=2 returned=2 pass=1
BLOCK file=0 mode=0 offset=34 route=2 returned=2 pass=1
BLOCK file=0 mode=0 offset=36 route=2 returned=2 pass=1
BLOCK file=0 mode=0 offset=38 route=2 returned=2 pass=1
BLOCK file=0 mode=0 offset=40 route=2 returned=2 pass=1
BLOCK file=0 mode=0 offset=42 route=2 returned=2 pass=1
BLOCK file=0 mode=0 offset=44 route=2 returned=2 pass=1
BLOCK file=0 mode=0 offset=46 route=2 returned=2 pass=1
BLOCK file=0 mode=0 offset=48 route=2 returned=2 pass=1
BLOCK file=0 mode=0 offset=50 route=2 returned=2 pass=1
BLOCK file=0 mode=0 offset=52 route=2 returned=1 pass=1
BLOCK file=0 mode=0 offset=53 route=2 returned=1 pass=1
BLOCK file=0 mode=0 offset=54 route=2 returned=1 pass=1
BLOCK file=0 mode=0 offset=55 route=2 returned=1 pass=1
BLOCK file=0 mode=0 offset=56 route=2 returned=1 pass=1
BLOCK file=0 mode=0 offset=57 route=2 returned=2 pass=1
BLOCK file=0 mode=0 offset=59 route=2 returned=2 pass=1
BLOCK file=0 mode=0 offset=61 route=2 returned=2 pass=1
BLOCK file=0 mode=0 offset=63 route=2 returned=1 pass=1
BLOCK file=0 mode=0 offset=64 route=2 returned=2 pass=1
BLOCK file=0 mode=0 offset=66 route=2 returned=2 pass=1
BLOCK file=0 mode=0 offset=68 route=2 returned=2 pass=1
BLOCK file=0 mode=0 offset=70 route=2 returned=1 pass=1
BLOCK file=0 mode=0 offset=71 route=2 returned=2 pass=1
BLOCK file=0 mode=0 offset=73 route=2 returned=2 pass=1
BLOCK file=0 mode=0 offset=75 route=2 returned=2 pass=1
BLOCK file=0 mode=0 offset=77 route=2 returned=2 pass=1
BLOCK file=0 mode=0 offset=79 route=2 returned=2 pass=1
BLOCK file=0 mode=0 offset=81 route=2 returned=1 pass=1
BLOCK file=0 mode=0 offset=82 route=2 returned=1 pass=1
BLOCK file=0 mode=0 offset=83 route=2 returned=2 pass=1
BLOCK file=0 mode=0 offset=85 route=2 returned=2 pass=1
BLOCK file=0 mode=0 offset=87 route=2 returned=1 pass=1
BLOCK file=0 mode=0 offset=88 route=2 returned=2 pass=1
BLOCK file=0 mode=0 offset=90 route=2 returned=2 pass=1
BLOCK file=0 mode=0 offset=92 route=2 returned=1 pass=1
BLOCK file=0 mode=0 offset=93 route=2 returned=1 pass=1
BLOCK file=0 mode=0 offset=94 route=2 returned=2 pass=1
BLOCK file=0 mode=0 offset=96 route=2 returned=1 pass=1
BLOCK file=0 mode=0 offset=97 route=2 returned=1 pass=1
BLOCK file=0 mode=0 offset=98 route=2 returned=2 pass=1
BLOCK file=0 mode=0 offset=100 route=2 returned=2 pass=1
BLOCK file=0 mode=0 offset=102 route=2 returned=2 pass=1
BLOCK file=0 mode=0 offset=104 route=2 returned=1 pass=1
BLOCK file=0 mode=0 offset=105 route=2 returned=2 pass=1
BLOCK file=0 mode=0 offset=107 route=2 returned=1 pass=1
BLOCK file=0 mode=0 offset=108 route=2 returned=2 pass=1
BLOCK file=0 mode=0 offset=110 route=2 returned=2 pass=1
BLOCK file=0 mode=0 offset=112 route=2 returned=2 pass=1
BLOCK file=0 mode=0 offset=114 route=2 returned=2 pass=1
BLOCK file=0 mode=0 offset=116 route=2 returned=1 pass=1
BLOCK file=0 mode=0 offset=117 route=2 returned=1 pass=1
BLOCK file=0 mode=0 offset=118 route=2 returned=2 pass=1
BLOCK file=0 mode=0 offset=120 route=2 returned=2 pass=1
BLOCK file=0 mode=0 offset=122 route=2 returned=2 pass=1
BLOCK file=0 mode=0 offset=124 route=2 returned=2 pass=1
BLOCK file=0 mode=0 offset=126 route=2 returned=2 pass=1
STATE_RANGE first=0 last=44 model_layers=46
BLOCK file=0 mode=0 offset=128 route=2 returned=1 pass=1
BLOCK file=0 mode=0 offset=129 route=2 returned=2 pass=1
BLOCK file=0 mode=0 offset=131 route=2 returned=1 pass=1
BLOCK file=0 mode=0 offset=132 route=2 returned=1 pass=1
BLOCK file=0 mode=0 offset=133 route=2 returned=1 pass=1
BLOCK file=0 mode=0 offset=134 route=2 returned=1 pass=1
BLOCK file=0 mode=0 offset=135 route=2 returned=2 pass=1
BLOCK file=0 mode=0 offset=137 route=2 returned=2 pass=1
BLOCK file=0 mode=0 offset=139 route=2 returned=1 pass=1
BLOCK file=0 mode=0 offset=140 route=2 returned=2 pass=1
BLOCK file=0 mode=0 offset=142 route=2 returned=1 pass=1
BLOCK file=0 mode=0 offset=143 route=2 returned=2 pass=1
BLOCK file=0 mode=0 offset=145 route=2 returned=2 pass=1
BLOCK file=0 mode=0 offset=147 route=2 returned=2 pass=1
BLOCK file=0 mode=0 offset=149 route=2 returned=2 pass=1
BLOCK file=0 mode=0 offset=151 route=2 returned=2 pass=1
BLOCK file=0 mode=0 offset=153 route=2 returned=2 pass=1
BLOCK file=0 mode=0 offset=155 route=2 returned=2 pass=1
BLOCK file=0 mode=0 offset=157 route=2 returned=2 pass=1
BLOCK file=0 mode=0 offset=159 route=2 returned=2 pass=1
BLOCK file=0 mode=0 offset=161 route=2 returned=2 pass=1
BLOCK file=0 mode=0 offset=163 route=2 returned=2 pass=1
BLOCK file=0 mode=0 offset=165 route=2 returned=2 pass=1
BLOCK file=0 mode=0 offset=167 route=2 returned=2 pass=1
BLOCK file=0 mode=0 offset=169 route=2 returned=2 pass=1
BLOCK file=0 mode=0 offset=171 route=2 returned=2 pass=1
BLOCK file=0 mode=0 offset=173 route=2 returned=1 pass=1
BLOCK file=0 mode=0 offset=174 route=2 returned=2 pass=1
BLOCK file=0 mode=0 offset=176 route=2 returned=2 pass=1
BLOCK file=0 mode=0 offset=178 route=2 returned=2 pass=1
BLOCK file=0 mode=0 offset=180 route=2 returned=2 pass=1
BLOCK file=0 mode=0 offset=182 route=2 returned=2 pass=1
BLOCK file=0 mode=0 offset=184 route=2 returned=2 pass=1
BLOCK file=0 mode=0 offset=186 route=2 returned=2 pass=1
BLOCK file=0 mode=0 offset=188 route=2 returned=2 pass=1
BLOCK file=0 mode=0 offset=190 route=2 returned=2 pass=1
BLOCK file=0 mode=0 offset=192 route=2 returned=2 pass=1
BLOCK file=0 mode=0 offset=194 route=2 returned=2 pass=1
BLOCK file=0 mode=0 offset=196 route=2 returned=2 pass=1
BLOCK file=0 mode=0 offset=198 route=2 returned=2 pass=1
BLOCK file=0 mode=0 offset=200 route=2 returned=2 pass=1
BLOCK file=0 mode=0 offset=202 route=2 returned=2 pass=1
BLOCK file=0 mode=0 offset=204 route=2 returned=1 pass=1
BLOCK file=0 mode=0 offset=205 route=2 returned=2 pass=1
BLOCK file=0 mode=0 offset=207 route=2 returned=2 pass=1
BLOCK file=0 mode=0 offset=209 route=2 returned=2 pass=1
BLOCK file=0 mode=0 offset=211 route=2 returned=2 pass=1
BLOCK file=0 mode=0 offset=213 route=2 returned=2 pass=1
BLOCK file=0 mode=0 offset=215 route=2 returned=2 pass=1
BLOCK file=0 mode=0 offset=217 route=2 returned=2 pass=1
BLOCK file=0 mode=0 offset=219 route=2 returned=2 pass=1
BLOCK file=0 mode=0 offset=221 route=2 returned=2 pass=1
BLOCK file=0 mode=0 offset=223 route=2 returned=2 pass=1
BLOCK file=0 mode=0 offset=225 route=2 returned=2 pass=1
BLOCK file=0 mode=0 offset=227 route=2 returned=1 pass=1
BLOCK file=0 mode=0 offset=228 route=2 returned=2 pass=1
BLOCK file=0 mode=0 offset=230 route=2 returned=1 pass=1
BLOCK file=0 mode=0 offset=231 route=2 returned=2 pass=1
BLOCK file=0 mode=0 offset=233 route=2 returned=2 pass=1
BLOCK file=0 mode=0 offset=235 route=2 returned=2 pass=1
BLOCK file=0 mode=0 offset=237 route=2 returned=2 pass=1
BLOCK file=0 mode=0 offset=239 route=2 returned=1 pass=1
BLOCK file=0 mode=0 offset=240 route=2 returned=2 pass=1
BLOCK file=0 mode=0 offset=242 route=2 returned=2 pass=1
BLOCK file=0 mode=0 offset=244 route=2 returned=2 pass=1
BLOCK file=0 mode=0 offset=246 route=2 returned=1 pass=1
BLOCK file=0 mode=0 offset=247 route=2 returned=2 pass=1
BLOCK file=0 mode=0 offset=249 route=2 returned=2 pass=1
BLOCK file=0 mode=0 offset=251 route=2 returned=2 pass=1
BLOCK file=0 mode=0 offset=253 route=2 returned=1 pass=1
BLOCK file=0 mode=0 offset=254 route=2 returned=2 pass=1
STATE_RANGE first=0 last=44 model_layers=46
ROUTER_PARITY file=0 mode=0 length=34 temp=0.70 tokens=256 calls=147 restores=1 seed_differences=26 pass=1
ds4: GLM session ctx=8192 (model max=1048576); full-attention prefill/work cap=4096; compact indexed decode is used beyond the cap
ds4: GLM graph using compact DSA KV only; expanded full-attention KV cache is skipped
ds4: GLM graph allocating compact DSA cache: rows=8192 logical_ctx=8192 kv_layers=45 indexer_layers=11 f16 0.09 GiB
ds4: GLM compact indexed prefill chunk=4096 score_rows=4096 score_scratch=32.00 MiB
ds4: GLM session ctx=8192 (model max=1048576); full-attention prefill/work cap=4096; compact indexed decode is used beyond the cap
ds4: GLM graph using compact DSA KV only; expanded full-attention KV cache is skipped
ds4: GLM graph allocating compact DSA cache: rows=8192 logical_ctx=8192 kv_layers=45 indexer_layers=11 f16 0.09 GiB
ds4: GLM compact indexed prefill chunk=4096 score_rows=4096 score_scratch=32.00 MiB
BLOCK file=1 mode=0 offset=0 route=2 returned=1 pass=1
BLOCK file=1 mode=0 offset=1 route=2 returned=2 pass=1
BLOCK file=1 mode=0 offset=3 route=2 returned=2 pass=1
BLOCK file=1 mode=0 offset=5 route=2 returned=2 pass=1
BLOCK file=1 mode=0 offset=7 route=2 returned=2 pass=1
BLOCK file=1 mode=0 offset=9 route=2 returned=2 pass=1
BLOCK file=1 mode=0 offset=11 route=2 returned=2 pass=1
BLOCK file=1 mode=0 offset=13 route=2 returned=2 pass=1
BLOCK file=1 mode=0 offset=15 route=2 returned=2 pass=1
BLOCK file=1 mode=0 offset=17 route=2 returned=2 pass=1
BLOCK file=1 mode=0 offset=19 route=2 returned=1 pass=1
BLOCK file=1 mode=0 offset=20 route=2 returned=2 pass=1
BLOCK file=1 mode=0 offset=22 route=2 returned=2 pass=1
BLOCK file=1 mode=0 offset=24 route=1 returned=4 pass=1
BLOCK file=1 mode=0 offset=28 route=1 returned=4 pass=1
BLOCK file=1 mode=0 offset=32 route=1 returned=4 pass=1
BLOCK file=1 mode=0 offset=36 route=1 returned=4 pass=1
BLOCK file=1 mode=0 offset=40 route=1 returned=4 pass=1
BLOCK file=1 mode=0 offset=44 route=1 returned=4 pass=1
BLOCK file=1 mode=0 offset=48 route=1 returned=4 pass=1
BLOCK file=1 mode=0 offset=52 route=1 returned=4 pass=1
BLOCK file=1 mode=0 offset=56 route=1 returned=14 pass=1
BLOCK file=1 mode=0 offset=70 route=2 returned=1 pass=1
BLOCK file=1 mode=0 offset=71 route=2 returned=2 pass=1
BLOCK file=1 mode=0 offset=73 route=2 returned=2 pass=1
BLOCK file=1 mode=0 offset=75 route=2 returned=2 pass=1
BLOCK file=1 mode=0 offset=77 route=2 returned=2 pass=1
BLOCK file=1 mode=0 offset=79 route=2 returned=2 pass=1
BLOCK file=1 mode=0 offset=81 route=2 returned=2 pass=1
BLOCK file=1 mode=0 offset=83 route=2 returned=2 pass=1
BLOCK file=1 mode=0 offset=85 route=1 returned=4 pass=1
BLOCK file=1 mode=0 offset=89 route=1 returned=4 pass=1
BLOCK file=1 mode=0 offset=93 route=1 returned=4 pass=1
BLOCK file=1 mode=0 offset=97 route=1 returned=4 pass=1
BLOCK file=1 mode=0 offset=101 route=1 returned=4 pass=1
BLOCK file=1 mode=0 offset=105 route=1 returned=4 pass=1
BLOCK file=1 mode=0 offset=109 route=1 returned=4 pass=1
BLOCK file=1 mode=0 offset=113 route=1 returned=4 pass=1
BLOCK file=1 mode=0 offset=117 route=1 returned=16 pass=1
STATE_RANGE first=0 last=44 model_layers=46
BLOCK file=1 mode=0 offset=133 route=1 returned=16 pass=1
BLOCK file=1 mode=0 offset=149 route=1 returned=16 pass=1
BLOCK file=1 mode=0 offset=165 route=1 returned=16 pass=1
BLOCK file=1 mode=0 offset=181 route=1 returned=16 pass=1
BLOCK file=1 mode=0 offset=197 route=1 returned=16 pass=1
BLOCK file=1 mode=0 offset=213 route=1 returned=16 pass=1
BLOCK file=1 mode=0 offset=229 route=1 returned=16 pass=1
BLOCK file=1 mode=0 offset=245 route=1 returned=11 pass=1
STATE_RANGE first=0 last=44 model_layers=46
ROUTER_PARITY file=1 mode=0 length=259 temp=0.70 tokens=256 calls=47 restores=1 seed_differences=0 pass=1
ds4: prompt-lookup summary: attempts=26 no_match=0 first_miss=0 verify_passes=26 drafted=193 committed=190 accept=98.4% tokens/pass=7.31 scan=0.02 ms total gate_skips=8 gate_partials=1 gate_ambiguous=0 parity_replays=0
ds4: GLM session ctx=8192 (model max=1048576); full-attention prefill/work cap=4096; compact indexed decode is used beyond the cap
ds4: GLM graph using compact DSA KV only; expanded full-attention KV cache is skipped
ds4: GLM graph allocating compact DSA cache: rows=8192 logical_ctx=8192 kv_layers=45 indexer_layers=11 f16 0.09 GiB
ds4: GLM compact indexed prefill chunk=4096 score_rows=4096 score_scratch=32.00 MiB
ds4: GLM session ctx=8192 (model max=1048576); full-attention prefill/work cap=4096; compact indexed decode is used beyond the cap
ds4: GLM graph using compact DSA KV only; expanded full-attention KV cache is skipped
ds4: GLM graph allocating compact DSA cache: rows=8192 logical_ctx=8192 kv_layers=45 indexer_layers=11 f16 0.09 GiB
ds4: GLM compact indexed prefill chunk=4096 score_rows=4096 score_scratch=32.00 MiB
BLOCK file=2 mode=0 offset=0 route=2 returned=1 pass=1
BLOCK file=2 mode=0 offset=1 route=2 returned=1 pass=1
BLOCK file=2 mode=0 offset=2 route=2 returned=1 pass=1
BLOCK file=2 mode=0 offset=3 route=2 returned=2 pass=1
BLOCK file=2 mode=0 offset=5 route=2 returned=2 pass=1
BLOCK file=2 mode=0 offset=7 route=2 returned=1 pass=1
BLOCK file=2 mode=0 offset=8 route=2 returned=1 pass=1
BLOCK file=2 mode=0 offset=9 route=2 returned=2 pass=1
BLOCK file=2 mode=0 offset=11 route=2 returned=1 pass=1
BLOCK file=2 mode=0 offset=12 route=2 returned=2 pass=1
BLOCK file=2 mode=0 offset=14 route=2 returned=2 pass=1
BLOCK file=2 mode=0 offset=16 route=2 returned=2 pass=1
BLOCK file=2 mode=0 offset=18 route=2 returned=1 pass=1
BLOCK file=2 mode=0 offset=19 route=2 returned=1 pass=1
BLOCK file=2 mode=0 offset=20 route=2 returned=2 pass=1
BLOCK file=2 mode=0 offset=22 route=2 returned=2 pass=1
BLOCK file=2 mode=0 offset=24 route=2 returned=2 pass=1
BLOCK file=2 mode=0 offset=26 route=2 returned=2 pass=1
BLOCK file=2 mode=0 offset=28 route=1 returned=2 pass=1
BLOCK file=2 mode=0 offset=30 route=2 returned=1 pass=1
BLOCK file=2 mode=0 offset=31 route=2 returned=1 pass=1
BLOCK file=2 mode=0 offset=32 route=2 returned=2 pass=1
BLOCK file=2 mode=0 offset=34 route=2 returned=2 pass=1
BLOCK file=2 mode=0 offset=36 route=2 returned=2 pass=1
BLOCK file=2 mode=0 offset=38 route=2 returned=2 pass=1
BLOCK file=2 mode=0 offset=40 route=2 returned=2 pass=1
BLOCK file=2 mode=0 offset=42 route=2 returned=2 pass=1
BLOCK file=2 mode=0 offset=44 route=2 returned=2 pass=1
BLOCK file=2 mode=0 offset=46 route=2 returned=2 pass=1
BLOCK file=2 mode=0 offset=48 route=2 returned=2 pass=1
BLOCK file=2 mode=0 offset=50 route=2 returned=2 pass=1
BLOCK file=2 mode=0 offset=52 route=2 returned=2 pass=1
BLOCK file=2 mode=0 offset=54 route=2 returned=1 pass=1
BLOCK file=2 mode=0 offset=55 route=2 returned=2 pass=1
BLOCK file=2 mode=0 offset=57 route=2 returned=2 pass=1
BLOCK file=2 mode=0 offset=59 route=2 returned=2 pass=1
BLOCK file=2 mode=0 offset=61 route=2 returned=2 pass=1
BLOCK file=2 mode=0 offset=63 route=2 returned=2 pass=1
BLOCK file=2 mode=0 offset=65 route=2 returned=2 pass=1
BLOCK file=2 mode=0 offset=67 route=2 returned=2 pass=1
BLOCK file=2 mode=0 offset=69 route=2 returned=2 pass=1
BLOCK file=2 mode=0 offset=71 route=2 returned=2 pass=1
BLOCK file=2 mode=0 offset=73 route=2 returned=2 pass=1
BLOCK file=2 mode=0 offset=75 route=2 returned=2 pass=1
BLOCK file=2 mode=0 offset=77 route=2 returned=2 pass=1
BLOCK file=2 mode=0 offset=79 route=2 returned=2 pass=1
BLOCK file=2 mode=0 offset=81 route=2 returned=2 pass=1
BLOCK file=2 mode=0 offset=83 route=2 returned=2 pass=1
BLOCK file=2 mode=0 offset=85 route=2 returned=2 pass=1
BLOCK file=2 mode=0 offset=87 route=2 returned=2 pass=1
BLOCK file=2 mode=0 offset=89 route=2 returned=2 pass=1
BLOCK file=2 mode=0 offset=91 route=2 returned=2 pass=1
BLOCK file=2 mode=0 offset=93 route=2 returned=2 pass=1
BLOCK file=2 mode=0 offset=95 route=2 returned=2 pass=1
BLOCK file=2 mode=0 offset=97 route=2 returned=2 pass=1
BLOCK file=2 mode=0 offset=99 route=2 returned=2 pass=1
BLOCK file=2 mode=0 offset=101 route=2 returned=2 pass=1
BLOCK file=2 mode=0 offset=103 route=2 returned=2 pass=1
BLOCK file=2 mode=0 offset=105 route=2 returned=2 pass=1
BLOCK file=2 mode=0 offset=107 route=2 returned=2 pass=1
BLOCK file=2 mode=0 offset=109 route=2 returned=2 pass=1
BLOCK file=2 mode=0 offset=111 route=2 returned=2 pass=1
BLOCK file=2 mode=0 offset=113 route=2 returned=1 pass=1
BLOCK file=2 mode=0 offset=114 route=2 returned=2 pass=1
BLOCK file=2 mode=0 offset=116 route=2 returned=2 pass=1
BLOCK file=2 mode=0 offset=118 route=2 returned=2 pass=1
BLOCK file=2 mode=0 offset=120 route=2 returned=2 pass=1
BLOCK file=2 mode=0 offset=122 route=2 returned=2 pass=1
BLOCK file=2 mode=0 offset=124 route=2 returned=2 pass=1
BLOCK file=2 mode=0 offset=126 route=2 returned=2 pass=1
STATE_RANGE first=0 last=44 model_layers=46
BLOCK file=2 mode=0 offset=128 route=2 returned=1 pass=1
BLOCK file=2 mode=0 offset=129 route=2 returned=2 pass=1
BLOCK file=2 mode=0 offset=131 route=2 returned=2 pass=1
BLOCK file=2 mode=0 offset=133 route=2 returned=2 pass=1
BLOCK file=2 mode=0 offset=135 route=2 returned=2 pass=1
BLOCK file=2 mode=0 offset=137 route=2 returned=2 pass=1
BLOCK file=2 mode=0 offset=139 route=2 returned=2 pass=1
BLOCK file=2 mode=0 offset=141 route=2 returned=2 pass=1
BLOCK file=2 mode=0 offset=143 route=2 returned=2 pass=1
BLOCK file=2 mode=0 offset=145 route=2 returned=2 pass=1
BLOCK file=2 mode=0 offset=147 route=2 returned=2 pass=1
BLOCK file=2 mode=0 offset=149 route=2 returned=2 pass=1
BLOCK file=2 mode=0 offset=151 route=2 returned=2 pass=1
BLOCK file=2 mode=0 offset=153 route=1 returned=4 pass=1
BLOCK file=2 mode=0 offset=157 route=2 returned=1 pass=1
BLOCK file=2 mode=0 offset=158 route=2 returned=2 pass=1
BLOCK file=2 mode=0 offset=160 route=2 returned=1 pass=1
STATE_RANGE first=0 last=44 model_layers=46
ROUTER_PARITY file=2 mode=0 length=382 temp=0.70 tokens=161 calls=87 restores=1 seed_differences=1 pass=1
ds4: prompt-lookup summary: attempts=3 no_match=0 first_miss=1 verify_passes=2 drafted=6 committed=3 accept=50.0% tokens/pass=1.50 scan=0.00 ms total gate_skips=64 gate_partials=1 gate_ambiguous=0 parity_replays=0
ROUTER_PARITY_COMPLETE failures=0
