Commands:
  /help          Show this help.
  /think         Use normal thinking mode.
  /think-max     Use Think Max only when context is at least 393216 tokens.
  /nothink       Disable thinking mode.
  /ctx N         Set context size for following prompts.
  /power N       Set GPU duty cycle percentage, 1..100.
  /steer F       Set FFN steering for subsequent tokens; no value shows it.
  /read FILE     Submit a text file, PNG, or JPEG.
  /quit, /exit   Leave the prompt.
  Ctrl+C         Stop generation and return to the prompt.
The image shows a diagram titled **"Document pipeline"** depicting a three-stage flow:

1. **INPUT** (blue box) →
2. **ENCODER** (green box) →
3. **SUMMARY** (orange/red box)

The stages are connected by black arrows, indicating the direction of data flow. Below the diagram, a caption explains: *"Blue data becomes a green representation before the orange result."*

This illustrates a simple document processing pipeline where raw input data is first transformed by an encoder into an intermediate representation, which is then used to produce a final summary output.
The most recent image shows a diagram titled **"Document pipeline"** with three colored boxes connected by black arrows:

1. **INPUT** — a blue box on the left
2. **ENCODER** — a green box in the middle
3. **SUMMARY** — an orange/red box on the right

Below the diagram is the caption: *"Blue data becomes a green representation before the orange result."*
The most recent image shows a white ticket/card on a light gray background, titled **"NORTH HARBOR"** in dark text with a horizontal line beneath it. The card contains the following details in dark monospace-style text:

- **Train:** 482
- **Gate:** C7
- **Departure:** 19:45
- **Seat:** 14A

At the bottom is a **yellow highlighted box** with a gold border containing the text: **"ACCESS: MINT-731"**
The most recent image shows a white ticket/card on a light gray background, titled **"NORTH HARBOR"** in dark text with a horizontal line beneath it. The card contains the following details in dark monospace-style text:

- **Train:** 482
- **Gate:** C7
- **Departure:** 19:45
- **Seat:** 14A

At the bottom is a **yellow highlighted box** with a gold border containing the text: **"ACCESS: MINT-731"**
