ds4: Metal device Apple M5 Max, 128.00 GiB RAM
ds4: Metal 4 tensor API enabled for Tensor kernels
ds4: drift-patch flags hc_stable=on norm_unify=on kv_raw_f32=off rope_exp2_log2=off math_safe=off tensor_matmul=on
ds4: Metal model views created in 0.024 ms, residency requested in 0.459 ms, warmup 3.488 ms (mapped 16.00 MiB from offset 0.00 MiB)
ds4: Metal mapped mmaped model as 1 overlapping shared buffers
  small GDN double reference output            ok  max|d|=4.62e-07 (scale 1.32e+00)
  small GDN double reference state             ok  max|d|=1.64e-08 (scale 6.34e-02)
  small GDN double reference output            ok  max|d|=4.62e-07 (scale 1.32e+00)
  small GDN double reference state             ok  max|d|=1.64e-08 (scale 6.34e-02)
SMALL_GDN_PASS model=27B T=1 layer=0 warm=0 prefix_snapshots=not requested
  small GDN double reference output            ok  max|d|=4.17e-07 (scale 1.06e+00)
  small GDN double reference state             ok  max|d|=1.87e-08 (scale 1.01e-01)
  small GDN double reference output            ok  max|d|=4.17e-07 (scale 1.06e+00)
  small GDN double reference state             ok  max|d|=1.87e-08 (scale 1.01e-01)
SMALL_GDN_PASS model=27B T=2 layer=0 warm=0 prefix_snapshots=not requested
  small GDN double reference output            ok  max|d|=8.56e-07 (scale 2.84e+00)
  small GDN double reference state             ok  max|d|=4.40e-08 (scale 1.84e-01)
  small GDN double reference output            ok  max|d|=8.56e-07 (scale 2.84e+00)
  small GDN double reference state             ok  max|d|=4.40e-08 (scale 1.84e-01)
SMALL_GDN_PASS model=27B T=8 layer=0 warm=0 prefix_snapshots=not requested
  small GDN double reference output            ok  max|d|=1.26e-06 (scale 2.59e+00)
  small GDN double reference state             ok  max|d|=4.17e-08 (scale 2.26e-01)
  small GDN double reference output            ok  max|d|=1.26e-06 (scale 2.59e+00)
  small GDN double reference state             ok  max|d|=4.17e-08 (scale 2.26e-01)
SMALL_GDN_PASS model=27B T=17 layer=0 warm=0 prefix_snapshots=not requested
  small GDN double reference output            ok  max|d|=3.35e-07 (scale 1.16e+00)
  small GDN double reference state             ok  max|d|=1.43e-08 (scale 5.80e-02)
  small GDN double reference output            ok  max|d|=3.35e-07 (scale 1.16e+00)
  small GDN double reference state             ok  max|d|=1.43e-08 (scale 5.80e-02)
SMALL_GDN_PASS model=27B T=1 layer=63 warm=0 prefix_snapshots=not requested
  small GDN double reference output            ok  max|d|=6.21e-07 (scale 1.61e+00)
  small GDN double reference state             ok  max|d|=1.90e-08 (scale 1.33e-01)
  small GDN double reference output            ok  max|d|=6.21e-07 (scale 1.61e+00)
  small GDN double reference state             ok  max|d|=1.90e-08 (scale 1.33e-01)
SMALL_GDN_PASS model=27B T=2 layer=63 warm=0 prefix_snapshots=not requested
  small GDN double reference output            ok  max|d|=9.16e-07 (scale 2.11e+00)
  small GDN double reference state             ok  max|d|=4.40e-08 (scale 1.70e-01)
  small GDN double reference output            ok  max|d|=9.16e-07 (scale 2.11e+00)
  small GDN double reference state             ok  max|d|=4.40e-08 (scale 1.70e-01)
SMALL_GDN_PASS model=27B T=8 layer=63 warm=0 prefix_snapshots=not requested
  small GDN double reference output            ok  max|d|=1.55e-06 (scale 2.48e+00)
  small GDN double reference state             ok  max|d|=4.20e-08 (scale 2.78e-01)
  small GDN double reference output            ok  max|d|=1.55e-06 (scale 2.48e+00)
  small GDN double reference state             ok  max|d|=4.20e-08 (scale 2.78e-01)
SMALL_GDN_PASS model=27B T=17 layer=63 warm=0 prefix_snapshots=not requested
  small GDN double reference output            ok  max|d|=3.18e-07 (scale 1.09e+00)
  small GDN double reference state             ok  max|d|=9.93e-09 (scale 6.07e-02)
  small GDN double reference output            ok  max|d|=3.18e-07 (scale 1.09e+00)
  small GDN double reference state             ok  max|d|=9.93e-09 (scale 6.07e-02)
SMALL_GDN_PASS model=35B T=1 layer=0 warm=0 prefix_snapshots=not requested
  small GDN double reference output            ok  max|d|=3.82e-07 (scale 1.34e+00)
  small GDN double reference state             ok  max|d|=2.73e-08 (scale 1.12e-01)
  small GDN double reference output            ok  max|d|=3.82e-07 (scale 1.34e+00)
  small GDN double reference state             ok  max|d|=2.73e-08 (scale 1.12e-01)
SMALL_GDN_PASS model=35B T=2 layer=0 warm=0 prefix_snapshots=exact
  small GDN double reference output            ok  max|d|=4.89e-07 (scale 2.07e+00)
  small GDN double reference state             ok  max|d|=4.74e-08 (scale 1.93e-01)
  small GDN double reference output            ok  max|d|=4.89e-07 (scale 2.07e+00)
  small GDN double reference state             ok  max|d|=4.74e-08 (scale 1.93e-01)
SMALL_GDN_PASS model=35B T=8 layer=0 warm=0 prefix_snapshots=exact
  small GDN double reference output            ok  max|d|=1.15e-06 (scale 2.11e+00)
  small GDN double reference state             ok  max|d|=4.00e-08 (scale 1.81e-01)
  small GDN double reference output            ok  max|d|=1.15e-06 (scale 2.11e+00)
  small GDN double reference state             ok  max|d|=4.00e-08 (scale 1.81e-01)
SMALL_GDN_PASS model=35B T=17 layer=0 warm=0 prefix_snapshots=not requested
  small GDN double reference output            ok  max|d|=2.60e-07 (scale 1.38e+00)
  small GDN double reference state             ok  max|d|=1.71e-08 (scale 5.26e-02)
  small GDN double reference output            ok  max|d|=2.60e-07 (scale 1.38e+00)
  small GDN double reference state             ok  max|d|=1.71e-08 (scale 5.26e-02)
SMALL_GDN_PASS model=35B T=1 layer=39 warm=0 prefix_snapshots=not requested
  small GDN double reference output            ok  max|d|=6.52e-07 (scale 1.36e+00)
  small GDN double reference state             ok  max|d|=2.12e-08 (scale 1.51e-01)
  small GDN double reference output            ok  max|d|=6.52e-07 (scale 1.36e+00)
  small GDN double reference state             ok  max|d|=2.12e-08 (scale 1.51e-01)
SMALL_GDN_PASS model=35B T=2 layer=39 warm=0 prefix_snapshots=exact
  small GDN double reference output            ok  max|d|=9.19e-07 (scale 2.22e+00)
  small GDN double reference state             ok  max|d|=3.30e-08 (scale 1.88e-01)
  small GDN double reference output            ok  max|d|=9.19e-07 (scale 2.22e+00)
  small GDN double reference state             ok  max|d|=3.30e-08 (scale 1.88e-01)
SMALL_GDN_PASS model=35B T=8 layer=39 warm=0 prefix_snapshots=exact
  small GDN double reference output            ok  max|d|=1.16e-06 (scale 2.61e+00)
  small GDN double reference state             ok  max|d|=5.51e-08 (scale 2.39e-01)
  small GDN double reference output            ok  max|d|=1.16e-06 (scale 2.61e+00)
  small GDN double reference state             ok  max|d|=5.51e-08 (scale 2.39e-01)
SMALL_GDN_PASS model=35B T=17 layer=39 warm=0 prefix_snapshots=not requested
  small GDN double reference output            ok  max|d|=5.69e-07 (scale 1.78e+00)
  small GDN double reference state             ok  max|d|=4.79e-08 (scale 2.15e-01)
  small GDN double reference output            ok  max|d|=5.69e-07 (scale 1.78e+00)
  small GDN double reference state             ok  max|d|=4.79e-08 (scale 2.15e-01)
SMALL_GDN_PASS model=27B T=1 layer=0 warm=1 prefix_snapshots=not requested
  small GDN double reference output            ok  max|d|=9.18e-07 (scale 1.73e+00)
  small GDN double reference state             ok  max|d|=3.77e-08 (scale 2.14e-01)
  small GDN double reference output            ok  max|d|=9.18e-07 (scale 1.73e+00)
  small GDN double reference state             ok  max|d|=3.77e-08 (scale 2.14e-01)
SMALL_GDN_PASS model=27B T=2 layer=0 warm=1 prefix_snapshots=not requested
  small GDN double reference output            ok  max|d|=1.28e-06 (scale 2.27e+00)
  small GDN double reference state             ok  max|d|=3.77e-08 (scale 1.84e-01)
  small GDN double reference output            ok  max|d|=1.28e-06 (scale 2.27e+00)
  small GDN double reference state             ok  max|d|=3.77e-08 (scale 1.84e-01)
SMALL_GDN_PASS model=27B T=8 layer=0 warm=1 prefix_snapshots=not requested
  small GDN double reference output            ok  max|d|=1.02e-06 (scale 3.01e+00)
  small GDN double reference state             ok  max|d|=3.52e-08 (scale 1.98e-01)
  small GDN double reference output            ok  max|d|=1.02e-06 (scale 3.01e+00)
  small GDN double reference state             ok  max|d|=3.52e-08 (scale 1.98e-01)
SMALL_GDN_PASS model=27B T=17 layer=0 warm=1 prefix_snapshots=not requested
  small GDN double reference output            ok  max|d|=5.15e-07 (scale 1.78e+00)
  small GDN double reference state             ok  max|d|=3.08e-08 (scale 1.80e-01)
  small GDN double reference output            ok  max|d|=5.15e-07 (scale 1.78e+00)
  small GDN double reference state             ok  max|d|=3.08e-08 (scale 1.80e-01)
SMALL_GDN_PASS model=27B T=1 layer=63 warm=1 prefix_snapshots=not requested
  small GDN double reference output            ok  max|d|=7.74e-07 (scale 2.26e+00)
  small GDN double reference state             ok  max|d|=3.92e-08 (scale 1.48e-01)
  small GDN double reference output            ok  max|d|=7.74e-07 (scale 2.26e+00)
  small GDN double reference state             ok  max|d|=3.92e-08 (scale 1.48e-01)
SMALL_GDN_PASS model=27B T=2 layer=63 warm=1 prefix_snapshots=not requested
  small GDN double reference output            ok  max|d|=7.68e-07 (scale 2.19e+00)
  small GDN double reference state             ok  max|d|=4.22e-08 (scale 2.35e-01)
  small GDN double reference output            ok  max|d|=7.68e-07 (scale 2.19e+00)
  small GDN double reference state             ok  max|d|=4.22e-08 (scale 2.35e-01)
SMALL_GDN_PASS model=27B T=8 layer=63 warm=1 prefix_snapshots=not requested
  small GDN double reference output            ok  max|d|=9.28e-07 (scale 2.46e+00)
  small GDN double reference state             ok  max|d|=3.09e-08 (scale 2.38e-01)
  small GDN double reference output            ok  max|d|=9.28e-07 (scale 2.46e+00)
  small GDN double reference state             ok  max|d|=3.09e-08 (scale 2.38e-01)
SMALL_GDN_PASS model=27B T=17 layer=63 warm=1 prefix_snapshots=not requested
  small GDN double reference output            ok  max|d|=7.04e-07 (scale 1.73e+00)
  small GDN double reference state             ok  max|d|=3.09e-08 (scale 2.04e-01)
  small GDN double reference output            ok  max|d|=7.04e-07 (scale 1.73e+00)
  small GDN double reference state             ok  max|d|=3.09e-08 (scale 2.04e-01)
SMALL_GDN_PASS model=35B T=1 layer=0 warm=1 prefix_snapshots=not requested
  small GDN double reference output            ok  max|d|=6.47e-07 (scale 2.16e+00)
  small GDN double reference state             ok  max|d|=3.33e-08 (scale 2.11e-01)
  small GDN double reference output            ok  max|d|=6.47e-07 (scale 2.16e+00)
  small GDN double reference state             ok  max|d|=3.33e-08 (scale 2.11e-01)
SMALL_GDN_PASS model=35B T=2 layer=0 warm=1 prefix_snapshots=exact
  small GDN double reference output            ok  max|d|=1.22e-06 (scale 1.91e+00)
  small GDN double reference state             ok  max|d|=3.45e-08 (scale 2.06e-01)
  small GDN double reference output            ok  max|d|=1.22e-06 (scale 1.91e+00)
  small GDN double reference state             ok  max|d|=3.45e-08 (scale 2.06e-01)
SMALL_GDN_PASS model=35B T=8 layer=0 warm=1 prefix_snapshots=exact
  small GDN double reference output            ok  max|d|=9.03e-07 (scale 2.42e+00)
  small GDN double reference state             ok  max|d|=6.65e-08 (scale 1.71e-01)
  small GDN double reference output            ok  max|d|=9.03e-07 (scale 2.42e+00)
  small GDN double reference state             ok  max|d|=6.65e-08 (scale 1.71e-01)
SMALL_GDN_PASS model=35B T=17 layer=0 warm=1 prefix_snapshots=not requested
  small GDN double reference output            ok  max|d|=7.60e-07 (scale 2.15e+00)
  small GDN double reference state             ok  max|d|=4.83e-08 (scale 2.29e-01)
  small GDN double reference output            ok  max|d|=7.60e-07 (scale 2.15e+00)
  small GDN double reference state             ok  max|d|=4.83e-08 (scale 2.29e-01)
SMALL_GDN_PASS model=35B T=1 layer=39 warm=1 prefix_snapshots=not requested
  small GDN double reference output            ok  max|d|=5.87e-07 (scale 2.29e+00)
  small GDN double reference state             ok  max|d|=4.81e-08 (scale 1.72e-01)
  small GDN double reference output            ok  max|d|=5.87e-07 (scale 2.29e+00)
  small GDN double reference state             ok  max|d|=4.81e-08 (scale 1.72e-01)
SMALL_GDN_PASS model=35B T=2 layer=39 warm=1 prefix_snapshots=exact
  small GDN double reference output            ok  max|d|=1.63e-06 (scale 2.82e+00)
  small GDN double reference state             ok  max|d|=4.13e-08 (scale 2.26e-01)
  small GDN double reference output            ok  max|d|=1.63e-06 (scale 2.82e+00)
  small GDN double reference state             ok  max|d|=4.13e-08 (scale 2.26e-01)
SMALL_GDN_PASS model=35B T=8 layer=39 warm=1 prefix_snapshots=exact
  small GDN double reference output            ok  max|d|=1.13e-06 (scale 2.41e+00)
  small GDN double reference state             ok  max|d|=4.67e-08 (scale 1.96e-01)
  small GDN double reference output            ok  max|d|=1.13e-06 (scale 2.41e+00)
  small GDN double reference state             ok  max|d|=4.67e-08 (scale 1.96e-01)
SMALL_GDN_PASS model=35B T=17 layer=39 warm=1 prefix_snapshots=not requested
SMALL_QWEN_GDN_SUITE_PASS
