ds4: Metal device Apple M5 Max, 128.00 GiB RAM
ds4: Metal 4 tensor API enabled for Tensor kernels
ds4: drift-patch flags hc_stable=on norm_unify=on kv_raw_f32=off rope_exp2_log2=off math_safe=off tensor_matmul=on
ds4: Metal model views created in 1.970 ms, residency requested in 9375.479 ms, warmup 6.878 ms (mapped 82185.67 MiB from offset 5.09 MiB)
ds4: Metal mapped mmaped model as 1 overlapping shared buffers
ds4: metal backend initialized for graph diagnostics
ds4: memory: KV 0.37 GiB (raw 0.34 + compressed 0.03) + buffers 0.03 GiB + resident model 80.26 GiB = 80.66 GiB planned
ds4: memory detail: ctx=4096 prefill_cap=4096 raw_kv_rows=4096 compressed_kv_rows=1026 backend=metal
0905 21:36:04 ds4-server: context buffers 410.29 MiB (ctx=4096, backend=metal, prefill_chunk=4096, raw_kv_rows=4096, compressed_kv_rows=1026)
0905 21:36:04 ds4-server: listening on http://127.0.0.1:62605
0905 21:36:04 ds4-server: chat ctx=0..22:22 prompt start
0905 21:36:04 ds4-server: chat ctx=0..22:22 prompt done 0.366s
0905 21:36:04 ds4-server: chat ctx=0..22:22 greedy Metal chain start max=128
0905 21:36:05 ds4-server: chat ctx=22..72:50 gen=50 decoding chunk=50.05 t/s avg=50.05 t/s 0.999s
0905 21:36:06 ds4-server: chat ctx=72..122:50 gen=100 decoding chunk=48.96 t/s avg=49.50 t/s 2.020s
0905 21:36:07 ds4-server: chat ctx=122..150:28 gen=128 decoding chunk=47.39 t/s avg=49.03 t/s 2.611s
0905 21:36:07 ds4-server: chat ctx=0..22:22 gen=128 finish=length 2.980s
0905 21:36:07 ds4-server: live kv cache rewind-hit live=150 prompt=22 common=22 reused=21
0905 21:36:07 ds4-server: chat ctx=21..22:1 prompt start
0905 21:36:07 ds4-server: chat ctx=21..22:1 prompt done 0.024s
0905 21:36:07 ds4-server: chat ctx=21..22:1 greedy Metal chain start max=128
0905 21:36:08 ds4-server: chat ctx=22..72:50 gen=50 decoding chunk=49.54 t/s avg=49.54 t/s 1.009s
0905 21:36:09 ds4-server: chat ctx=72..122:50 gen=100 decoding chunk=48.99 t/s avg=49.26 t/s 2.030s
0905 21:36:09 ds4-server: chat ctx=122..150:28 gen=128 decoding chunk=47.21 t/s avg=48.80 t/s 2.623s
0905 21:36:09 ds4-server: chat ctx=21..22:1 gen=128 finish=length 2.647s
0905 21:36:09 ds4-server: live kv cache miss live=150 prompt=19 common=4 vision=match reason=token-mismatch
0905 21:36:09 ds4-server: chat ctx=0..19:19 prompt start
0905 21:36:10 ds4-server: chat ctx=0..19:19 prompt done 0.273s
0905 21:36:11 ds4-server: chat ctx=19..69:50 gen=50 decoding chunk=47.63 t/s avg=47.63 t/s 1.050s
0905 21:36:12 ds4-server: chat ctx=69..119:50 gen=100 decoding chunk=47.77 t/s avg=47.70 t/s 2.096s
0905 21:36:12 ds4-server: chat ctx=119..147:28 gen=128 decoding chunk=47.71 t/s avg=47.70 t/s 2.683s
0905 21:36:12 ds4-server: chat ctx=0..19:19 gen=128 finish=length 2.956s
0905 21:36:12 ds4-server: live kv cache miss live=147 prompt=24 common=2 vision=match reason=token-mismatch
0905 21:36:12 ds4-server: chat ctx=0..24:24 prompt start
0905 21:36:13 ds4-server: chat ctx=0..24:24 prompt done 0.280s
0905 21:36:13 ds4-server: chat ctx=0..24:24 greedy Metal chain start max=128
0905 21:36:14 ds4-server: chat ctx=24..74:50 gen=50 decoding chunk=50.16 t/s avg=50.16 t/s 0.997s
0905 21:36:15 ds4-server: chat ctx=74..124:50 gen=100 decoding chunk=49.35 t/s avg=49.75 t/s 2.010s
0905 21:36:15 ds4-server: chat ctx=124..152:28 gen=128 decoding chunk=47.46 t/s avg=49.23 t/s 2.600s
0905 21:36:15 ds4-server: chat ctx=0..24:24 gen=128 finish=length 2.880s
0905 21:36:15 ds4-server: shutdown requested, draining requests
