cc -O3 -ffast-math -g -mcpu=native -Wall -Wextra -fobjc-arc -c -o ds4_metal.o ds4_metal.m
ds4_metal.m:19561:44: warning: unused variable 'q4_classic_pipe2' [-Wunused-variable]
 19561 |         static id<MTLComputePipelineState> q4_classic_pipe2;
       |                                            ^~~~~~~~~~~~~~~~
1 warning generated.
cc -O3 -ffast-math -g -mcpu=native -Wall -Wextra -std=c99 -o ds4 ds4_cli.o ds4_help.o ds4_prompt_prefix.o linenoise.o ds4_gpu_args.o ds4.o ds4_image.o ds4_distributed.o ds4_tp.o ds4_ssd.o ds4_metal.o ds4_layer_pack.o -lm -pthread -framework Foundation -framework Metal
cc -O3 -ffast-math -g -mcpu=native -Wall -Wextra -std=c99 -o ds4-server ds4_server.o ds4_help.o ds4_kvstore.o rax.o ds4_gpu_args.o ds4.o ds4_image.o ds4_distributed.o ds4_tp.o ds4_ssd.o ds4_metal.o ds4_layer_pack.o -lm -pthread -framework Foundation -framework Metal
cc -O3 -ffast-math -g -mcpu=native -Wall -Wextra -std=c99 -o ds4-bench ds4_bench.o ds4_help.o ds4_gpu_args.o ds4.o ds4_image.o ds4_distributed.o ds4_tp.o ds4_ssd.o ds4_metal.o ds4_layer_pack.o -lm -pthread -framework Foundation -framework Metal
cc -O3 -ffast-math -g -mcpu=native -Wall -Wextra -std=c99 -o ds4-eval ds4_eval.o ds4_help.o ds4.o ds4_image.o ds4_distributed.o ds4_tp.o ds4_ssd.o ds4_metal.o ds4_layer_pack.o -lm -pthread -framework Foundation -framework Metal
cc -O3 -ffast-math -g -mcpu=native -Wall -Wextra -std=c99 -o ds4-agent ds4_agent.o ds4_help.o ds4_prompt_prefix.o ds4_web.o ds4_kvstore.o linenoise.o ds4_gpu_args.o ds4.o ds4_image.o ds4_distributed.o ds4_tp.o ds4_ssd.o ds4_metal.o ds4_layer_pack.o -lm -pthread -framework Foundation -framework Metal
cc -O3 -ffast-math -g -mcpu=native -Wall -Wextra -std=c99 -I. -c -o tests/test_qwen4_kernels.o tests/test_qwen4_kernels.c
cc -O3 -ffast-math -g -mcpu=native -Wall -Wextra -std=c99 -Wno-unused-function -DDS4_NO_GPU -c -o ds4_cpu.o ds4.c
ds4.c:19031:20: warning: unused variable 'n_head' [-Wunused-variable]
 19031 |     const uint32_t n_head = 24;
       |                    ^~~~~~
In file included from ds4.c:47064:
./ds4_dflash2.inc:815:11: warning: unused variable 'succ' [-Wunused-variable]
  815 |     float succ[256];
      |           ^~~~
ds4.c:47344:32: warning: unused variable 'dw' [-Wunused-variable]
 47344 |     const ds4_dflash2_weights *dw = &e->dflash2;
       |                                ^~
ds4.c:50138:13: warning: variable 'n_generated' set but not used [-Wunused-but-set-variable]
 50138 |         int n_generated = 0;
       |             ^
ds4.c:82212:14: warning: unused variable 'is_cpu' [-Wunused-variable]
 82212 |         bool is_cpu = (e->backend == DS4_BACKEND_CPU);
       |              ^~~~~~
ds4.c:18736:24: warning: unused variable 'g_qwen_global_mu' [-Wunused-variable]
 18736 | static pthread_mutex_t g_qwen_global_mu = PTHREAD_MUTEX_INITIALIZER;
       |                        ^~~~~~~~~~~~~~~~
cc -O3 -ffast-math -g -mcpu=native -Wall -Wextra -std=c99 -o tests/test_qwen4_kernels tests/test_qwen4_kernels.o ds4_metal.o ds4_image.o -lm -pthread -framework Foundation -framework Metal
6 warnings generated.
