ds4: Metal device Apple M5 Max, 128.00 GiB RAM
ds4: Metal 4 tensor API enabled for Tensor kernels
ds4: drift-patch flags hc_stable=on norm_unify=on kv_raw_f32=off rope_exp2_log2=off math_safe=off tensor_matmul=on
ds4: Metal model views created in 2.066 ms, residency requested in 371.868 ms, warmup 3.115 ms (mapped 82185.67 MiB from offset 5.09 MiB)
ds4: Metal mapped mmaped model as 1 overlapping shared buffers
ds4: metal backend initialized for graph diagnostics
ds4: memory: KV 0.37 GiB (raw 0.34 + compressed 0.03) + buffers 0.03 GiB + resident model 80.26 GiB = 80.66 GiB planned
ds4: memory detail: ctx=4096 prefill_cap=4096 raw_kv_rows=4096 compressed_kv_rows=1026 backend=metal
0906 17:03:55 ds4-server: context buffers 410.29 MiB (ctx=4096, backend=metal, prefill_chunk=4096, raw_kv_rows=4096, compressed_kv_rows=1026)
0906 17:03:55 ds4-server: listening on http://127.0.0.1:49670
0906 17:03:55 ds4-server: chat ctx=0..17:17 prompt start
0906 17:03:55 ds4-server: chat ctx=0..17:17 prompt done 0.340s
0906 17:03:55 ds4-server: chat ctx=0..17:17 greedy Metal chain start max=128
0906 17:03:56 ds4-server: chat ctx=17..67:50 gen=50 decoding chunk=43.36 t/s avg=43.36 t/s 1.153s
0906 17:03:58 ds4-server: chat ctx=67..117:50 gen=100 decoding chunk=42.71 t/s avg=43.03 t/s 2.324s
0906 17:03:58 ds4-server: chat ctx=117..145:28 gen=128 decoding chunk=41.15 t/s avg=42.60 t/s 3.004s
0906 17:03:58 ds4-server: chat ctx=0..17:17 gen=128 finish=length 3.344s
0906 17:03:58 ds4-server: live kv cache rewind-hit live=145 prompt=17 common=17 reused=16
0906 17:03:58 ds4-server: chat ctx=16..17:1 prompt start
0906 17:03:58 ds4-server: chat ctx=16..17:1 prompt done 0.024s
0906 17:03:58 ds4-server: chat ctx=16..17:1 greedy Metal chain start max=128
0906 17:03:59 ds4-server: chat ctx=17..67:50 gen=50 decoding chunk=43.64 t/s avg=43.64 t/s 1.146s
0906 17:04:01 ds4-server: chat ctx=67..117:50 gen=100 decoding chunk=43.03 t/s avg=43.33 t/s 2.308s
0906 17:04:01 ds4-server: chat ctx=117..145:28 gen=128 decoding chunk=41.41 t/s avg=42.90 t/s 2.984s
0906 17:04:01 ds4-server: chat ctx=16..17:1 gen=128 finish=length 3.008s
0906 17:04:01 ds4-server: live kv cache miss live=145 prompt=19 common=4 vision=match reason=token-mismatch
0906 17:04:01 ds4-server: chat ctx=0..19:19 prompt start
0906 17:04:02 ds4-server: chat ctx=0..19:19 prompt done 0.293s
0906 17:04:02 ds4-server: chat ctx=0..19:19 greedy Metal chain start max=128
0906 17:04:03 ds4-server: chat ctx=19..69:50 gen=50 decoding chunk=43.91 t/s avg=43.91 t/s 1.139s
0906 17:04:04 ds4-server: chat ctx=69..119:50 gen=100 decoding chunk=43.05 t/s avg=43.47 t/s 2.300s
0906 17:04:05 ds4-server: chat ctx=119..147:28 gen=128 decoding chunk=41.43 t/s avg=43.01 t/s 2.976s
0906 17:04:05 ds4-server: chat ctx=0..19:19 gen=128 finish=length 3.270s
0906 17:04:05 ds4-server: live kv cache miss live=147 prompt=24 common=2 vision=match reason=token-mismatch
0906 17:04:05 ds4-server: chat ctx=0..24:24 prompt start
0906 17:04:05 ds4-server: chat ctx=0..24:24 prompt done 0.310s
0906 17:04:05 ds4-server: chat ctx=0..24:24 greedy Metal chain start max=128
0906 17:04:06 ds4-server: chat ctx=24..74:50 gen=50 decoding chunk=43.86 t/s avg=43.86 t/s 1.140s
0906 17:04:07 ds4-server: chat ctx=74..124:50 gen=100 decoding chunk=42.98 t/s avg=43.42 t/s 2.303s
0906 17:04:08 ds4-server: chat ctx=124..152:28 gen=128 decoding chunk=41.25 t/s avg=42.92 t/s 2.982s
0906 17:04:08 ds4-server: chat ctx=0..24:24 gen=128 finish=length 3.292s
0906 17:04:08 ds4-server: live kv cache miss live=152 prompt=266 common=2 vision=match reason=token-mismatch
0906 17:04:08 ds4-server: chat ctx=0..266:266 prompt start
0906 17:04:09 ds4-server: chat ctx=0..266:266 prompt done 0.755s
0906 17:04:09 ds4-server: chat ctx=0..266:266 greedy Metal chain start max=256
0906 17:04:09 ds4-server: chat ctx=0..266:266 greedy Metal chain switching to prompt lookup after 23 tokens
0906 17:04:10 ds4-server: chat ctx=266..316:50 gen=50 decoding chunk=48.58 t/s avg=48.58 t/s 1.029s
0906 17:04:10 ds4-server: chat ctx=316..366:50 gen=100 decoding chunk=78.48 t/s avg=60.01 t/s 1.666s
0906 17:04:11 ds4-server: chat ctx=366..416:50 gen=150 decoding chunk=90.68 t/s avg=67.63 t/s 2.218s
0906 17:04:11 ds4-server: chat ctx=416..466:50 gen=200 decoding chunk=91.59 t/s avg=72.37 t/s 2.764s
0906 17:04:12 ds4-server: chat ctx=466..516:50 gen=250 decoding chunk=85.25 t/s avg=74.62 t/s 3.350s
0906 17:04:12 ds4-server: chat ctx=516..522:6 gen=256 decoding chunk=71.15 t/s avg=74.54 t/s 3.435s
0906 17:04:12 ds4-server: chat ctx=0..266:266 gen=256 finish=length 4.190s
0906 17:04:12 ds4-server: live kv cache miss live=522 prompt=421 common=2 vision=match reason=token-mismatch
0906 17:04:12 ds4-server: chat ctx=0..421:421 prompt start
0906 17:04:13 ds4-server: chat ctx=0..421:421 prompt done 0.904s
0906 17:04:13 ds4-server: chat ctx=0..421:421 greedy Metal chain start max=256
0906 17:04:14 ds4-server: chat ctx=0..421:421 greedy Metal chain switching to prompt lookup after 32 tokens
0906 17:04:14 ds4-server: chat ctx=421..471:50 gen=50 decoding chunk=37.63 t/s avg=37.63 t/s 1.329s
0906 17:04:15 ds4-server: chat ctx=471..521:50 gen=100 decoding chunk=62.36 t/s avg=46.94 t/s 2.130s
0906 17:04:16 ds4-server: chat ctx=521..571:50 gen=150 decoding chunk=76.77 t/s avg=53.93 t/s 2.782s
0906 17:04:16 ds4-server: chat ctx=571..599:28 gen=178 decoding chunk=105.16 t/s avg=58.40 t/s 3.048s
0906 17:04:16 ds4-server: chat ctx=0..421:421 gen=178 finish=stop 3.952s
0906 17:04:16 ds4-server: live kv cache miss live=599 prompt=17 common=2 vision=match reason=token-mismatch
0906 17:04:16 ds4-server: chat ctx=0..17:17 prompt start
0906 17:04:16 ds4-server: chat ctx=0..17:17 prompt done 0.245s
0906 17:04:17 ds4-server: chat ctx=17..44:27 gen=27 decoding chunk=41.65 t/s avg=41.65 t/s 0.648s
0906 17:04:17 ds4-server: chat ctx=0..17:17 gen=27 finish=stop 0.893s
0906 17:04:17 ds4-server: shutdown requested, draining requests
ds4: prompt-lookup summary: attempts=31 no_match=0 first_miss=0 verify_passes=31 drafted=327 committed=316 accept=96.6% tokens/pass=10.19 scan=0.02 ms total gate_skips=8 gate_partials=1 gate_ambiguous=0 parity_replays=0
