ds4: Metal device Apple M5 Max, 128.00 GiB RAM
ds4: Metal 4 tensor API enabled for Tensor kernels
ds4: drift-patch flags hc_stable=on norm_unify=on kv_raw_f32=off rope_exp2_log2=off math_safe=off tensor_matmul=on
ds4: Metal model views created in 2.586 ms, residency requested in 494.551 ms, warmup 3.847 ms (mapped 90220.81 MiB from offset 9.07 MiB)
ds4: Metal mapped mmaped model as 2 overlapping shared buffers
ds4: metal backend initialized for graph diagnostics
ds4: memory: KV 0.05 GiB (raw 0.00 + compressed 0.05) + buffers 5.69 GiB + resident model 88.11 GiB = 93.84 GiB planned
ds4: memory detail: ctx=4096 prefill_cap=4096 raw_kv_rows=0 compressed_kv_rows=4096 backend=metal
0906 17:04:59 ds4-server: context buffers 5875.94 MiB (ctx=4096, backend=metal, prefill_chunk=4096, raw_kv_rows=0, compressed_kv_rows=4096)
ds4: GLM graph using compact DSA KV only; expanded full-attention KV cache is skipped
ds4: GLM graph allocating compact DSA cache: rows=4096 logical_ctx=4096 kv_layers=45 indexer_layers=11 f16 0.05 GiB
ds4: GLM compact indexed prefill chunk=4096 score_rows=4096 score_scratch=16.00 MiB
0906 17:04:59 ds4-server: listening on http://127.0.0.1:49700
0906 17:04:59 ds4-server: chat ctx=0..20:20 prompt start
0906 17:05:00 ds4-server: chat ctx=0..20:20 prefill chunk 20/20 (100.0%) chunk=52.69 t/s avg=52.69 t/s 0.380s
0906 17:05:00 ds4-server: chat ctx=0..20:20 prompt done 0.390s
0906 17:05:01 ds4-server: chat ctx=20..70:50 gen=50 decoding chunk=35.27 t/s avg=35.27 t/s 1.418s
0906 17:05:02 ds4-server: chat ctx=70..120:50 gen=100 decoding chunk=35.17 t/s avg=35.22 t/s 2.839s
0906 17:05:03 ds4-server: chat ctx=120..148:28 gen=128 decoding chunk=35.24 t/s avg=35.22 t/s 3.634s
0906 17:05:03 ds4-server: chat ctx=0..20:20 gen=128 finish=length 4.027s
0906 17:05:03 ds4-server: live kv cache rewind-hit live=148 prompt=20 common=20 reused=20
0906 17:05:03 ds4-server: chat ctx=20..20:0 prompt start
0906 17:05:03 ds4-server: chat ctx=20..20:0 prompt done 0.001s
0906 17:05:05 ds4-server: chat ctx=20..70:50 gen=50 decoding chunk=35.24 t/s avg=35.24 t/s 1.419s
0906 17:05:06 ds4-server: chat ctx=70..120:50 gen=100 decoding chunk=35.18 t/s avg=35.21 t/s 2.840s
0906 17:05:07 ds4-server: chat ctx=120..148:28 gen=128 decoding chunk=34.45 t/s avg=35.04 t/s 3.653s
0906 17:05:07 ds4-server: chat ctx=20..20:0 gen=128 finish=length 3.657s
0906 17:05:07 ds4-server: live kv cache miss live=148 prompt=22 common=5 vision=match reason=token-mismatch
0906 17:05:07 ds4-server: chat ctx=0..22:22 prompt start
0906 17:05:07 ds4-server: chat ctx=0..22:22 prefill chunk 22/22 (100.0%) chunk=72.91 t/s avg=72.91 t/s 0.302s
0906 17:05:07 ds4-server: chat ctx=0..22:22 prompt done 0.304s
0906 17:05:09 ds4-server: chat ctx=22..72:50 gen=50 decoding chunk=35.04 t/s avg=35.04 t/s 1.427s
0906 17:05:10 ds4-server: chat ctx=72..122:50 gen=100 decoding chunk=35.21 t/s avg=35.13 t/s 2.847s
0906 17:05:11 ds4-server: chat ctx=122..150:28 gen=128 decoding chunk=35.12 t/s avg=35.12 t/s 3.644s
0906 17:05:11 ds4-server: chat ctx=0..22:22 gen=128 finish=length 3.949s
0906 17:05:11 ds4-server: live kv cache miss live=150 prompt=26 common=3 vision=match reason=token-mismatch
0906 17:05:11 ds4-server: chat ctx=0..26:26 prompt start
0906 17:05:11 ds4-server: chat ctx=0..26:26 prefill chunk 26/26 (100.0%) chunk=80.80 t/s avg=80.80 t/s 0.322s
0906 17:05:11 ds4-server: chat ctx=0..26:26 prompt done 0.325s
0906 17:05:13 ds4-server: chat ctx=26..76:50 gen=50 decoding chunk=35.28 t/s avg=35.28 t/s 1.417s
0906 17:05:14 ds4-server: chat ctx=76..126:50 gen=100 decoding chunk=35.25 t/s avg=35.26 t/s 2.836s
0906 17:05:15 ds4-server: chat ctx=126..154:28 gen=128 decoding chunk=35.11 t/s avg=35.23 t/s 3.633s
0906 17:05:15 ds4-server: chat ctx=0..26:26 gen=128 finish=length 3.959s
0906 17:05:15 ds4-server: live kv cache miss live=154 prompt=259 common=3 vision=match reason=token-mismatch
0906 17:05:15 ds4-server: chat ctx=0..259:259 prompt start
0906 17:05:16 ds4-server: chat ctx=0..259:259 prefill chunk 259/259 (100.0%) chunk=285.48 t/s avg=285.48 t/s 0.907s
0906 17:05:16 ds4-server: chat ctx=0..259:259 prompt done 0.909s
0906 17:05:17 ds4-server: chat ctx=259..309:50 gen=50 decoding chunk=33.75 t/s avg=33.75 t/s 1.481s
0906 17:05:19 ds4-server: chat ctx=309..359:50 gen=100 decoding chunk=34.37 t/s avg=34.06 t/s 2.936s
0906 17:05:20 ds4-server: chat ctx=359..409:50 gen=150 decoding chunk=34.30 t/s avg=34.14 t/s 4.394s
0906 17:05:22 ds4-server: chat ctx=409..459:50 gen=200 decoding chunk=34.15 t/s avg=34.14 t/s 5.858s
0906 17:05:23 ds4-server: chat ctx=459..509:50 gen=250 decoding chunk=33.78 t/s avg=34.07 t/s 7.339s
0906 17:05:23 ds4-server: chat ctx=509..515:6 gen=256 decoding chunk=33.79 t/s avg=34.06 t/s 7.516s
0906 17:05:23 ds4-server: chat ctx=0..259:259 gen=256 finish=length 8.425s
0906 17:05:23 ds4-server: live kv cache miss live=515 prompt=382 common=3 vision=match reason=token-mismatch
0906 17:05:23 ds4-server: chat ctx=0..382:382 prompt start
0906 17:05:24 ds4-server: chat ctx=0..382:382 prefill chunk 382/382 (100.0%) chunk=315.04 t/s avg=315.04 t/s 1.213s
0906 17:05:24 ds4-server: chat ctx=0..382:382 prompt done 1.216s
0906 17:05:26 ds4-server: chat ctx=382..432:50 gen=50 decoding chunk=34.05 t/s avg=34.05 t/s 1.468s
0906 17:05:27 ds4-server: chat ctx=432..482:50 gen=100 decoding chunk=34.01 t/s avg=34.03 t/s 2.938s
0906 17:05:29 ds4-server: chat ctx=482..532:50 gen=150 decoding chunk=33.95 t/s avg=34.01 t/s 4.411s
0906 17:05:30 ds4-server: chat ctx=532..582:50 gen=200 decoding chunk=33.74 t/s avg=33.94 t/s 5.893s
0906 17:05:32 ds4-server: chat ctx=582..632:50 gen=250 decoding chunk=33.56 t/s avg=33.86 t/s 7.383s
0906 17:05:32 ds4-server: chat ctx=632..638:6 gen=256 decoding chunk=33.29 t/s avg=33.85 t/s 7.563s
0906 17:05:32 ds4-server: chat ctx=0..382:382 gen=256 finish=length 8.779s
0906 17:05:32 ds4-server: live kv cache miss live=638 prompt=20 common=3 vision=match reason=token-mismatch
0906 17:05:32 ds4-server: chat ctx=0..20:20 prompt start
0906 17:05:32 ds4-server: chat ctx=0..20:20 prefill chunk 20/20 (100.0%) chunk=70.77 t/s avg=70.77 t/s 0.283s
0906 17:05:32 ds4-server: chat ctx=0..20:20 prompt done 0.284s
0906 17:05:33 ds4-server: chat ctx=20..31:11 gen=11 decoding chunk=35.46 t/s avg=35.46 t/s 0.310s
0906 17:05:33 ds4-server: chat ctx=0..20:20 gen=11 finish=stop 0.595s
0906 17:05:33 ds4-server: shutdown requested, draining requests
