ds4: Metal device Apple M5 Max, 128.00 GiB RAM
ds4: Metal 4 tensor API enabled for Tensor kernels
ds4: drift-patch flags hc_stable=on norm_unify=on kv_raw_f32=off rope_exp2_log2=off math_safe=off tensor_matmul=on
ds4: Metal model views created in 2.843 ms, residency requested in 8816.493 ms, warmup 3.314 ms (mapped 82185.67 MiB from offset 5.09 MiB)
ds4: Metal mapped mmaped model as 1 overlapping shared buffers
ds4: metal backend initialized for graph diagnostics
ds4: memory: KV 0.37 GiB (raw 0.34 + compressed 0.03) + buffers 0.03 GiB + resident model 80.26 GiB = 80.66 GiB planned
ds4: memory detail: ctx=4096 prefill_cap=4096 raw_kv_rows=4096 compressed_kv_rows=1026 backend=metal
0905 21:38:35 ds4-server: context buffers 410.29 MiB (ctx=4096, backend=metal, prefill_chunk=4096, raw_kv_rows=4096, compressed_kv_rows=1026)
0905 21:38:35 ds4-server: listening on http://127.0.0.1:62748
0905 21:38:35 ds4-server: chat ctx=0..22:22 prompt start
0905 21:38:36 ds4-server: chat ctx=0..22:22 prompt done 0.376s
0905 21:38:36 ds4-server: chat ctx=0..22:22 greedy Metal chain start max=128
0905 21:38:37 ds4-server: chat ctx=22..72:50 gen=50 decoding chunk=49.93 t/s avg=49.93 t/s 1.001s
0905 21:38:38 ds4-server: chat ctx=72..122:50 gen=100 decoding chunk=48.71 t/s avg=49.31 t/s 2.028s
0905 21:38:38 ds4-server: chat ctx=122..150:28 gen=128 decoding chunk=46.88 t/s avg=48.76 t/s 2.625s
0905 21:38:38 ds4-server: chat ctx=0..22:22 gen=128 finish=length 3.005s
0905 21:38:38 ds4-server: live kv cache rewind-hit live=150 prompt=22 common=22 reused=21
0905 21:38:38 ds4-server: chat ctx=21..22:1 prompt start
0905 21:38:38 ds4-server: chat ctx=21..22:1 prompt done 0.021s
0905 21:38:38 ds4-server: chat ctx=21..22:1 greedy Metal chain start max=128
0905 21:38:39 ds4-server: chat ctx=22..72:50 gen=50 decoding chunk=49.62 t/s avg=49.62 t/s 1.008s
0905 21:38:40 ds4-server: chat ctx=72..122:50 gen=100 decoding chunk=49.19 t/s avg=49.40 t/s 2.024s
0905 21:38:41 ds4-server: chat ctx=122..150:28 gen=128 decoding chunk=47.23 t/s avg=48.91 t/s 2.617s
0905 21:38:41 ds4-server: chat ctx=21..22:1 gen=128 finish=length 2.638s
0905 21:38:41 ds4-server: live kv cache miss live=150 prompt=19 common=4 vision=match reason=token-mismatch
0905 21:38:41 ds4-server: chat ctx=0..19:19 prompt start
0905 21:38:41 ds4-server: chat ctx=0..19:19 prompt done 0.269s
0905 21:38:42 ds4-server: chat ctx=19..69:50 gen=50 decoding chunk=47.62 t/s avg=47.62 t/s 1.050s
0905 21:38:43 ds4-server: chat ctx=69..119:50 gen=100 decoding chunk=47.52 t/s avg=47.57 t/s 2.102s
0905 21:38:44 ds4-server: chat ctx=119..147:28 gen=128 decoding chunk=47.45 t/s avg=47.54 t/s 2.692s
0905 21:38:44 ds4-server: chat ctx=0..19:19 gen=128 finish=length 2.961s
0905 21:38:44 ds4-server: live kv cache miss live=147 prompt=24 common=2 vision=match reason=token-mismatch
0905 21:38:44 ds4-server: chat ctx=0..24:24 prompt start
0905 21:38:44 ds4-server: chat ctx=0..24:24 prompt done 0.280s
0905 21:38:44 ds4-server: chat ctx=0..24:24 greedy Metal chain start max=128
0905 21:38:45 ds4-server: chat ctx=24..74:50 gen=50 decoding chunk=50.29 t/s avg=50.29 t/s 0.994s
0905 21:38:46 ds4-server: chat ctx=74..124:50 gen=100 decoding chunk=46.66 t/s avg=48.41 t/s 2.066s
0905 21:38:47 ds4-server: chat ctx=124..152:28 gen=128 decoding chunk=45.65 t/s avg=47.78 t/s 2.679s
0905 21:38:47 ds4-server: chat ctx=0..24:24 gen=128 finish=length 2.960s
0905 21:38:47 ds4-server: shutdown requested, draining requests
