ds4: Metal device Apple M5 Max, 128.00 GiB RAM
ds4: Metal 4 tensor API enabled for Tensor kernels
ds4: drift-patch flags hc_stable=on norm_unify=on kv_raw_f32=off rope_exp2_log2=off math_safe=off tensor_matmul=on
ds4: Metal model views created in 2.589 ms, residency requested in 8720.210 ms, warmup 3.400 ms (mapped 90220.81 MiB from offset 9.07 MiB)
ds4: Metal mapped mmaped model as 2 overlapping shared buffers
ds4: metal backend initialized for graph diagnostics
ds4: memory: KV 0.05 GiB (raw 0.00 + compressed 0.05) + buffers 5.69 GiB + resident model 88.11 GiB = 93.84 GiB planned
ds4: memory detail: ctx=4096 prefill_cap=4096 raw_kv_rows=0 compressed_kv_rows=4096 backend=metal
0905 21:38:56 ds4-server: context buffers 5875.94 MiB (ctx=4096, backend=metal, prefill_chunk=4096, raw_kv_rows=0, compressed_kv_rows=4096)
ds4: GLM graph using compact DSA KV only; expanded full-attention KV cache is skipped
ds4: GLM graph allocating compact DSA cache: rows=4096 logical_ctx=4096 kv_layers=45 indexer_layers=11 f16 0.05 GiB
ds4: GLM compact indexed prefill chunk=4096 score_rows=4096 score_scratch=16.00 MiB
0905 21:38:56 ds4-server: listening on http://127.0.0.1:62782
0905 21:38:56 ds4-server: chat ctx=0..23:23 prompt start
0905 21:38:57 ds4-server: chat ctx=0..23:23 prefill chunk 23/23 (100.0%) chunk=56.49 t/s avg=56.49 t/s 0.407s
0905 21:38:57 ds4-server: chat ctx=0..23:23 prompt done 0.417s
0905 21:38:58 ds4-server: chat ctx=23..73:50 gen=50 decoding chunk=38.86 t/s avg=38.86 t/s 1.287s
0905 21:38:59 ds4-server: chat ctx=73..123:50 gen=100 decoding chunk=39.24 t/s avg=39.05 t/s 2.561s
0905 21:39:00 ds4-server: chat ctx=123..151:28 gen=128 decoding chunk=38.58 t/s avg=38.94 t/s 3.287s
0905 21:39:00 ds4-server: chat ctx=0..23:23 gen=128 finish=length 3.704s
0905 21:39:00 ds4-server: live kv cache rewind-hit live=151 prompt=23 common=23 reused=23
0905 21:39:00 ds4-server: chat ctx=23..23:0 prompt start
0905 21:39:00 ds4-server: chat ctx=23..23:0 prompt done 0.001s
0905 21:39:01 ds4-server: chat ctx=23..73:50 gen=50 decoding chunk=39.23 t/s avg=39.23 t/s 1.274s
0905 21:39:02 ds4-server: chat ctx=73..123:50 gen=100 decoding chunk=39.26 t/s avg=39.25 t/s 2.548s
0905 21:39:03 ds4-server: chat ctx=123..151:28 gen=128 decoding chunk=39.17 t/s avg=39.23 t/s 3.263s
0905 21:39:03 ds4-server: chat ctx=23..23:0 gen=128 finish=length 3.264s
0905 21:39:03 ds4-server: live kv cache miss live=151 prompt=22 common=5 vision=match reason=token-mismatch
0905 21:39:03 ds4-server: chat ctx=0..22:22 prompt start
0905 21:39:03 ds4-server: chat ctx=0..22:22 prefill chunk 22/22 (100.0%) chunk=78.13 t/s avg=78.13 t/s 0.282s
0905 21:39:03 ds4-server: chat ctx=0..22:22 prompt done 0.285s
0905 21:39:05 ds4-server: chat ctx=22..72:50 gen=50 decoding chunk=37.84 t/s avg=37.84 t/s 1.321s
0905 21:39:06 ds4-server: chat ctx=72..122:50 gen=100 decoding chunk=38.01 t/s avg=37.93 t/s 2.637s
0905 21:39:07 ds4-server: chat ctx=122..150:28 gen=128 decoding chunk=38.11 t/s avg=37.97 t/s 3.371s
0905 21:39:07 ds4-server: chat ctx=0..22:22 gen=128 finish=length 3.656s
0905 21:39:07 ds4-server: live kv cache miss live=150 prompt=26 common=3 vision=match reason=token-mismatch
0905 21:39:07 ds4-server: chat ctx=0..26:26 prompt start
0905 21:39:07 ds4-server: chat ctx=0..26:26 prefill chunk 26/26 (100.0%) chunk=84.93 t/s avg=84.93 t/s 0.306s
0905 21:39:07 ds4-server: chat ctx=0..26:26 prompt done 0.309s
0905 21:39:08 ds4-server: chat ctx=26..76:50 gen=50 decoding chunk=38.78 t/s avg=38.78 t/s 1.289s
0905 21:39:10 ds4-server: chat ctx=76..126:50 gen=100 decoding chunk=39.00 t/s avg=38.89 t/s 2.571s
0905 21:39:10 ds4-server: chat ctx=126..154:28 gen=128 decoding chunk=38.77 t/s avg=38.86 t/s 3.294s
0905 21:39:10 ds4-server: chat ctx=0..26:26 gen=128 finish=length 3.603s
0905 21:39:10 ds4-server: shutdown requested, draining requests
