ds4: Metal device Apple M5 Max, 128.00 GiB RAM
ds4: Metal 4 tensor API enabled for Tensor kernels
ds4: drift-patch flags hc_stable=on norm_unify=on kv_raw_f32=off rope_exp2_log2=off math_safe=off tensor_matmul=on
ds4: Metal model views created in 3.355 ms, residency requested in 10299.938 ms, warmup 4.170 ms (mapped 90220.81 MiB from offset 9.07 MiB)
ds4: Metal mapped mmaped model as 2 overlapping shared buffers
ds4: metal backend initialized for graph diagnostics
ds4: memory: KV 0.45 GiB (raw 0.00 + compressed 0.45) + buffers 0.51 GiB + resident model 88.11 GiB = 89.06 GiB planned
ds4: memory detail: ctx=40000 prefill_cap=256 raw_kv_rows=0 compressed_kv_rows=40000 backend=metal
0914 04:12:13 ds4-server: context buffers 975.57 MiB (ctx=40000, backend=metal, prefill_chunk=256, raw_kv_rows=0, compressed_kv_rows=40000)
ds4: GLM session ctx=40000 (model max=1048576); full-attention prefill/work cap=4096; compact indexed decode is used beyond the cap
ds4: GLM graph using compact DSA KV only; expanded full-attention KV cache is skipped
ds4: GLM graph allocating compact DSA cache: rows=40000 logical_ctx=40000 kv_layers=45 indexer_layers=11 f16 0.45 GiB
ds4: GLM compact indexed prefill chunk=256 score_rows=256 score_scratch=9.77 MiB
0914 04:12:13 ds4-server: tracing session to /Users/brianfarley/Desktop/ds4-model-api-health/speed-bench/api-health/glm53-regression/trace.log
0914 04:12:13 ds4-server: listening on http://127.0.0.1:53975
0914 04:12:13 ds4-server: chat ctx=0..56:56 prompt start
0914 04:12:14 ds4-server: chat ctx=0..56:56 prefill chunk 56/56 (100.0%) chunk=146.96 t/s avg=146.96 t/s 0.381s
0914 04:12:14 ds4-server: chat ctx=0..56:56 prompt done 0.387s
ds4: glm mtp cycle: verify2 39.3 ms, head+draft 4.1 ms, reject [save 0.0 forward 39.2 row0-head 1.8 post 2.3] margin 1.1788 (draft 444 ' L' vs true 35821 'RU')
ds4: glm mtp cycle: verify2 35.0 ms, head+draft 4.4 ms, ACCEPT [save 0.0 forward 35.0 row0-head 1.8 post 2.6] margin 1.68811 (draft 19442 ' Cache' vs true 19442 ' Cache')
ds4: glm mtp cycle: verify2 34.9 ms, head+draft 4.4 ms, ACCEPT [save 0.0 forward 34.9 row0-head 1.7 post 2.7] margin 1.14015 (draft 271 '

' vs true 271 '

')
ds4: glm mtp cycle: verify2 35.1 ms, head+draft 4.4 ms, ACCEPT [save 0.0 forward 35.1 row0-head 1.7 post 2.6] margin 2.54622 (draft 374 ' is' vs true 374 ' is')
ds4: glm mtp cycle: verify2 35.0 ms, head+draft 4.3 ms, ACCEPT [save 0.0 forward 35.0 row0-head 1.7 post 2.6] margin 2.95377 (draft 4583 ' complete' vs true 4583 ' complete')
ds4: glm mtp cycle: verify2 35.3 ms, head+draft 4.4 ms, ACCEPT [save 0.0 forward 35.3 row0-head 1.7 post 2.7] margin 7.13143 (draft 35821 'RU' vs true 35821 'RU')
ds4: glm mtp cycle: verify2 34.9 ms, head+draft 4.0 ms, reject [save 0.0 forward 34.9 row0-head 1.6 post 2.4] margin 1.53474 (draft 448 ' with' vs true 5798 ' built')
ds4: glm mtp cycle: verify2 35.0 ms, head+draft 4.5 ms, ACCEPT [save 0.0 forward 35.0 row0-head 1.8 post 2.7] margin 1.87377 (draft 448 ' with' vs true 448 ' with')
ds4: glm mtp confidence skip: margin 0.271328 < 1
ds4: glm mtp confidence skip: margin 0.302244 < 1
ds4: glm mtp cycle: verify2 35.1 ms, head+draft 4.5 ms, ACCEPT [save 0.0 forward 35.1 row0-head 1.8 post 2.7] margin 1.52424 (draft 1140 ' list' vs true 1140 ' list')
ds4: glm mtp confidence skip: margin 0.40505 < 1
ds4: glm mtp cycle: verify2 35.2 ms, head+draft 4.3 ms, ACCEPT [save 0.0 forward 35.2 row0-head 1.7 post 2.6] margin 2.38898 (draft 11 ',' vs true 11 ',')
ds4: glm mtp cycle: verify2 35.4 ms, head+draft 4.3 ms, ACCEPT [save 0.0 forward 35.4 row0-head 1.7 post 2.6] margin 1.72776 (draft 264 ' a' vs true 264 ' a')
ds4: glm mtp confidence skip: margin 0.855234 < 1
ds4: glm mtp cycle: verify2 35.6 ms, head+draft 4.7 ms, ACCEPT [save 0.0 forward 35.6 row0-head 1.9 post 2.9] margin 4.67455 (draft 1273 ' test' vs true 1273 ' test')
ds4: glm mtp cycle: verify2 36.6 ms, head+draft 4.8 ms, ACCEPT [save 0.0 forward 36.6 row0-head 1.9 post 2.9] margin 1.56367 (draft 382 '.

' vs true 382 '.

')
ds4: glm mtp cycle: verify2 36.6 ms, head+draft 4.7 ms, ACCEPT [save 0.0 forward 36.6 row0-head 1.9 post 2.9] margin 4.11086 (draft 12663 'python' vs true 12663 'python')
ds4: glm mtp cycle: verify2 36.5 ms, head+draft 5.0 ms, ACCEPT [save 0.0 forward 36.5 row0-head 2.1 post 2.9] margin 2.60657 (draft 12593 '"""' vs true 12593 '"""')
ds4: glm mtp cycle: verify2 35.7 ms, head+draft 4.6 ms, ACCEPT [save 0.0 forward 35.7 row0-head 1.7 post 2.9] margin 3.61238 (draft 52 'U' vs true 52 'U')
ds4: glm mtp confidence skip: margin 0.43354 < 1
ds4: glm mtp cycle: verify2 36.2 ms, head+draft 4.7 ms, ACCEPT [save 0.0 forward 36.2 row0-head 1.8 post 2.9] margin 6.86768 (draft 553 ' by' vs true 553 ' by')
ds4: glm mtp cycle: verify2 36.5 ms, head+draft 4.6 ms, ACCEPT [save 0.0 forward 36.5 row0-head 1.8 post 2.8] margin 3.65557 (draft 93100 ' doubly' vs true 93100 ' doubly')
ds4: glm mtp cycle: verify2 37.0 ms, head+draft 4.7 ms, ACCEPT [save 0.0 forward 37.0 row0-head 1.8 post 2.9] margin 7.83056 (draft 1140 ' list' vs true 1140 ' list')
ds4: glm mtp cycle: verify2 36.9 ms, head+draft 4.6 ms, ACCEPT [save 0.0 forward 36.9 row0-head 1.7 post 2.9] margin 4.27411 (draft 264 ' a' vs true 264 ' a')
ds4: glm mtp cycle: verify2 36.3 ms, head+draft 4.6 ms, ACCEPT [save 0.0 forward 36.3 row0-head 1.7 post 2.8] margin 4.49489 (draft 2415 ' map' vs true 2415 ' map')
ds4: glm mtp cycle: verify2 35.4 ms, head+draft 4.1 ms, reject [save 0.0 forward 35.4 row0-head 1.8 post 2.3] margin 2.09543 (draft 12663 'python' vs true 1499 'from')
ds4: glm mtp confidence skip: margin 0.180569 < 1
ds4: glm mtp cycle: verify2 35.6 ms, head+draft 4.5 ms, ACCEPT [save 0.0 forward 35.6 row0-head 1.7 post 2.8] margin 8.64077 (draft 21008 'future' vs true 21008 'future')
0914 04:12:15 ds4-server: chat ctx=56..106:50 gen=50 decoding chunk=44.03 t/s avg=44.03 t/s 1.136s
ds4: glm mtp cycle: verify2 35.8 ms, head+draft 4.5 ms, ACCEPT [save 0.0 forward 35.8 row0-head 1.7 post 2.8] margin 4.75537 (draft 1159 ' import' vs true 1159 ' import')
ds4: glm mtp cycle: verify2 36.5 ms, head+draft 4.4 ms, ACCEPT [save 0.0 forward 36.5 row0-head 1.7 post 2.7] margin 2.02475 (draft 271 '

' vs true 271 '

')
ds4: glm mtp cycle: verify2 36.3 ms, head+draft 4.8 ms, ACCEPT [save 0.0 forward 36.3 row0-head 1.7 post 3.0] margin 2.05229 (draft 19459 ' typing' vs true 19459 ' typing')
ds4: glm mtp cycle: verify2 36.1 ms, head+draft 5.7 ms, ACCEPT [save 0.0 forward 36.1 row0-head 1.8 post 4.0] margin 4.43818 (draft 5765 ' Any' vs true 5765 ' Any')
ds4: glm mtp confidence skip: margin 0.494734 < 1
ds4: glm mtp cycle: verify2 36.7 ms, head+draft 4.7 ms, reject [save 0.0 forward 36.7 row0-head 1.9 post 2.7] margin 1.69464 (draft 11 ',' vs true 480 'able')
ds4: glm mtp cycle: verify2 37.7 ms, head+draft 5.1 ms, ACCEPT [save 0.0 forward 37.7 row0-head 1.9 post 3.2] margin 2.61973 (draft 11 ',' vs true 11 ',')
ds4: glm mtp cycle: verify2 36.7 ms, head+draft 5.6 ms, ACCEPT [save 0.0 forward 36.7 row0-head 1.8 post 3.9] margin 2.65722 (draft 1406 '


' vs true 1406 '


')
ds4: glm mtp cycle: verify2 36.4 ms, head+draft 4.2 ms, reject [save 0.0 forward 36.4 row0-head 1.7 post 2.4] margin 2.96116 (draft 6018 ' Node' vs true 716 ' _')
ds4: glm mtp cycle: verify2 35.8 ms, head+draft 4.4 ms, ACCEPT [save 0.0 forward 35.8 row0-head 1.7 post 2.7] margin 2.45032 (draft 1955 'Node' vs true 1955 'Node')
ds4: glm mtp cycle: verify2 35.4 ms, head+draft 4.6 ms, ACCEPT [save 0.0 forward 35.4 row0-head 1.8 post 2.8] margin 10.7647 (draft 262 '   ' vs true 262 '   ')
ds4: glm mtp confidence skip: margin 0.042223 < 1
ds4: glm mtp cycle: verify2 36.3 ms, head+draft 4.7 ms, ACCEPT [save 0.0 forward 36.3 row0-head 1.8 post 2.9] margin 2.21868 (draft 5482 'oub' vs true 5482 'oub')
ds4: glm mtp cycle: verify2 35.5 ms, head+draft 4.4 ms, ACCEPT [save 0.0 forward 35.5 row0-head 1.6 post 2.7] margin 5.87615 (draft 10587 ' linked' vs true 10587 ' linked')
ds4: glm mtp cycle: verify2 35.9 ms, head+draft 4.6 ms, ACCEPT [save 0.0 forward 35.9 row0-head 1.8 post 2.7] margin 9.19226 (draft 2436 ' node' vs true 2436 ' node')
ds4: glm mtp cycle: verify2 35.3 ms, head+draft 4.3 ms, ACCEPT [save 0.0 forward 35.3 row0-head 1.7 post 2.7] margin 2.14551 (draft 264 ' a' vs true 264 ' a')
ds4: glm mtp cycle: verify2 35.6 ms, head+draft 4.2 ms, reject [save 0.0 forward 35.6 row0-head 1.7 post 2.4] margin 4.51047 (draft 1376 ' key' vs true 4343 ' entry')
ds4: glm mtp cycle: verify2 35.8 ms, head+draft 4.5 ms, ACCEPT [save 0.0 forward 35.8 row0-head 1.7 post 2.8] margin 1.8685 (draft 29077 '."""

' vs true 29077 '."""

')
ds4: glm mtp cycle: verify2 35.6 ms, head+draft 4.4 ms, ACCEPT [save 0.0 forward 35.6 row0-head 1.7 post 2.7] margin 5.83253 (draft 1304 ' __' vs true 1304 ' __')
ds4: glm mtp cycle: verify2 36.0 ms, head+draft 4.5 ms, ACCEPT [save 0.0 forward 36.0 row0-head 1.7 post 2.7] margin 11.1875 (draft 563 '__' vs true 563 '__')
ds4: glm mtp cycle: verify2 35.2 ms, head+draft 4.4 ms, ACCEPT [save 0.0 forward 35.2 row0-head 1.7 post 2.7] margin 8.48664 (draft 3489 ' ("' vs true 3489 ' ("')
ds4: glm mtp cycle: verify2 35.8 ms, head+draft 4.5 ms, ACCEPT [save 0.0 forward 35.8 row0-head 1.8 post 2.7] margin 6.46434 (draft 497 '",' vs true 497 '",')
ds4: glm mtp cycle: verify2 35.4 ms, head+draft 4.3 ms, ACCEPT [save 0.0 forward 35.4 row0-head 1.7 post 2.6] margin 7.83184 (draft 957 'value' vs true 957 'value')
ds4: glm mtp cycle: verify2 35.9 ms, head+draft 4.4 ms, ACCEPT [save 0.0 forward 35.9 row0-head 1.7 post 2.7] margin 9.39065 (draft 330 ' "' vs true 330 ' "')
ds4: glm mtp cycle: verify2 35.4 ms, head+draft 4.3 ms, ACCEPT [save 0.0 forward 35.4 row0-head 1.6 post 2.7] margin 9.08775 (draft 497 '",' vs true 497 '",')
ds4: glm mtp cycle: verify2 35.9 ms, head+draft 4.5 ms, ACCEPT [save 0.0 forward 35.9 row0-head 1.8 post 2.7] margin 4.06391 (draft 3600 'next' vs true 3600 'next')
ds4: glm mtp cycle: verify2 35.7 ms, head+draft 4.5 ms, ACCEPT [save 0.0 forward 35.7 row0-head 1.7 post 2.8] margin 9.12336 (draft 262 '   ' vs true 262 '   ')
ds4: glm mtp cycle: verify2 35.9 ms, head+draft 4.6 ms, ACCEPT [save 0.0 forward 35.9 row0-head 1.8 post 2.9] margin 13.9614 (draft 1304 ' __' vs true 1304 ' __')
0914 04:12:16 ds4-server: chat ctx=106..156:50 gen=100 decoding chunk=44.92 t/s avg=44.47 t/s 2.249s
ds4: glm mtp cycle: verify2 35.6 ms, head+draft 4.5 ms, ACCEPT [save 0.0 forward 35.6 row0-head 1.7 post 2.7] margin 4.77619 (draft 3804 '__(' vs true 3804 '__(')
ds4: glm mtp cycle: verify2 35.7 ms, head+draft 4.4 ms, ACCEPT [save 0.0 forward 35.7 row0-head 1.7 post 2.6] margin 10.4676 (draft 11 ',' vs true 11 ',')
ds4: glm mtp cycle: verify2 35.4 ms, head+draft 4.4 ms, ACCEPT [save 0.0 forward 35.4 row0-head 1.8 post 2.7] margin 6.95524 (draft 25 ':' vs true 25 ':')
ds4: glm mtp cycle: verify2 35.6 ms, head+draft 4.5 ms, ACCEPT [save 0.0 forward 35.6 row0-head 1.8 post 2.7] margin 14.3353 (draft 480 'able' vs true 480 'able')
ds4: glm mtp cycle: verify2 35.4 ms, head+draft 4.6 ms, ACCEPT [save 0.0 forward 35.4 row0-head 1.8 post 2.9] margin 8.38475 (draft 897 ' value' vs true 897 ' value')
ds4: glm mtp cycle: verify2 36.0 ms, head+draft 4.6 ms, ACCEPT [save 0.0 forward 36.0 row0-head 1.7 post 2.9] margin 10.274 (draft 5765 ' Any' vs true 5765 ' Any')
ds4: glm mtp cycle: verify2 35.5 ms, head+draft 4.4 ms, ACCEPT [save 0.0 forward 35.5 row0-head 1.7 post 2.7] margin 5.88282 (draft 1464 ' ->' vs true 1464 ' ->')
ds4: glm mtp cycle: verify2 35.8 ms, head+draft 4.4 ms, ACCEPT [save 0.0 forward 35.8 row0-head 1.7 post 2.7] margin 9.24845 (draft 510 ':
' vs true 510 ':
')
ds4: glm mtp cycle: verify2 35.4 ms, head+draft 4.4 ms, ACCEPT [save 0.0 forward 35.4 row0-head 1.7 post 2.7] margin 9.49348 (draft 656 ' self' vs true 656 ' self')
ds4: glm mtp cycle: verify2 36.0 ms, head+draft 4.1 ms, reject [save 0.0 forward 36.0 row0-head 1.8 post 2.3] margin 1.2146 (draft 284 ' =' vs true 25 ':')
ds4: glm mtp cycle: verify2 35.6 ms, head+draft 4.4 ms, ACCEPT [save 0.0 forward 35.6 row0-head 1.8 post 2.7] margin 2.92541 (draft 6531 ' Hash' vs true 6531 ' Hash')
ds4: glm mtp cycle: verify2 35.7 ms, head+draft 4.4 ms, ACCEPT [save 0.0 forward 35.7 row0-head 1.7 post 2.7] margin 7.37179 (draft 284 ' =' vs true 284 ' =')
ds4: glm mtp cycle: verify2 36.0 ms, head+draft 4.5 ms, ACCEPT [save 0.0 forward 36.0 row0-head 1.8 post 2.7] margin 7.44688 (draft 198 '
' vs true 198 '
')
ds4: glm mtp cycle: verify2 35.3 ms, head+draft 4.4 ms, ACCEPT [save 0.0 forward 35.3 row0-head 1.7 post 2.7] margin 7.13134 (draft 656 ' self' vs true 656 ' self')
ds4: glm mtp cycle: verify2 35.9 ms, head+draft 4.4 ms, ACCEPT [save 0.0 forward 35.9 row0-head 1.7 post 2.7] margin 5.3341 (draft 25 ':' vs true 25 ':')
ds4: glm mtp cycle: verify2 35.7 ms, head+draft 4.5 ms, ACCEPT [save 0.0 forward 35.7 row0-head 1.8 post 2.8] margin 5.91584 (draft 284 ' =' vs true 284 ' =')
ds4: glm mtp cycle: verify2 35.6 ms, head+draft 4.5 ms, ACCEPT [save 0.0 forward 35.6 row0-head 1.8 post 2.7] margin 10.9957 (draft 198 '
' vs true 198 '
')
ds4: glm mtp cycle: verify2 35.7 ms, head+draft 4.5 ms, ACCEPT [save 0.0 forward 35.7 row0-head 1.8 post 2.7] margin 11.3848 (draft 656 ' self' vs true 656 ' self')
ds4: glm mtp cycle: verify2 35.8 ms, head+draft 4.2 ms, ACCEPT [save 0.0 forward 35.8 row0-head 1.6 post 2.6] margin 7.46596 (draft 25 ':' vs true 25 ':')
ds4: glm mtp confidence skip: margin 0.304356 < 1
ds4: glm mtp cycle: verify2 35.5 ms, head+draft 4.5 ms, ACCEPT [save 0.0 forward 35.5 row0-head 1.7 post 2.8] margin 10.607 (draft 1955 'Node' vs true 1955 'Node')
ds4: glm mtp cycle: verify2 36.0 ms, head+draft 4.4 ms, ACCEPT [save 0.0 forward 36.0 row0-head 1.7 post 2.7] margin 13.2467 (draft 284 ' =' vs true 284 ' =')
ds4: glm mtp cycle: verify2 35.6 ms, head+draft 4.5 ms, ACCEPT [save 0.0 forward 35.6 row0-head 1.8 post 2.7] margin 7.4595 (draft 198 '
' vs true 198 '
')
ds4: glm mtp cycle: verify2 35.5 ms, head+draft 4.4 ms, ACCEPT [save 0.0 forward 35.5 row0-head 1.7 post 2.7] margin 6.6405 (draft 656 ' self' vs true 656 ' self')
ds4: glm mtp cycle: verify2 35.7 ms, head+draft 4.5 ms, ACCEPT [save 0.0 forward 35.7 row0-head 1.8 post 2.8] margin 6.42322 (draft 25 ':' vs true 25 ':')
ds4: glm mtp cycle: verify2 36.0 ms, head+draft 4.6 ms, ACCEPT [save 0.0 forward 36.0 row0-head 1.8 post 2.7] margin 8.83015 (draft 59734 '["_' vs true 59734 '["_')
0914 04:12:17 ds4-server: chat ctx=156..206:50 gen=150 decoding chunk=48.40 t/s avg=45.71 t/s 3.282s
ds4: glm mtp cycle: verify2 35.7 ms, head+draft 4.5 ms, ACCEPT [save 0.0 forward 35.7 row0-head 1.8 post 2.7] margin 6.46998 (draft 1341 '"]' vs true 1341 '"]')
ds4: glm mtp cycle: verify2 35.9 ms, head+draft 4.4 ms, ACCEPT [save 0.0 forward 35.9 row0-head 1.7 post 2.7] margin 11.5689 (draft 2240 ' None' vs true 2240 ' None')
ds4: glm mtp cycle: verify2 35.9 ms, head+draft 4.4 ms, ACCEPT [save 0.0 forward 35.9 row0-head 1.7 post 2.7] margin 7.14583 (draft 262 '   ' vs true 262 '   ')
ds4: glm mtp cycle: verify2 35.8 ms, head+draft 4.5 ms, ACCEPT [save 0.0 forward 35.8 row0-head 1.8 post 2.7] margin 4.74728 (draft 1304 ' __' vs true 1304 ' __')
ds4: glm mtp cycle: verify2 35.9 ms, head+draft 4.5 ms, ACCEPT [save 0.0 forward 35.9 row0-head 1.7 post 2.9] margin 7.85375 (draft 3804 '__(' vs true 3804 '__(')
ds4: glm mtp cycle: verify2 36.0 ms, head+draft 4.5 ms, ACCEPT [save 0.0 forward 36.0 row0-head 1.7 post 2.7] margin 9.40261 (draft 8 ')' vs true 8 ')')
ds4: glm mtp cycle: verify2 35.9 ms, head+draft 4.8 ms, ACCEPT [save 0.0 forward 35.9 row0-head 1.7 post 3.0] margin 11.5029 (draft 607 ' str' vs true 607 ' str')
ds4: glm mtp cycle: verify2 35.7 ms, head+draft 4.4 ms, ACCEPT [save 0.0 forward 35.7 row0-head 1.7 post 2.7] margin 7.35799 (draft 220 ' ' vs true 220 ' ')
ds4: glm mtp cycle: verify2 35.9 ms, head+draft 4.5 ms, ACCEPT [save 0.0 forward 35.9 row0-head 1.8 post 2.7] margin 5.55303 (draft 61684 ' pragma' vs true 61684 ' pragma')
ds4: glm mtp cycle: verify2 36.0 ms, head+draft 4.5 ms, ACCEPT [save 0.0 forward 36.0 row0-head 1.7 post 2.8] margin 7.60507 (draft 902 ' no' vs true 902 ' no')
ds4: glm mtp confidence skip: margin 0.894182 < 1
ds4: glm mtp cycle: verify2 35.7 ms, head+draft 4.4 ms, ACCEPT [save 0.0 forward 35.7 row0-head 1.7 post 2.7] margin 1.39677 (draft 27610 ' debugging' vs true 27610 ' debugging')
ds4: glm mtp cycle: verify2 36.3 ms, head+draft 4.4 ms, ACCEPT [save 0.0 forward 36.3 row0-head 1.7 post 2.7] margin 1.78493 (draft 198 '
' vs true 198 '
')
ds4: glm mtp cycle: verify2 35.6 ms, head+draft 4.3 ms, ACCEPT [save 0.0 forward 35.6 row0-head 1.7 post 2.7] margin 5.63021 (draft 470 ' return' vs true 470 ' return')
ds4: glm mtp confidence skip: margin 0.566599 < 1
ds4: glm mtp cycle: verify2 36.0 ms, head+draft 4.4 ms, ACCEPT [save 0.0 forward 35.9 row0-head 1.7 post 2.7] margin 13.4267 (draft 1955 'Node' vs true 1955 'Node')
ds4: glm mtp cycle: verify2 35.6 ms, head+draft 4.3 ms, ACCEPT [save 0.0 forward 35.6 row0-head 1.6 post 2.7] margin 1.61559 (draft 721 'self' vs true 721 'self')
ds4: glm mtp cycle: verify2 36.1 ms, head+draft 4.4 ms, ACCEPT [save 0.0 forward 36.1 row0-head 1.7 post 2.7] margin 11.605 (draft 0 '!' vs true 0 '!')
ds4: glm mtp cycle: verify2 35.6 ms, head+draft 4.4 ms, ACCEPT [save 0.0 forward 35.6 row0-head 1.7 post 2.8] margin 3.94311 (draft 2137 '},' vs true 2137 '},')
ds4: glm mtp cycle: verify2 36.1 ms, head+draft 4.4 ms, ACCEPT [save 0.0 forward 36.1 row0-head 1.8 post 2.6] margin 11.6145 (draft 721 'self' vs true 721 'self')
ds4: glm mtp cycle: verify2 35.7 ms, head+draft 4.4 ms, ACCEPT [save 0.0 forward 35.7 row0-head 1.7 post 2.7] margin 11.381 (draft 0 '!' vs true 0 '!')
ds4: glm mtp cycle: verify2 36.2 ms, head+draft 4.5 ms, ACCEPT [save 0.0 forward 36.2 row0-head 1.7 post 2.8] margin 10.025 (draft 5410 '})' vs true 5410 '})')
ds4: glm mtp cycle: verify2 35.7 ms, head+draft 4.4 ms, ACCEPT [save 0.0 forward 35.7 row0-head 1.7 post 2.7] margin 9.49447 (draft 1040 'class' vs true 1040 'class')
ds4: glm mtp cycle: verify2 36.0 ms, head+draft 4.4 ms, ACCEPT [save 0.0 forward 36.0 row0-head 1.7 post 2.8] margin 4.63385 (draft 5459 'UC' vs true 5459 'UC')
ds4: glm mtp cycle: verify2 35.9 ms, head+draft 4.4 ms, ACCEPT [save 0.0 forward 35.9 row0-head 1.7 post 2.7] margin 5.27923 (draft 510 ':
' vs true 510 ':
')
ds4: glm mtp confidence skip: margin 0.780663 < 1
0914 04:12:18 ds4-server: chat ctx=206..256:50 gen=200 decoding chunk=49.29 t/s avg=46.55 t/s 4.296s
ds4: glm mtp cycle: verify2 36.0 ms, head+draft 4.5 ms, ACCEPT [save 0.0 forward 36.0 row0-head 1.7 post 2.7] margin 5.06097 (draft 262 '   ' vs true 262 '   ')
ds4: glm mtp confidence skip: margin 0.00866604 < 1
ds4: glm mtp cycle: verify2 36.2 ms, head+draft 4.5 ms, ACCEPT [save 0.0 forward 36.2 row0-head 1.7 post 2.7] margin 3.35026 (draft 44871 'Recently' vs true 44871 'Recently')
ds4: glm mtp cycle: verify2 36.4 ms, head+draft 4.5 ms, ACCEPT [save 0.0 forward 36.4 row0-head 1.7 post 2.8] margin 5.9216 (draft 22682 'Used' vs true 22682 'Used')
ds4: glm mtp cycle: verify2 36.1 ms, head+draft 4.3 ms, ACCEPT [save 0.0 forward 36.1 row0-head 1.7 post 2.6] margin 3.32054 (draft 448 ' with' vs true 448 ' with')
ds4: glm mtp cycle: verify2 36.4 ms, head+draft 4.4 ms, ACCEPT [save 0.0 forward 36.4 row0-head 1.7 post 2.7] margin 3.84214 (draft 7 '(' vs true 7 '(')
ds4: glm mtp cycle: verify2 36.1 ms, head+draft 4.4 ms, ACCEPT [save 0.0 forward 36.1 row0-head 1.8 post 2.6] margin 9.70247 (draft 8 ')' vs true 8 ')')
ds4: glm mtp confidence skip: margin 0.3304 < 1
ds4: glm mtp cycle: verify2 36.4 ms, head+draft 4.6 ms, ACCEPT [save 0.0 forward 36.4 row0-head 1.7 post 2.8] margin 6.7448 (draft 628 'put' vs true 628 'put')
ds4: glm mtp cycle: verify2 36.1 ms, head+draft 4.3 ms, ACCEPT [save 0.0 forward 36.1 row0-head 1.6 post 2.7] margin 5.96412 (draft 262 '   ' vs true 262 '   ')
ds4: glm mtp cycle: verify2 36.8 ms, head+draft 4.5 ms, ACCEPT [save 0.0 forward 36.8 row0-head 1.7 post 2.8] margin 3.596 (draft 54247 'variants' vs true 54247 'variants')
ds4: glm mtp confidence skip: margin 0.213505 < 1
ds4: glm mtp cycle: verify2 35.9 ms, head+draft 4.5 ms, ACCEPT [save 0.0 forward 35.9 row0-head 1.7 post 2.8] margin 6.78961 (draft 481 ' -' vs true 481 ' -')
ds4: glm mtp confidence skip: margin 0.0557423 < 1
ds4: glm mtp confidence skip: margin 0.686526 < 1
ds4: glm mtp cycle: verify2 36.2 ms, head+draft 4.4 ms, ACCEPT [save 0.0 forward 36.2 row0-head 1.7 post 2.7] margin 1.72813 (draft 66346 ' <->' vs true 66346 ' <->')
ds4: glm mtp cycle: verify2 36.4 ms, head+draft 4.1 ms, reject [save 0.0 forward 36.4 row0-head 1.7 post 2.4] margin 3.65873 (draft 66346 ' <->' vs true 320 ' (')
ds4: glm mtp cycle: verify2 36.2 ms, head+draft 4.5 ms, ACCEPT [save 0.0 forward 36.2 row0-head 1.7 post 2.7] margin 1.90351 (draft 24438 'sent' vs true 24438 'sent')
ds4: glm mtp cycle: verify2 36.5 ms, head+draft 4.4 ms, ACCEPT [save 0.0 forward 36.5 row0-head 1.7 post 2.7] margin 5.49956 (draft 2010 'els' vs true 2010 'els')
ds4: glm mtp confidence skip: margin 0.724066 < 1
ds4: glm mtp confidence skip: margin 0.886194 < 1
ds4: glm mtp cycle: verify2 36.1 ms, head+draft 4.5 ms, ACCEPT [save 0.0 forward 36.1 row0-head 1.7 post 2.8] margin 3.06002 (draft 374 ' is' vs true 374 ' is')
ds4: glm mtp cycle: verify2 36.3 ms, head+draft 4.3 ms, ACCEPT [save 0.0 forward 36.3 row0-head 1.7 post 2.6] margin 1.68719 (draft 28234 ' MR' vs true 28234 ' MR')
ds4: glm mtp cycle: verify2 36.5 ms, head+draft 4.0 ms, reject [save 0.0 forward 36.5 row0-head 1.7 post 2.3] margin 2.39037 (draft 345 ',
' vs true 4343 ' entry')
ds4: glm mtp cycle: verify2 36.4 ms, head+draft 4.3 ms, ACCEPT [save 0.0 forward 36.4 row0-head 1.7 post 2.7] margin 3.87829 (draft 345 ',
' vs true 345 ',
')
ds4: glm mtp cycle: verify2 36.4 ms, head+draft 4.3 ms, ACCEPT [save 0.0 forward 36.4 row0-head 1.6 post 2.7] margin 4.98788 (draft 9782 ' tail' vs true 9782 ' tail')
ds4: glm mtp cycle: verify2 36.9 ms, head+draft 4.4 ms, ACCEPT [save 0.0 forward 36.9 row0-head 1.7 post 2.8] margin 10.1654 (draft 374 ' is' vs true 374 ' is')
ds4: glm mtp cycle: verify2 37.1 ms, head+draft 4.8 ms, ACCEPT [save 0.0 forward 37.1 row0-head 1.8 post 3.0] margin 10.8277 (draft 444 ' L' vs true 444 ' L')
ds4: glm mtp cycle: verify2 36.8 ms, head+draft 4.5 ms, ACCEPT [save 0.0 forward 36.8 row0-head 1.7 post 2.8] margin 9.48736 (draft 4343 ' entry' vs true 4343 ' entry')
ds4: glm mtp confidence skip: margin 0.638548 < 1
0914 04:12:19 ds4-server: chat ctx=256..306:50 gen=250 decoding chunk=44.38 t/s avg=46.10 t/s 5.423s
ds4: glm mtp cycle: verify2 36.6 ms, head+draft 4.4 ms, ACCEPT [save 0.0 forward 36.6 row0-head 1.7 post 2.7] margin 13.549 (draft 481 ' -' vs true 481 ' -')
ds4: glm mtp cycle: verify2 36.2 ms, head+draft 4.5 ms, ACCEPT [save 0.0 forward 36.2 row0-head 1.7 post 2.7] margin 3.92046 (draft 1436 '._' vs true 1436 '._')
ds4: glm mtp cycle: verify2 36.9 ms, head+draft 4.1 ms, reject [save 0.0 forward 36.9 row0-head 1.7 post 2.3] margin 1.31797 (draft 8156 '[key' vs true 14034 ' maps')
ds4: glm mtp confidence skip: margin 0.246754 < 1
0914 04:12:19 ds4-server: chat ctx=306..312:6 gen=256 decoding chunk=39.52 t/s avg=45.92 t/s 5.575s
0914 04:12:19 ds4-server: chat ctx=0..56:56 gen=256 finish=length 5.962s
0914 04:12:19 ds4-server: live kv cache miss live=312 prompt=57 common=10 vision=match reason=token-mismatch
0914 04:12:19 ds4-server: chat ctx=0..57:57 prompt start
0914 04:12:20 ds4-server: chat ctx=0..57:57 prefill chunk 57/57 (100.0%) chunk=157.59 t/s avg=157.59 t/s 0.362s
0914 04:12:20 ds4-server: chat ctx=0..57:57 prompt done 0.365s
ds4: glm mtp confidence skip: margin 0.934313 < 1
ds4: glm mtp confidence skip: margin 0.250368 < 1
ds4: glm mtp cycle: verify2 35.3 ms, head+draft 4.1 ms, reject [save 0.0 forward 35.3 row0-head 1.8 post 2.3] margin 1.18316 (draft 54627 ' Tomorrow' vs true 5126 ' Point')
ds4: glm mtp confidence skip: margin 0.274131 < 1
ds4: glm mtp confidence skip: margin 0.103869 < 1
ds4: glm mtp confidence skip: margin 0.548133 < 1
ds4: glm mtp cycle: verify2 35.4 ms, head+draft 4.4 ms, ACCEPT [save 0.0 forward 35.4 row0-head 1.7 post 2.7] margin 3.79059 (draft 271 '

' vs true 271 '

')
ds4: glm mtp cycle: verify2 35.3 ms, head+draft 4.1 ms, reject [save 0.0 forward 35.3 row0-head 1.7 post 2.4] margin 1.49499 (draft 279 ' the' vs true 8831 'ira')
ds4: glm mtp cycle: verify2 35.4 ms, head+draft 4.0 ms, reject [save 0.0 forward 35.4 row0-head 1.7 post 2.3] margin 1.01284 (draft 19813 ' Hal' vs true 647 ' V')
ds4: glm mtp cycle: verify2 35.3 ms, head+draft 4.4 ms, ACCEPT [save 0.0 forward 35.3 row0-head 1.7 post 2.7] margin 1.38902 (draft 3662 'oss' vs true 3662 'oss')
ds4: glm mtp confidence skip: margin 0.157585 < 1
ds4: glm mtp cycle: verify2 36.0 ms, head+draft 4.3 ms, ACCEPT [save 0.0 forward 36.0 row0-head 1.6 post 2.7] margin 2.57316 (draft 279 ' the' vs true 279 ' the')
ds4: glm mtp cycle: verify2 35.3 ms, head+draft 4.0 ms, reject [save 0.0 forward 35.3 row0-head 1.7 post 2.4] margin 4.81009 (draft 2410 ' Ad' vs true 518 ' at')
ds4: glm mtp cycle: verify2 35.4 ms, head+draft 4.3 ms, ACCEPT [save 0.0 forward 35.4 row0-head 1.7 post 2.7] margin 1.71492 (draft 5126 ' Point' vs true 5126 ' Point')
ds4: glm mtp cycle: verify2 35.6 ms, head+draft 4.6 ms, ACCEPT [save 0.0 forward 35.6 row0-head 1.8 post 2.8] margin 8.25296 (draft 301 'el' vs true 301 'el')
ds4: glm mtp cycle: verify2 35.6 ms, head+draft 4.5 ms, ACCEPT [save 0.0 forward 35.6 row0-head 1.7 post 2.8] margin 6.8804 (draft 369 ' for' vs true 369 ' for')
ds4: glm mtp cycle: verify2 35.3 ms, head+draft 4.4 ms, ACCEPT [save 0.0 forward 35.3 row0-head 1.7 post 2.7] margin 5.72183 (draft 1635 ' years' vs true 1635 ' years')
ds4: glm mtp cycle: verify2 35.0 ms, head+draft 4.5 ms, ACCEPT [save 0.0 forward 35.0 row0-head 1.8 post 2.7] margin 5.733 (draft 323 ' and' vs true 323 ' and')
ds4: glm mtp cycle: verify2 35.4 ms, head+draft 4.5 ms, ACCEPT [save 0.0 forward 35.4 row0-head 1.7 post 2.8] margin 3.47001 (draft 43958 ' eleven' vs true 43958 ' eleven')
ds4: glm mtp cycle: verify2 35.2 ms, head+draft 4.5 ms, ACCEPT [save 0.0 forward 35.2 row0-head 1.7 post 2.8] margin 1.19094 (draft 1340 ' she' vs true 1340 ' she')
ds4: glm mtp confidence skip: margin 0.918219 < 1
ds4: glm mtp cycle: verify2 35.3 ms, head+draft 4.0 ms, reject [save 0.0 forward 35.3 row0-head 1.7 post 2.3] margin 1.01488 (draft 279 ' the' vs true 429 ' that')
ds4: glm mtp cycle: verify2 35.6 ms, head+draft 4.4 ms, ACCEPT [save 0.0 forward 35.6 row0-head 1.8 post 2.7] margin 3.93963 (draft 279 ' the' vs true 279 ' the')
ds4: glm mtp confidence skip: margin 0.31876 < 1
ds4: glm mtp confidence skip: margin 0.652627 < 1
ds4: glm mtp cycle: verify2 35.2 ms, head+draft 4.5 ms, ACCEPT [save 0.0 forward 35.2 row0-head 1.8 post 2.7] margin 1.56799 (draft 2326 ' three' vs true 2326 ' three')
ds4: glm mtp cycle: verify2 35.3 ms, head+draft 4.6 ms, ACCEPT [save 0.0 forward 35.3 row0-head 1.8 post 2.8] margin 5.95999 (draft 25 ':' vs true 25 ':')
ds4: glm mtp cycle: verify2 35.3 ms, head+draft 4.1 ms, reject [save 0.0 forward 35.3 row0-head 1.7 post 2.4] margin 2.61645 (draft 30132 ' fog' vs true 9915 ' crash')
ds4: glm mtp cycle: verify2 35.2 ms, head+draft 4.5 ms, ACCEPT [save 0.0 forward 35.2 row0-head 1.7 post 2.7] margin 1.62653 (draft 315 ' of' vs true 315 ' of')
ds4: glm mtp cycle: verify2 35.3 ms, head+draft 4.1 ms, reject [save 0.0 forward 35.3 row0-head 1.8 post 2.3] margin 2.305 (draft 11 ',' vs true 388 'ers')
ds4: glm mtp cycle: verify2 35.8 ms, head+draft 4.3 ms, ACCEPT [save 0.0 forward 35.8 row0-head 1.7 post 2.6] margin 3.27066 (draft 11 ',' vs true 11 ',')
ds4: glm mtp confidence skip: margin 0.116748 < 1
ds4: glm mtp cycle: verify2 35.0 ms, head+draft 4.0 ms, reject [save 0.0 forward 35.0 row0-head 1.7 post 2.3] margin 2.33627 (draft 315 ' of' vs true 4544 ' mo')
ds4: glm mtp cycle: verify2 35.1 ms, head+draft 4.4 ms, ACCEPT [save 0.0 forward 35.1 row0-head 1.7 post 2.7] margin 2.20096 (draft 276 'an' vs true 276 'an')
0914 04:12:21 ds4-server: chat ctx=57..107:50 gen=50 decoding chunk=39.61 t/s avg=39.61 t/s 1.262s
ds4: glm mtp cycle: verify2 35.2 ms, head+draft 4.4 ms, ACCEPT [save 0.0 forward 35.2 row0-head 1.7 post 2.7] margin 3.57485 (draft 30132 ' fog' vs true 30132 ' fog')
ds4: glm mtp cycle: verify2 35.4 ms, head+draft 4.3 ms, ACCEPT [save 0.0 forward 35.4 row0-head 1.6 post 2.7] margin 1.98845 (draft 323 ' and' vs true 323 ' and')
ds4: glm mtp cycle: verify2 35.4 ms, head+draft 4.4 ms, ACCEPT [save 0.0 forward 35.4 row0-head 1.7 post 2.7] margin 3.19879 (draft 21114 ' silence' vs true 21114 ' silence')
ds4: glm mtp cycle: verify2 35.3 ms, head+draft 4.4 ms, ACCEPT [save 0.0 forward 35.3 row0-head 1.7 post 2.7] margin 3.30399 (draft 1105 ' them' vs true 1105 ' them')
ds4: glm mtp cycle: verify2 35.3 ms, head+draft 4.1 ms, reject [save 0.0 forward 35.3 row0-head 1.7 post 2.3] margin 1.0349 (draft 576 ' The' vs true 53852 ' Tonight')
ds4: glm mtp cycle: verify2 35.3 ms, head+draft 4.0 ms, reject [save 0.0 forward 35.3 row0-head 1.7 post 2.3] margin 1.56212 (draft 1340 ' she' vs true 432 ' it')
ds4: glm mtp cycle: verify2 35.3 ms, head+draft 4.0 ms, reject [save 0.0 forward 35.3 row0-head 1.7 post 2.3] margin 1.25159 (draft 572 ' was' vs true 12284 ' spoke')
ds4: glm mtp cycle: verify2 35.6 ms, head+draft 4.5 ms, ACCEPT [save 0.0 forward 35.6 row0-head 1.7 post 2.7] margin 1.16586 (draft 304 ' in' vs true 304 ' in')
ds4: glm mtp cycle: verify2 35.1 ms, head+draft 4.4 ms, ACCEPT [save 0.0 forward 35.1 row0-head 1.7 post 2.7] margin 1.20065 (draft 11731 ' fourth' vs true 11731 ' fourth')
ds4: glm mtp confidence skip: margin 0.854927 < 1
ds4: glm mtp cycle: verify2 35.3 ms, head+draft 4.3 ms, reject [save 0.0 forward 35.3 row0-head 1.8 post 2.5] margin 1.41738 (draft 279 ' the' vs true 5112 ' sound')
ds4: glm mtp cycle: verify2 35.3 ms, head+draft 4.0 ms, reject [save 0.0 forward 35.3 row0-head 1.7 post 2.2] margin 1.28745 (draft 315 ' of' vs true 1340 ' she')
ds4: glm mtp cycle: verify2 35.2 ms, head+draft 4.4 ms, ACCEPT [save 0.0 forward 35.2 row0-head 1.8 post 2.7] margin 5.78045 (draft 1030 ' had' vs true 1030 ' had')
ds4: glm mtp cycle: verify2 35.1 ms, head+draft 4.5 ms, ACCEPT [save 0.0 forward 35.1 row0-head 1.8 post 2.8] margin 1.48688 (draft 829 ' name' vs true 829 ' name')
ds4: glm mtp cycle: verify2 35.6 ms, head+draft 4.1 ms, reject [save 0.0 forward 35.6 row0-head 1.7 post 2.4] margin 1.68063 (draft 382 '.

' vs true 11 ',')
ds4: glm mtp cycle: verify2 35.5 ms, head+draft 4.5 ms, ACCEPT [save 0.0 forward 35.5 row0-head 1.7 post 2.7] margin 1.6052 (draft 1075 ' like' vs true 1075 ' like')
ds4: glm mtp cycle: verify2 35.2 ms, head+draft 4.1 ms, reject [save 0.0 forward 35.2 row0-head 1.7 post 2.4] margin 1.43056 (draft 5567 ' paper' vs true 28319 ' bell')
ds4: glm mtp confidence skip: margin 0.297987 < 1
ds4: glm mtp cycle: verify2 35.3 ms, head+draft 4.3 ms, ACCEPT [save 0.0 forward 35.3 row0-head 1.7 post 2.6] margin 7.86918 (draft 70 'g' vs true 70 'g')
ds4: glm mtp cycle: verify2 35.5 ms, head+draft 4.1 ms, reject [save 0.0 forward 35.5 row0-head 1.8 post 2.3] margin 3.27988 (draft 382 '.

' vs true 11 ',')
ds4: glm mtp cycle: verify2 35.5 ms, head+draft 4.0 ms, reject [save 0.0 forward 35.5 row0-head 1.7 post 2.3] margin 4.83308 (draft 1075 ' like' vs true 6617 ' heard')
ds4: glm mtp confidence skip: margin 0.0241861 < 1
ds4: glm mtp cycle: verify2 35.4 ms, head+draft 4.1 ms, reject [save 0.0 forward 35.4 row0-head 1.8 post 2.4] margin 1.86956 (draft 4766 ' inside' vs true 279 ' the')
ds4: glm mtp cycle: verify2 35.3 ms, head+draft 4.4 ms, ACCEPT [save 0.0 forward 35.3 row0-head 1.6 post 2.7] margin 1.53963 (draft 4766 ' inside' vs true 4766 ' inside')
ds4: glm mtp confidence skip: margin 0.856991 < 1
ds4: glm mtp cycle: verify2 35.0 ms, head+draft 4.3 ms, reject [save 0.0 forward 35.0 row0-head 1.8 post 2.4] margin 1.58564 (draft 1340 ' she' vs true 1943 ' message')
ds4: glm mtp confidence skip: margin 0.365738 < 1
ds4: glm mtp cycle: verify2 35.3 ms, head+draft 4.0 ms, reject [save 0.0 forward 35.3 row0-head 1.7 post 2.3] margin 2.49496 (draft 389 ' on' vs true 518 ' at')
ds4: GLM MTP adaptive suspended (6/15, 40.0%); plain decode for 128 tokens
0914 04:12:22 ds4-server: chat ctx=107..157:50 gen=100 decoding chunk=38.19 t/s avg=38.89 t/s 2.571s
0914 04:12:23 ds4-server: shutdown requested, draining requests
