ds4: Metal device Apple M5 Max, 128.00 GiB RAM
ds4: Metal 4 tensor API enabled for Tensor kernels
ds4: drift-patch flags hc_stable=on norm_unify=on kv_raw_f32=off rope_exp2_log2=off math_safe=off tensor_matmul=on
ds4: Metal model views created in 2.618 ms, residency requested in 412.594 ms, warmup 3.390 ms (mapped 82185.67 MiB from offset 5.09 MiB)
ds4: Metal mapped mmaped model as 1 overlapping shared buffers
ds4: metal backend initialized for graph diagnostics
ds4: memory: KV 0.37 GiB (raw 0.34 + compressed 0.03) + buffers 0.03 GiB + resident model 80.26 GiB = 80.66 GiB planned
ds4: memory detail: ctx=4096 prefill_cap=4096 raw_kv_rows=4096 compressed_kv_rows=1026 backend=metal
0906 11:51:58 ds4-server: context buffers 410.29 MiB (ctx=4096, backend=metal, prefill_chunk=4096, raw_kv_rows=4096, compressed_kv_rows=1026)
0906 11:51:58 ds4-server: listening on http://127.0.0.1:60858
0906 11:51:58 ds4-server: chat ctx=0..17:17 prompt start
0906 11:51:58 ds4-server: chat ctx=0..17:17 prompt done 0.331s
0906 11:51:58 ds4-server: chat ctx=0..17:17 greedy Metal chain start max=128
0906 11:51:59 ds4-server: chat ctx=17..67:50 gen=50 decoding chunk=42.12 t/s avg=42.12 t/s 1.187s
0906 11:52:01 ds4-server: chat ctx=67..117:50 gen=100 decoding chunk=39.98 t/s avg=41.02 t/s 2.438s
0906 11:52:01 ds4-server: chat ctx=117..145:28 gen=128 decoding chunk=38.63 t/s avg=40.47 t/s 3.162s
0906 11:52:01 ds4-server: chat ctx=0..17:17 gen=128 finish=length 3.494s
0906 11:52:01 ds4-server: live kv cache rewind-hit live=145 prompt=17 common=17 reused=16
0906 11:52:01 ds4-server: chat ctx=16..17:1 prompt start
0906 11:52:01 ds4-server: chat ctx=16..17:1 prompt done 0.024s
0906 11:52:01 ds4-server: chat ctx=16..17:1 greedy Metal chain start max=128
0906 11:52:03 ds4-server: chat ctx=17..67:50 gen=50 decoding chunk=42.23 t/s avg=42.23 t/s 1.184s
0906 11:52:04 ds4-server: chat ctx=67..117:50 gen=100 decoding chunk=40.45 t/s avg=41.32 t/s 2.420s
0906 11:52:04 ds4-server: chat ctx=117..145:28 gen=128 decoding chunk=38.63 t/s avg=40.70 t/s 3.145s
0906 11:52:04 ds4-server: chat ctx=16..17:1 gen=128 finish=length 3.169s
0906 11:52:04 ds4-server: live kv cache miss live=145 prompt=19 common=4 vision=match reason=token-mismatch
0906 11:52:04 ds4-server: chat ctx=0..19:19 prompt start
0906 11:52:05 ds4-server: chat ctx=0..19:19 prompt done 0.290s
0906 11:52:05 ds4-server: chat ctx=0..19:19 greedy Metal chain start max=128
0906 11:52:06 ds4-server: chat ctx=19..69:50 gen=50 decoding chunk=41.39 t/s avg=41.39 t/s 1.208s
0906 11:52:07 ds4-server: chat ctx=69..119:50 gen=100 decoding chunk=40.93 t/s avg=41.16 t/s 2.430s
0906 11:52:08 ds4-server: chat ctx=119..147:28 gen=128 decoding chunk=39.27 t/s avg=40.73 t/s 3.143s
0906 11:52:08 ds4-server: chat ctx=0..19:19 gen=128 finish=length 3.433s
0906 11:52:08 ds4-server: live kv cache miss live=147 prompt=24 common=2 vision=match reason=token-mismatch
0906 11:52:08 ds4-server: chat ctx=0..24:24 prompt start
0906 11:52:08 ds4-server: chat ctx=0..24:24 prompt done 0.313s
0906 11:52:08 ds4-server: chat ctx=0..24:24 greedy Metal chain start max=128
0906 11:52:09 ds4-server: chat ctx=24..74:50 gen=50 decoding chunk=41.63 t/s avg=41.63 t/s 1.201s
0906 11:52:11 ds4-server: chat ctx=74..124:50 gen=100 decoding chunk=41.21 t/s avg=41.42 t/s 2.414s
0906 11:52:11 ds4-server: chat ctx=124..152:28 gen=128 decoding chunk=38.87 t/s avg=40.83 t/s 3.135s
0906 11:52:11 ds4-server: chat ctx=0..24:24 gen=128 finish=length 3.448s
0906 11:52:11 ds4-server: live kv cache miss live=152 prompt=266 common=2 vision=match reason=token-mismatch
0906 11:52:11 ds4-server: chat ctx=0..266:266 prompt start
0906 11:52:12 ds4-server: chat ctx=0..266:266 prompt done 0.769s
0906 11:52:12 ds4-server: chat ctx=0..266:266 greedy Metal chain start max=256
0906 11:52:13 ds4-server: chat ctx=0..266:266 greedy Metal chain switching to prompt lookup after 23 tokens
0906 11:52:13 ds4-server: chat ctx=266..316:50 gen=50 decoding chunk=48.01 t/s avg=48.01 t/s 1.041s
0906 11:52:14 ds4-server: chat ctx=316..366:50 gen=100 decoding chunk=76.52 t/s avg=59.00 t/s 1.695s
0906 11:52:14 ds4-server: chat ctx=366..416:50 gen=150 decoding chunk=84.37 t/s avg=65.58 t/s 2.287s
0906 11:52:15 ds4-server: chat ctx=416..466:50 gen=200 decoding chunk=84.56 t/s avg=69.48 t/s 2.879s
0906 11:52:16 ds4-server: chat ctx=466..516:50 gen=250 decoding chunk=80.02 t/s avg=71.36 t/s 3.504s
0906 11:52:16 ds4-server: chat ctx=516..522:6 gen=256 decoding chunk=65.02 t/s avg=71.19 t/s 3.596s
0906 11:52:16 ds4-server: chat ctx=0..266:266 gen=256 finish=length 4.365s
0906 11:52:16 ds4-server: live kv cache miss live=522 prompt=421 common=2 vision=match reason=token-mismatch
0906 11:52:16 ds4-server: chat ctx=0..421:421 prompt start
0906 11:52:17 ds4-server: chat ctx=0..421:421 prompt done 0.970s
0906 11:52:17 ds4-server: chat ctx=0..421:421 greedy Metal chain start max=256
0906 11:52:18 ds4-server: chat ctx=0..421:421 greedy Metal chain switching to prompt lookup after 32 tokens
0906 11:52:18 ds4-server: chat ctx=421..471:50 gen=50 decoding chunk=35.85 t/s avg=35.85 t/s 1.395s
0906 11:52:19 ds4-server: chat ctx=471..521:50 gen=100 decoding chunk=57.90 t/s avg=44.29 t/s 2.258s
0906 11:52:20 ds4-server: chat ctx=521..571:50 gen=150 decoding chunk=75.12 t/s avg=51.30 t/s 2.924s
0906 11:52:20 ds4-server: chat ctx=571..599:28 gen=178 decoding chunk=106.84 t/s avg=55.87 t/s 3.186s
0906 11:52:20 ds4-server: chat ctx=0..421:421 gen=178 finish=stop 4.156s
0906 11:52:20 ds4-server: live kv cache miss live=599 prompt=17 common=2 vision=match reason=token-mismatch
0906 11:52:20 ds4-server: chat ctx=0..17:17 prompt start
0906 11:52:20 ds4-server: chat ctx=0..17:17 prompt done 0.236s
0906 11:52:21 ds4-server: chat ctx=17..44:27 gen=27 decoding chunk=46.13 t/s avg=46.13 t/s 0.585s
0906 11:52:21 ds4-server: chat ctx=0..17:17 gen=27 finish=stop 0.822s
0906 11:52:21 ds4-server: shutdown requested, draining requests
ds4: prompt-lookup summary: attempts=31 no_match=0 first_miss=0 verify_passes=31 drafted=327 committed=316 accept=96.6% tokens/pass=10.19 scan=0.02 ms total gate_skips=8 gate_partials=1 gate_ambiguous=0 parity_replays=0
